<!doctype html public "-//w3c//dtd html 4.0 transitional//en">
<html><head>
<title>Static Call Graph - [..\OBJ\JSRTU_V1.axf]</title></head>
<body><HR>
<H1>Static Call Graph for image ..\OBJ\JSRTU_V1.axf</H1><HR>
<BR><P>#&#060CALLGRAPH&#062# ARM Linker, 5060960: Last Updated: Thu Mar 07 08:49:14 2024
<BR><P>
<H3>Maximum Stack Usage =          0 bytes + Unknown(Cycles, Untraceable Function Pointers)</H3><H3>
Call chain for Maximum Stack Depth:</H3>

<P>
<H3>
Mutually Recursive functions
</H3> <LI><a href="#[20]">ADC_IRQHandler</a>&nbsp;&nbsp;&nbsp;&rArr;&nbsp;&nbsp;&nbsp;<a href="#[20]">ADC_IRQHandler</a><BR>
 <LI><a href="#[13f]">EC20_Restart</a>&nbsp;&nbsp;&nbsp;&rArr;&nbsp;&nbsp;&nbsp;<a href="#[be]">EC20_Init</a><BR>
</UL>
<P>
<H3>
Function Pointers
</H3><UL>
 <LI><a href="#[20]">ADC_IRQHandler</a> from startup_stm32f40_41xxx.o(.text) referenced from startup_stm32f40_41xxx.o(RESET)
 <LI><a href="#[8]">BusFault_Handler</a> from stm32f4xx_it.o(.text) referenced from startup_stm32f40_41xxx.o(RESET)
 <LI><a href="#[22]">CAN1_RX0_IRQHandler</a> from startup_stm32f40_41xxx.o(.text) referenced from startup_stm32f40_41xxx.o(RESET)
 <LI><a href="#[23]">CAN1_RX1_IRQHandler</a> from startup_stm32f40_41xxx.o(.text) referenced from startup_stm32f40_41xxx.o(RESET)
 <LI><a href="#[24]">CAN1_SCE_IRQHandler</a> from startup_stm32f40_41xxx.o(.text) referenced from startup_stm32f40_41xxx.o(RESET)
 <LI><a href="#[21]">CAN1_TX_IRQHandler</a> from startup_stm32f40_41xxx.o(.text) referenced from startup_stm32f40_41xxx.o(RESET)
 <LI><a href="#[4e]">CAN2_RX0_IRQHandler</a> from startup_stm32f40_41xxx.o(.text) referenced from startup_stm32f40_41xxx.o(RESET)
 <LI><a href="#[4f]">CAN2_RX1_IRQHandler</a> from startup_stm32f40_41xxx.o(.text) referenced from startup_stm32f40_41xxx.o(RESET)
 <LI><a href="#[50]">CAN2_SCE_IRQHandler</a> from startup_stm32f40_41xxx.o(.text) referenced from startup_stm32f40_41xxx.o(RESET)
 <LI><a href="#[4d]">CAN2_TX_IRQHandler</a> from startup_stm32f40_41xxx.o(.text) referenced from startup_stm32f40_41xxx.o(RESET)
 <LI><a href="#[5d]">CRYP_IRQHandler</a> from startup_stm32f40_41xxx.o(.text) referenced from startup_stm32f40_41xxx.o(RESET)
 <LI><a href="#[5c]">DCMI_IRQHandler</a> from startup_stm32f40_41xxx.o(.text) referenced from startup_stm32f40_41xxx.o(RESET)
 <LI><a href="#[19]">DMA1_Stream0_IRQHandler</a> from startup_stm32f40_41xxx.o(.text) referenced from startup_stm32f40_41xxx.o(RESET)
 <LI><a href="#[1a]">DMA1_Stream1_IRQHandler</a> from startup_stm32f40_41xxx.o(.text) referenced from startup_stm32f40_41xxx.o(RESET)
 <LI><a href="#[1b]">DMA1_Stream2_IRQHandler</a> from startup_stm32f40_41xxx.o(.text) referenced from startup_stm32f40_41xxx.o(RESET)
 <LI><a href="#[1c]">DMA1_Stream3_IRQHandler</a> from startup_stm32f40_41xxx.o(.text) referenced from startup_stm32f40_41xxx.o(RESET)
 <LI><a href="#[1d]">DMA1_Stream4_IRQHandler</a> from startup_stm32f40_41xxx.o(.text) referenced from startup_stm32f40_41xxx.o(RESET)
 <LI><a href="#[1e]">DMA1_Stream5_IRQHandler</a> from startup_stm32f40_41xxx.o(.text) referenced from startup_stm32f40_41xxx.o(RESET)
 <LI><a href="#[1f]">DMA1_Stream6_IRQHandler</a> from startup_stm32f40_41xxx.o(.text) referenced from startup_stm32f40_41xxx.o(RESET)
 <LI><a href="#[3d]">DMA1_Stream7_IRQHandler</a> from startup_stm32f40_41xxx.o(.text) referenced from startup_stm32f40_41xxx.o(RESET)
 <LI><a href="#[46]">DMA2_Stream0_IRQHandler</a> from startup_stm32f40_41xxx.o(.text) referenced from startup_stm32f40_41xxx.o(RESET)
 <LI><a href="#[47]">DMA2_Stream1_IRQHandler</a> from startup_stm32f40_41xxx.o(.text) referenced from startup_stm32f40_41xxx.o(RESET)
 <LI><a href="#[48]">DMA2_Stream2_IRQHandler</a> from startup_stm32f40_41xxx.o(.text) referenced from startup_stm32f40_41xxx.o(RESET)
 <LI><a href="#[49]">DMA2_Stream3_IRQHandler</a> from startup_stm32f40_41xxx.o(.text) referenced from startup_stm32f40_41xxx.o(RESET)
 <LI><a href="#[4a]">DMA2_Stream4_IRQHandler</a> from startup_stm32f40_41xxx.o(.text) referenced from startup_stm32f40_41xxx.o(RESET)
 <LI><a href="#[52]">DMA2_Stream5_IRQHandler</a> from startup_stm32f40_41xxx.o(.text) referenced from startup_stm32f40_41xxx.o(RESET)
 <LI><a href="#[53]">DMA2_Stream6_IRQHandler</a> from startup_stm32f40_41xxx.o(.text) referenced from startup_stm32f40_41xxx.o(RESET)
 <LI><a href="#[54]">DMA2_Stream7_IRQHandler</a> from startup_stm32f40_41xxx.o(.text) referenced from startup_stm32f40_41xxx.o(RESET)
 <LI><a href="#[b]">DebugMon_Handler</a> from stm32f4xx_it.o(.text) referenced from startup_stm32f40_41xxx.o(RESET)
 <LI><a href="#[4b]">ETH_IRQHandler</a> from startup_stm32f40_41xxx.o(.text) referenced from startup_stm32f40_41xxx.o(RESET)
 <LI><a href="#[4c]">ETH_WKUP_IRQHandler</a> from startup_stm32f40_41xxx.o(.text) referenced from startup_stm32f40_41xxx.o(RESET)
 <LI><a href="#[14]">EXTI0_IRQHandler</a> from startup_stm32f40_41xxx.o(.text) referenced from startup_stm32f40_41xxx.o(RESET)
 <LI><a href="#[36]">EXTI15_10_IRQHandler</a> from startup_stm32f40_41xxx.o(.text) referenced from startup_stm32f40_41xxx.o(RESET)
 <LI><a href="#[15]">EXTI1_IRQHandler</a> from startup_stm32f40_41xxx.o(.text) referenced from startup_stm32f40_41xxx.o(RESET)
 <LI><a href="#[16]">EXTI2_IRQHandler</a> from startup_stm32f40_41xxx.o(.text) referenced from startup_stm32f40_41xxx.o(RESET)
 <LI><a href="#[17]">EXTI3_IRQHandler</a> from startup_stm32f40_41xxx.o(.text) referenced from startup_stm32f40_41xxx.o(RESET)
 <LI><a href="#[18]">EXTI4_IRQHandler</a> from startup_stm32f40_41xxx.o(.text) referenced from startup_stm32f40_41xxx.o(RESET)
 <LI><a href="#[25]">EXTI9_5_IRQHandler</a> from startup_stm32f40_41xxx.o(.text) referenced from startup_stm32f40_41xxx.o(RESET)
 <LI><a href="#[12]">FLASH_IRQHandler</a> from startup_stm32f40_41xxx.o(.text) referenced from startup_stm32f40_41xxx.o(RESET)
 <LI><a href="#[5f]">FPU_IRQHandler</a> from startup_stm32f40_41xxx.o(.text) referenced from startup_stm32f40_41xxx.o(RESET)
 <LI><a href="#[3e]">FSMC_IRQHandler</a> from startup_stm32f40_41xxx.o(.text) referenced from startup_stm32f40_41xxx.o(RESET)
 <LI><a href="#[5e]">HASH_RNG_IRQHandler</a> from startup_stm32f40_41xxx.o(.text) referenced from startup_stm32f40_41xxx.o(RESET)
 <LI><a href="#[6]">HardFault_Handler</a> from stm32f4xx_it.o(.text) referenced from startup_stm32f40_41xxx.o(RESET)
 <LI><a href="#[2e]">I2C1_ER_IRQHandler</a> from startup_stm32f40_41xxx.o(.text) referenced from startup_stm32f40_41xxx.o(RESET)
 <LI><a href="#[2d]">I2C1_EV_IRQHandler</a> from startup_stm32f40_41xxx.o(.text) referenced from startup_stm32f40_41xxx.o(RESET)
 <LI><a href="#[30]">I2C2_ER_IRQHandler</a> from startup_stm32f40_41xxx.o(.text) referenced from startup_stm32f40_41xxx.o(RESET)
 <LI><a href="#[2f]">I2C2_EV_IRQHandler</a> from startup_stm32f40_41xxx.o(.text) referenced from startup_stm32f40_41xxx.o(RESET)
 <LI><a href="#[57]">I2C3_ER_IRQHandler</a> from startup_stm32f40_41xxx.o(.text) referenced from startup_stm32f40_41xxx.o(RESET)
 <LI><a href="#[56]">I2C3_EV_IRQHandler</a> from startup_stm32f40_41xxx.o(.text) referenced from startup_stm32f40_41xxx.o(RESET)
 <LI><a href="#[7]">MemManage_Handler</a> from stm32f4xx_it.o(.text) referenced from startup_stm32f40_41xxx.o(RESET)
 <LI><a href="#[5]">NMI_Handler</a> from stm32f4xx_it.o(.text) referenced from startup_stm32f40_41xxx.o(RESET)
 <LI><a href="#[51]">OTG_FS_IRQHandler</a> from startup_stm32f40_41xxx.o(.text) referenced from startup_stm32f40_41xxx.o(RESET)
 <LI><a href="#[38]">OTG_FS_WKUP_IRQHandler</a> from startup_stm32f40_41xxx.o(.text) referenced from startup_stm32f40_41xxx.o(RESET)
 <LI><a href="#[59]">OTG_HS_EP1_IN_IRQHandler</a> from startup_stm32f40_41xxx.o(.text) referenced from startup_stm32f40_41xxx.o(RESET)
 <LI><a href="#[58]">OTG_HS_EP1_OUT_IRQHandler</a> from startup_stm32f40_41xxx.o(.text) referenced from startup_stm32f40_41xxx.o(RESET)
 <LI><a href="#[5b]">OTG_HS_IRQHandler</a> from startup_stm32f40_41xxx.o(.text) referenced from startup_stm32f40_41xxx.o(RESET)
 <LI><a href="#[5a]">OTG_HS_WKUP_IRQHandler</a> from startup_stm32f40_41xxx.o(.text) referenced from startup_stm32f40_41xxx.o(RESET)
 <LI><a href="#[f]">PVD_IRQHandler</a> from startup_stm32f40_41xxx.o(.text) referenced from startup_stm32f40_41xxx.o(RESET)
 <LI><a href="#[c]">PendSV_Handler</a> from stm32f4xx_it.o(.text) referenced from startup_stm32f40_41xxx.o(RESET)
 <LI><a href="#[13]">RCC_IRQHandler</a> from startup_stm32f40_41xxx.o(.text) referenced from startup_stm32f40_41xxx.o(RESET)
 <LI><a href="#[37]">RTC_Alarm_IRQHandler</a> from startup_stm32f40_41xxx.o(.text) referenced from startup_stm32f40_41xxx.o(RESET)
 <LI><a href="#[11]">RTC_WKUP_IRQHandler</a> from startup_stm32f40_41xxx.o(.text) referenced from startup_stm32f40_41xxx.o(RESET)
 <LI><a href="#[4]">Reset_Handler</a> from startup_stm32f40_41xxx.o(.text) referenced from startup_stm32f40_41xxx.o(RESET)
 <LI><a href="#[3f]">SDIO_IRQHandler</a> from sdio_sdcard.o(.text) referenced from startup_stm32f40_41xxx.o(RESET)
 <LI><a href="#[31]">SPI1_IRQHandler</a> from startup_stm32f40_41xxx.o(.text) referenced from startup_stm32f40_41xxx.o(RESET)
 <LI><a href="#[32]">SPI2_IRQHandler</a> from startup_stm32f40_41xxx.o(.text) referenced from startup_stm32f40_41xxx.o(RESET)
 <LI><a href="#[41]">SPI3_IRQHandler</a> from startup_stm32f40_41xxx.o(.text) referenced from startup_stm32f40_41xxx.o(RESET)
 <LI><a href="#[a]">SVC_Handler</a> from stm32f4xx_it.o(.text) referenced from startup_stm32f40_41xxx.o(RESET)
 <LI><a href="#[d]">SysTick_Handler</a> from stm32f4xx_it.o(.text) referenced from startup_stm32f40_41xxx.o(RESET)
 <LI><a href="#[60]">SystemInit</a> from system_stm32f4xx.o(.text) referenced from startup_stm32f40_41xxx.o(.text)
 <LI><a href="#[10]">TAMP_STAMP_IRQHandler</a> from startup_stm32f40_41xxx.o(.text) referenced from startup_stm32f40_41xxx.o(RESET)
 <LI><a href="#[26]">TIM1_BRK_TIM9_IRQHandler</a> from startup_stm32f40_41xxx.o(.text) referenced from startup_stm32f40_41xxx.o(RESET)
 <LI><a href="#[29]">TIM1_CC_IRQHandler</a> from startup_stm32f40_41xxx.o(.text) referenced from startup_stm32f40_41xxx.o(RESET)
 <LI><a href="#[28]">TIM1_TRG_COM_TIM11_IRQHandler</a> from startup_stm32f40_41xxx.o(.text) referenced from startup_stm32f40_41xxx.o(RESET)
 <LI><a href="#[27]">TIM1_UP_TIM10_IRQHandler</a> from startup_stm32f40_41xxx.o(.text) referenced from startup_stm32f40_41xxx.o(RESET)
 <LI><a href="#[2a]">TIM2_IRQHandler</a> from timer.o(.text) referenced from startup_stm32f40_41xxx.o(RESET)
 <LI><a href="#[2b]">TIM3_IRQHandler</a> from timer.o(.text) referenced from startup_stm32f40_41xxx.o(RESET)
 <LI><a href="#[2c]">TIM4_IRQHandler</a> from timer.o(.text) referenced from startup_stm32f40_41xxx.o(RESET)
 <LI><a href="#[40]">TIM5_IRQHandler</a> from startup_stm32f40_41xxx.o(.text) referenced from startup_stm32f40_41xxx.o(RESET)
 <LI><a href="#[44]">TIM6_DAC_IRQHandler</a> from startup_stm32f40_41xxx.o(.text) referenced from startup_stm32f40_41xxx.o(RESET)
 <LI><a href="#[45]">TIM7_IRQHandler</a> from hc08.o(.text) referenced from startup_stm32f40_41xxx.o(RESET)
 <LI><a href="#[39]">TIM8_BRK_TIM12_IRQHandler</a> from startup_stm32f40_41xxx.o(.text) referenced from startup_stm32f40_41xxx.o(RESET)
 <LI><a href="#[3c]">TIM8_CC_IRQHandler</a> from startup_stm32f40_41xxx.o(.text) referenced from startup_stm32f40_41xxx.o(RESET)
 <LI><a href="#[3b]">TIM8_TRG_COM_TIM14_IRQHandler</a> from startup_stm32f40_41xxx.o(.text) referenced from startup_stm32f40_41xxx.o(RESET)
 <LI><a href="#[3a]">TIM8_UP_TIM13_IRQHandler</a> from startup_stm32f40_41xxx.o(.text) referenced from startup_stm32f40_41xxx.o(RESET)
 <LI><a href="#[42]">UART4_IRQHandler</a> from startup_stm32f40_41xxx.o(.text) referenced from startup_stm32f40_41xxx.o(RESET)
 <LI><a href="#[43]">UART5_IRQHandler</a> from startup_stm32f40_41xxx.o(.text) referenced from startup_stm32f40_41xxx.o(RESET)
 <LI><a href="#[33]">USART1_IRQHandler</a> from rs485.o(.text) referenced from startup_stm32f40_41xxx.o(RESET)
 <LI><a href="#[34]">USART2_IRQHandler</a> from usart.o(.text) referenced from startup_stm32f40_41xxx.o(RESET)
 <LI><a href="#[35]">USART3_IRQHandler</a> from hc08.o(.text) referenced from startup_stm32f40_41xxx.o(RESET)
 <LI><a href="#[55]">USART6_IRQHandler</a> from startup_stm32f40_41xxx.o(.text) referenced from startup_stm32f40_41xxx.o(RESET)
 <LI><a href="#[9]">UsageFault_Handler</a> from stm32f4xx_it.o(.text) referenced from startup_stm32f40_41xxx.o(RESET)
 <LI><a href="#[e]">WWDG_IRQHandler</a> from startup_stm32f40_41xxx.o(.text) referenced from startup_stm32f40_41xxx.o(RESET)
 <LI><a href="#[65]">__main</a> from __main.o(!!!main) referenced from startup_stm32f40_41xxx.o(.text)
 <LI><a href="#[63]">_printf_input_char</a> from _printf_char_common.o(.text) referenced from _printf_char_common.o(.text)
 <LI><a href="#[62]">_sputc</a> from _sputc.o(.text) referenced from noretval__2sprintf.o(.text)
 <LI><a href="#[64]">fputc</a> from usart.o(.text) referenced from _printf_char_file.o(.text)
</UL>
<P>
<H3>
Global Symbols
</H3>
<P><STRONG><a name="[65]"></a>__main</STRONG> (Thumb, 8 bytes, Stack size 0 bytes, __main.o(!!!main))
<BR><BR>[Calls]<UL><LI><a href="#[67]">&gt;&gt;</a>&nbsp;&nbsp;&nbsp;__rt_entry
<LI><a href="#[66]">&gt;&gt;</a>&nbsp;&nbsp;&nbsp;__scatterload
</UL>

<P><STRONG><a name="[66]"></a>__scatterload</STRONG> (Thumb, 0 bytes, Stack size 0 bytes, __scatter.o(!!!scatter))
<BR><BR>[Called By]<UL><LI><a href="#[65]">&gt;&gt;</a>&nbsp;&nbsp;&nbsp;__main
</UL>

<P><STRONG><a name="[68]"></a>__scatterload_rt2</STRONG> (Thumb, 44 bytes, Stack size 0 bytes, __scatter.o(!!!scatter), UNUSED)
<BR><BR>[Calls]<UL><LI><a href="#[67]">&gt;&gt;</a>&nbsp;&nbsp;&nbsp;__rt_entry
</UL>

<P><STRONG><a name="[69]"></a>_printf_f</STRONG> (Thumb, 0 bytes, Stack size 0 bytes, _printf_f.o(.ARM.Collect$$_printf_percent$$00000003))
<BR><BR>[Calls]<UL><LI><a href="#[6a]">&gt;&gt;</a>&nbsp;&nbsp;&nbsp;_printf_fp_dec
</UL>

<P><STRONG><a name="[24a]"></a>_printf_percent</STRONG> (Thumb, 0 bytes, Stack size 0 bytes, _printf_percent.o(.ARM.Collect$$_printf_percent$$00000000))
<BR><BR>[Called By]<UL><LI><a href="#[248]">&gt;&gt;</a>&nbsp;&nbsp;&nbsp;__printf
</UL>

<P><STRONG><a name="[6b]"></a>_printf_d</STRONG> (Thumb, 0 bytes, Stack size 0 bytes, _printf_d.o(.ARM.Collect$$_printf_percent$$00000009))
<BR><BR>[Calls]<UL><LI><a href="#[6c]">&gt;&gt;</a>&nbsp;&nbsp;&nbsp;_printf_int_dec
</UL>

<P><STRONG><a name="[6d]"></a>_printf_u</STRONG> (Thumb, 0 bytes, Stack size 0 bytes, _printf_u.o(.ARM.Collect$$_printf_percent$$0000000A))
<BR><BR>[Calls]<UL><LI><a href="#[6c]">&gt;&gt;</a>&nbsp;&nbsp;&nbsp;_printf_int_dec
</UL>

<P><STRONG><a name="[6e]"></a>_printf_x</STRONG> (Thumb, 0 bytes, Stack size 0 bytes, _printf_x.o(.ARM.Collect$$_printf_percent$$0000000C))
<BR><BR>[Calls]<UL><LI><a href="#[6f]">&gt;&gt;</a>&nbsp;&nbsp;&nbsp;_printf_int_hex
</UL>

<P><STRONG><a name="[70]"></a>_printf_s</STRONG> (Thumb, 0 bytes, Stack size 0 bytes, _printf_s.o(.ARM.Collect$$_printf_percent$$00000014))
<BR><BR>[Calls]<UL><LI><a href="#[71]">&gt;&gt;</a>&nbsp;&nbsp;&nbsp;_printf_string
</UL>

<P><STRONG><a name="[7b]"></a>__rt_lib_init</STRONG> (Thumb, 0 bytes, Stack size 0 bytes, libinit.o(.ARM.Collect$$libinit$$00000000))
<BR><BR>[Called By]<UL><LI><a href="#[7a]">&gt;&gt;</a>&nbsp;&nbsp;&nbsp;__rt_entry_li
</UL>

<P><STRONG><a name="[72]"></a>__rt_lib_init_fp_1</STRONG> (Thumb, 0 bytes, Stack size 0 bytes, libinit2.o(.ARM.Collect$$libinit$$00000001))
<BR><BR>[Calls]<UL><LI><a href="#[73]">&gt;&gt;</a>&nbsp;&nbsp;&nbsp;_fp_init
</UL>

<P><STRONG><a name="[74]"></a>__rt_lib_init_lc_common</STRONG> (Thumb, 0 bytes, Stack size 0 bytes, libinit2.o(.ARM.Collect$$libinit$$0000000F))
<BR><BR>[Calls]<UL><LI><a href="#[75]">&gt;&gt;</a>&nbsp;&nbsp;&nbsp;__rt_locale
</UL>

<P><STRONG><a name="[76]"></a>__rt_lib_init_lc_numeric_2</STRONG> (Thumb, 0 bytes, Stack size 0 bytes, libinit2.o(.ARM.Collect$$libinit$$00000016))
<BR><BR>[Calls]<UL><LI><a href="#[77]">&gt;&gt;</a>&nbsp;&nbsp;&nbsp;_get_lc_numeric
</UL>

<P><STRONG><a name="[80]"></a>__rt_lib_shutdown</STRONG> (Thumb, 0 bytes, Stack size 0 bytes, libshutdown.o(.ARM.Collect$$libshutdown$$00000000))
<BR><BR>[Called By]<UL><LI><a href="#[7f]">&gt;&gt;</a>&nbsp;&nbsp;&nbsp;__rt_exit_ls
</UL>

<P><STRONG><a name="[67]"></a>__rt_entry</STRONG> (Thumb, 0 bytes, Stack size 0 bytes, __rtentry.o(.ARM.Collect$$rtentry$$00000000))
<BR><BR>[Called By]<UL><LI><a href="#[65]">&gt;&gt;</a>&nbsp;&nbsp;&nbsp;__main
<LI><a href="#[68]">&gt;&gt;</a>&nbsp;&nbsp;&nbsp;__scatterload_rt2
</UL>

<P><STRONG><a name="[78]"></a>__rt_entry_sh</STRONG> (Thumb, 0 bytes, Stack size 0 bytes, __rtentry4.o(.ARM.Collect$$rtentry$$00000004))
<BR><BR>[Calls]<UL><LI><a href="#[79]">&gt;&gt;</a>&nbsp;&nbsp;&nbsp;__user_setup_stackheap
</UL>

<P><STRONG><a name="[7a]"></a>__rt_entry_li</STRONG> (Thumb, 0 bytes, Stack size 0 bytes, __rtentry2.o(.ARM.Collect$$rtentry$$0000000A))
<BR><BR>[Calls]<UL><LI><a href="#[7b]">&gt;&gt;</a>&nbsp;&nbsp;&nbsp;__rt_lib_init
</UL>

<P><STRONG><a name="[7c]"></a>__rt_entry_main</STRONG> (Thumb, 0 bytes, Stack size 0 bytes, __rtentry2.o(.ARM.Collect$$rtentry$$0000000D))
<BR><BR>[Calls]<UL><LI><a href="#[7d]">&gt;&gt;</a>&nbsp;&nbsp;&nbsp;main
<LI><a href="#[7e]">&gt;&gt;</a>&nbsp;&nbsp;&nbsp;exit
</UL>

<P><STRONG><a name="[25d]"></a>__rt_exit</STRONG> (Thumb, 0 bytes, Stack size 0 bytes, rtexit.o(.ARM.Collect$$rtexit$$00000000))
<BR><BR>[Called By]<UL><LI><a href="#[7e]">&gt;&gt;</a>&nbsp;&nbsp;&nbsp;exit
</UL>

<P><STRONG><a name="[7f]"></a>__rt_exit_ls</STRONG> (Thumb, 0 bytes, Stack size 0 bytes, rtexit2.o(.ARM.Collect$$rtexit$$00000003))
<BR><BR>[Calls]<UL><LI><a href="#[80]">&gt;&gt;</a>&nbsp;&nbsp;&nbsp;__rt_lib_shutdown
</UL>

<P><STRONG><a name="[81]"></a>__rt_exit_exit</STRONG> (Thumb, 0 bytes, Stack size 0 bytes, rtexit2.o(.ARM.Collect$$rtexit$$00000004))
<BR><BR>[Calls]<UL><LI><a href="#[82]">&gt;&gt;</a>&nbsp;&nbsp;&nbsp;_sys_exit
</UL>

<P><STRONG><a name="[1ce]"></a>INTX_DISABLE</STRONG> (Thumb, 4 bytes, Stack size 0 bytes, sys.o(.emb_text))
<BR><BR>[Called By]<UL><LI><a href="#[1d3]">&gt;&gt;</a>&nbsp;&nbsp;&nbsp;SD_WriteMultiBlocks
<LI><a href="#[1d2]">&gt;&gt;</a>&nbsp;&nbsp;&nbsp;SD_WriteBlock
<LI><a href="#[1d0]">&gt;&gt;</a>&nbsp;&nbsp;&nbsp;SD_ReadMultiBlocks
<LI><a href="#[1cc]">&gt;&gt;</a>&nbsp;&nbsp;&nbsp;SD_ReadBlock
</UL>

<P><STRONG><a name="[1cf]"></a>INTX_ENABLE</STRONG> (Thumb, 4 bytes, Stack size 0 bytes, sys.o(.emb_text))
<BR><BR>[Called By]<UL><LI><a href="#[1d3]">&gt;&gt;</a>&nbsp;&nbsp;&nbsp;SD_WriteMultiBlocks
<LI><a href="#[1d2]">&gt;&gt;</a>&nbsp;&nbsp;&nbsp;SD_WriteBlock
<LI><a href="#[1d0]">&gt;&gt;</a>&nbsp;&nbsp;&nbsp;SD_ReadMultiBlocks
<LI><a href="#[1cc]">&gt;&gt;</a>&nbsp;&nbsp;&nbsp;SD_ReadBlock
</UL>

<P><STRONG><a name="[83]"></a>sys_reset</STRONG> (Thumb, 94 bytes, Stack size 0 bytes, main.o(.text))
<BR><BR>[Calls]<UL><LI><a href="#[85]">&gt;&gt;</a>&nbsp;&nbsp;&nbsp;delay_ms
<LI><a href="#[84]">&gt;&gt;</a>&nbsp;&nbsp;&nbsp;SDWriteConfig
</UL>
<BR>[Called By]<UL><LI><a href="#[9c]">&gt;&gt;</a>&nbsp;&nbsp;&nbsp;parseEvent
</UL>

<P><STRONG><a name="[c2]"></a>test_data</STRONG> (Thumb, 186 bytes, Stack size 0 bytes, main.o(.text))
<BR><BR>[Called By]<UL><LI><a href="#[7d]">&gt;&gt;</a>&nbsp;&nbsp;&nbsp;main
</UL>

<P><STRONG><a name="[86]"></a>writeSD</STRONG> (Thumb, 34 bytes, Stack size 0 bytes, main.o(.text), UNUSED)
<BR><BR>[Calls]<UL><LI><a href="#[87]">&gt;&gt;</a>&nbsp;&nbsp;&nbsp;SD_WriteDisk
</UL>

<P><STRONG><a name="[88]"></a>readSD</STRONG> (Thumb, 40 bytes, Stack size 0 bytes, main.o(.text), UNUSED)
<BR><BR>[Calls]<UL><LI><a href="#[89]">&gt;&gt;</a>&nbsp;&nbsp;&nbsp;SD_ReadDisk
</UL>

<P><STRONG><a name="[8a]"></a>init_SD_Card</STRONG> (Thumb, 60 bytes, Stack size 0 bytes, main.o(.text))
<BR><BR>[Calls]<UL><LI><a href="#[85]">&gt;&gt;</a>&nbsp;&nbsp;&nbsp;delay_ms
<LI><a href="#[8b]">&gt;&gt;</a>&nbsp;&nbsp;&nbsp;SD_Init
</UL>
<BR>[Called By]<UL><LI><a href="#[7d]">&gt;&gt;</a>&nbsp;&nbsp;&nbsp;main
<LI><a href="#[9c]">&gt;&gt;</a>&nbsp;&nbsp;&nbsp;parseEvent
</UL>

<P><STRONG><a name="[8c]"></a>save_all_data</STRONG> (Thumb, 20 bytes, Stack size 0 bytes, main.o(.text))
<BR><BR>[Calls]<UL><LI><a href="#[84]">&gt;&gt;</a>&nbsp;&nbsp;&nbsp;SDWriteConfig
</UL>
<BR>[Called By]<UL><LI><a href="#[9c]">&gt;&gt;</a>&nbsp;&nbsp;&nbsp;parseEvent
</UL>

<P><STRONG><a name="[8d]"></a>GetBatteryVoltage</STRONG> (Thumb, 116 bytes, Stack size 0 bytes, main.o(.text))
<BR><BR>[Calls]<UL><LI><a href="#[8e]">&gt;&gt;</a>&nbsp;&nbsp;&nbsp;Get_Adc_Average
<LI><a href="#[8f]">&gt;&gt;</a>&nbsp;&nbsp;&nbsp;__aeabi_f2d
<LI><a href="#[90]">&gt;&gt;</a>&nbsp;&nbsp;&nbsp;__aeabi_dmul
<LI><a href="#[91]">&gt;&gt;</a>&nbsp;&nbsp;&nbsp;__aeabi_ddiv
<LI><a href="#[92]">&gt;&gt;</a>&nbsp;&nbsp;&nbsp;__aeabi_d2f
</UL>
<BR>[Called By]<UL><LI><a href="#[9c]">&gt;&gt;</a>&nbsp;&nbsp;&nbsp;parseEvent
</UL>

<P><STRONG><a name="[93]"></a>sendRS485Xaxie</STRONG> (Thumb, 380 bytes, Stack size 0 bytes, main.o(.text))
<BR><BR>[Calls]<UL><LI><a href="#[97]">&gt;&gt;</a>&nbsp;&nbsp;&nbsp;modBusCRC16
<LI><a href="#[99]">&gt;&gt;</a>&nbsp;&nbsp;&nbsp;appendUint32ToData
<LI><a href="#[96]">&gt;&gt;</a>&nbsp;&nbsp;&nbsp;appendUint16ToData
<LI><a href="#[98]">&gt;&gt;</a>&nbsp;&nbsp;&nbsp;RS485_Send_Data
<LI><a href="#[94]">&gt;&gt;</a>&nbsp;&nbsp;&nbsp;CheckDataLegality
<LI><a href="#[90]">&gt;&gt;</a>&nbsp;&nbsp;&nbsp;__aeabi_dmul
<LI><a href="#[95]">&gt;&gt;</a>&nbsp;&nbsp;&nbsp;__aeabi_d2uiz
</UL>
<BR>[Called By]<UL><LI><a href="#[9a]">&gt;&gt;</a>&nbsp;&nbsp;&nbsp;read_uart1
</UL>

<P><STRONG><a name="[9a]"></a>read_uart1</STRONG> (Thumb, 288 bytes, Stack size 0 bytes, main.o(.text))
<BR><BR>[Calls]<UL><LI><a href="#[9b]">&gt;&gt;</a>&nbsp;&nbsp;&nbsp;readWaterData
<LI><a href="#[93]">&gt;&gt;</a>&nbsp;&nbsp;&nbsp;sendRS485Xaxie
</UL>
<BR>[Called By]<UL><LI><a href="#[9c]">&gt;&gt;</a>&nbsp;&nbsp;&nbsp;parseEvent
</UL>

<P><STRONG><a name="[9c]"></a>parseEvent</STRONG> (Thumb, 154 bytes, Stack size 0 bytes, main.o(.text))
<BR><BR>[Calls]<UL><LI><a href="#[a1]">&gt;&gt;</a>&nbsp;&nbsp;&nbsp;update_lcd
<LI><a href="#[a3]">&gt;&gt;</a>&nbsp;&nbsp;&nbsp;setBluetoothName
<LI><a href="#[a0]">&gt;&gt;</a>&nbsp;&nbsp;&nbsp;read_uart3
<LI><a href="#[a2]">&gt;&gt;</a>&nbsp;&nbsp;&nbsp;handle_water_data
<LI><a href="#[9e]">&gt;&gt;</a>&nbsp;&nbsp;&nbsp;IWDG_Feed
<LI><a href="#[9f]">&gt;&gt;</a>&nbsp;&nbsp;&nbsp;EC20_parse
<LI><a href="#[9d]">&gt;&gt;</a>&nbsp;&nbsp;&nbsp;EC20_check
<LI><a href="#[9a]">&gt;&gt;</a>&nbsp;&nbsp;&nbsp;read_uart1
<LI><a href="#[8d]">&gt;&gt;</a>&nbsp;&nbsp;&nbsp;GetBatteryVoltage
<LI><a href="#[8c]">&gt;&gt;</a>&nbsp;&nbsp;&nbsp;save_all_data
<LI><a href="#[8a]">&gt;&gt;</a>&nbsp;&nbsp;&nbsp;init_SD_Card
<LI><a href="#[83]">&gt;&gt;</a>&nbsp;&nbsp;&nbsp;sys_reset
</UL>
<BR>[Called By]<UL><LI><a href="#[7d]">&gt;&gt;</a>&nbsp;&nbsp;&nbsp;main
</UL>

<P><STRONG><a name="[a4]"></a>LED_on</STRONG> (Thumb, 54 bytes, Stack size 0 bytes, main.o(.text))
<BR><BR>[Calls]<UL><LI><a href="#[a5]">&gt;&gt;</a>&nbsp;&nbsp;&nbsp;RCC_AHB1PeriphClockCmd
<LI><a href="#[a7]">&gt;&gt;</a>&nbsp;&nbsp;&nbsp;GPIO_ResetBits
<LI><a href="#[a6]">&gt;&gt;</a>&nbsp;&nbsp;&nbsp;GPIO_Init
</UL>
<BR>[Called By]<UL><LI><a href="#[7d]">&gt;&gt;</a>&nbsp;&nbsp;&nbsp;main
</UL>

<P><STRONG><a name="[7d]"></a>main</STRONG> (Thumb, 310 bytes, Stack size 0 bytes, main.o(.text))
<BR><BR>[Calls]<UL><LI><a href="#[ab]">&gt;&gt;</a>&nbsp;&nbsp;&nbsp;uart2_init
<LI><a href="#[b6]">&gt;&gt;</a>&nbsp;&nbsp;&nbsp;sys_time_init
<LI><a href="#[c5]">&gt;&gt;</a>&nbsp;&nbsp;&nbsp;pop_event
<LI><a href="#[c6]">&gt;&gt;</a>&nbsp;&nbsp;&nbsp;pop_485_event
<LI><a href="#[b8]">&gt;&gt;</a>&nbsp;&nbsp;&nbsp;init_platform_manager
<LI><a href="#[ad]">&gt;&gt;</a>&nbsp;&nbsp;&nbsp;init_lcd_msg
<LI><a href="#[b2]">&gt;&gt;</a>&nbsp;&nbsp;&nbsp;init_lcd_gpio
<LI><a href="#[b7]">&gt;&gt;</a>&nbsp;&nbsp;&nbsp;init_device_manager
<LI><a href="#[b9]">&gt;&gt;</a>&nbsp;&nbsp;&nbsp;init_battery_data
<LI><a href="#[ba]">&gt;&gt;</a>&nbsp;&nbsp;&nbsp;initRs485State
<LI><a href="#[ac]">&gt;&gt;</a>&nbsp;&nbsp;&nbsp;hc08_init
<LI><a href="#[a2]">&gt;&gt;</a>&nbsp;&nbsp;&nbsp;handle_water_data
<LI><a href="#[c4]">&gt;&gt;</a>&nbsp;&nbsp;&nbsp;handle_key
<LI><a href="#[bb]">&gt;&gt;</a>&nbsp;&nbsp;&nbsp;getDeviceNumber
<LI><a href="#[85]">&gt;&gt;</a>&nbsp;&nbsp;&nbsp;delay_ms
<LI><a href="#[a9]">&gt;&gt;</a>&nbsp;&nbsp;&nbsp;delay_init
<LI><a href="#[b3]">&gt;&gt;</a>&nbsp;&nbsp;&nbsp;clear_screen
<LI><a href="#[bc]">&gt;&gt;</a>&nbsp;&nbsp;&nbsp;TIM_Cmd
<LI><a href="#[b1]">&gt;&gt;</a>&nbsp;&nbsp;&nbsp;TIM7_Int_Init
<LI><a href="#[b0]">&gt;&gt;</a>&nbsp;&nbsp;&nbsp;TIM4_Int_Init
<LI><a href="#[af]">&gt;&gt;</a>&nbsp;&nbsp;&nbsp;TIM3_Int_Init
<LI><a href="#[ae]">&gt;&gt;</a>&nbsp;&nbsp;&nbsp;TIM2_Int_Init
<LI><a href="#[84]">&gt;&gt;</a>&nbsp;&nbsp;&nbsp;SDWriteConfig
<LI><a href="#[c1]">&gt;&gt;</a>&nbsp;&nbsp;&nbsp;SDReadConfig
<LI><a href="#[b5]">&gt;&gt;</a>&nbsp;&nbsp;&nbsp;RTC_Config_Jxjs
<LI><a href="#[aa]">&gt;&gt;</a>&nbsp;&nbsp;&nbsp;RS485_Init
<LI><a href="#[bd]">&gt;&gt;</a>&nbsp;&nbsp;&nbsp;PWER_Init
<LI><a href="#[a8]">&gt;&gt;</a>&nbsp;&nbsp;&nbsp;NVIC_PriorityGroupConfig
<LI><a href="#[c3]">&gt;&gt;</a>&nbsp;&nbsp;&nbsp;KEY_Scan
<LI><a href="#[bf]">&gt;&gt;</a>&nbsp;&nbsp;&nbsp;KEY_Init
<LI><a href="#[b4]">&gt;&gt;</a>&nbsp;&nbsp;&nbsp;IWDG_Init
<LI><a href="#[be]">&gt;&gt;</a>&nbsp;&nbsp;&nbsp;EC20_Init
<LI><a href="#[c0]">&gt;&gt;</a>&nbsp;&nbsp;&nbsp;Adc_Init
<LI><a href="#[a4]">&gt;&gt;</a>&nbsp;&nbsp;&nbsp;LED_on
<LI><a href="#[9c]">&gt;&gt;</a>&nbsp;&nbsp;&nbsp;parseEvent
<LI><a href="#[8a]">&gt;&gt;</a>&nbsp;&nbsp;&nbsp;init_SD_Card
<LI><a href="#[c2]">&gt;&gt;</a>&nbsp;&nbsp;&nbsp;test_data
</UL>
<BR>[Called By]<UL><LI><a href="#[7c]">&gt;&gt;</a>&nbsp;&nbsp;&nbsp;__rt_entry_main
</UL>

<P><STRONG><a name="[60]"></a>SystemInit</STRONG> (Thumb, 88 bytes, Stack size 0 bytes, system_stm32f4xx.o(.text))
<BR><BR>[Calls]<UL><LI><a href="#[c7]">&gt;&gt;</a>&nbsp;&nbsp;&nbsp;SetSysClock
</UL>
<BR>[Address Reference Count : 1]<UL><LI> startup_stm32f40_41xxx.o(.text)
</UL>
<P><STRONG><a name="[5]"></a>NMI_Handler</STRONG> (Thumb, 2 bytes, Stack size 0 bytes, stm32f4xx_it.o(.text))
<BR>[Address Reference Count : 1]<UL><LI> startup_stm32f40_41xxx.o(RESET)
</UL>
<P><STRONG><a name="[6]"></a>HardFault_Handler</STRONG> (Thumb, 4 bytes, Stack size 0 bytes, stm32f4xx_it.o(.text))
<BR>[Address Reference Count : 1]<UL><LI> startup_stm32f40_41xxx.o(RESET)
</UL>
<P><STRONG><a name="[7]"></a>MemManage_Handler</STRONG> (Thumb, 4 bytes, Stack size 0 bytes, stm32f4xx_it.o(.text))
<BR>[Address Reference Count : 1]<UL><LI> startup_stm32f40_41xxx.o(RESET)
</UL>
<P><STRONG><a name="[8]"></a>BusFault_Handler</STRONG> (Thumb, 4 bytes, Stack size 0 bytes, stm32f4xx_it.o(.text))
<BR>[Address Reference Count : 1]<UL><LI> startup_stm32f40_41xxx.o(RESET)
</UL>
<P><STRONG><a name="[9]"></a>UsageFault_Handler</STRONG> (Thumb, 4 bytes, Stack size 0 bytes, stm32f4xx_it.o(.text))
<BR>[Address Reference Count : 1]<UL><LI> startup_stm32f40_41xxx.o(RESET)
</UL>
<P><STRONG><a name="[a]"></a>SVC_Handler</STRONG> (Thumb, 2 bytes, Stack size 0 bytes, stm32f4xx_it.o(.text))
<BR>[Address Reference Count : 1]<UL><LI> startup_stm32f40_41xxx.o(RESET)
</UL>
<P><STRONG><a name="[b]"></a>DebugMon_Handler</STRONG> (Thumb, 2 bytes, Stack size 0 bytes, stm32f4xx_it.o(.text))
<BR>[Address Reference Count : 1]<UL><LI> startup_stm32f40_41xxx.o(RESET)
</UL>
<P><STRONG><a name="[c]"></a>PendSV_Handler</STRONG> (Thumb, 2 bytes, Stack size 0 bytes, stm32f4xx_it.o(.text))
<BR>[Address Reference Count : 1]<UL><LI> startup_stm32f40_41xxx.o(RESET)
</UL>
<P><STRONG><a name="[d]"></a>SysTick_Handler</STRONG> (Thumb, 2 bytes, Stack size 0 bytes, stm32f4xx_it.o(.text))
<BR>[Address Reference Count : 1]<UL><LI> startup_stm32f40_41xxx.o(RESET)
</UL>
<P><STRONG><a name="[aa]"></a>RS485_Init</STRONG> (Thumb, 266 bytes, Stack size 0 bytes, rs485.o(.text))
<BR><BR>[Calls]<UL><LI><a href="#[ca]">&gt;&gt;</a>&nbsp;&nbsp;&nbsp;USART_Init
<LI><a href="#[cd]">&gt;&gt;</a>&nbsp;&nbsp;&nbsp;USART_ITConfig
<LI><a href="#[cb]">&gt;&gt;</a>&nbsp;&nbsp;&nbsp;USART_Cmd
<LI><a href="#[cc]">&gt;&gt;</a>&nbsp;&nbsp;&nbsp;USART_ClearFlag
<LI><a href="#[c8]">&gt;&gt;</a>&nbsp;&nbsp;&nbsp;RCC_APB2PeriphClockCmd
<LI><a href="#[ce]">&gt;&gt;</a>&nbsp;&nbsp;&nbsp;NVIC_Init
<LI><a href="#[c9]">&gt;&gt;</a>&nbsp;&nbsp;&nbsp;GPIO_PinAFConfig
<LI><a href="#[a5]">&gt;&gt;</a>&nbsp;&nbsp;&nbsp;RCC_AHB1PeriphClockCmd
<LI><a href="#[a6]">&gt;&gt;</a>&nbsp;&nbsp;&nbsp;GPIO_Init
</UL>
<BR>[Called By]<UL><LI><a href="#[7d]">&gt;&gt;</a>&nbsp;&nbsp;&nbsp;main
</UL>

<P><STRONG><a name="[98]"></a>RS485_Send_Data</STRONG> (Thumb, 72 bytes, Stack size 0 bytes, rs485.o(.text))
<BR><BR>[Calls]<UL><LI><a href="#[d0]">&gt;&gt;</a>&nbsp;&nbsp;&nbsp;USART_SendData
<LI><a href="#[cf]">&gt;&gt;</a>&nbsp;&nbsp;&nbsp;USART_GetFlagStatus
</UL>
<BR>[Called By]<UL><LI><a href="#[10b]">&gt;&gt;</a>&nbsp;&nbsp;&nbsp;Modbus_Send_cmd
<LI><a href="#[93]">&gt;&gt;</a>&nbsp;&nbsp;&nbsp;sendRS485Xaxie
</UL>

<P><STRONG><a name="[d1]"></a>RS485_Receive_Data</STRONG> (Thumb, 68 bytes, Stack size 0 bytes, rs485.o(.text), UNUSED)
<BR><BR>[Calls]<UL><LI><a href="#[85]">&gt;&gt;</a>&nbsp;&nbsp;&nbsp;delay_ms
</UL>

<P><STRONG><a name="[1f5]"></a>switchRS485Mode</STRONG> (Thumb, 42 bytes, Stack size 0 bytes, rs485.o(.text))
<BR><BR>[Called By]<UL><LI><a href="#[a2]">&gt;&gt;</a>&nbsp;&nbsp;&nbsp;handle_water_data
</UL>

<P><STRONG><a name="[33]"></a>USART1_IRQHandler</STRONG> (Thumb, 64 bytes, Stack size 0 bytes, rs485.o(.text))
<BR><BR>[Calls]<UL><LI><a href="#[d3]">&gt;&gt;</a>&nbsp;&nbsp;&nbsp;USART_ReceiveData
<LI><a href="#[d2]">&gt;&gt;</a>&nbsp;&nbsp;&nbsp;USART_GetITStatus
<LI><a href="#[bc]">&gt;&gt;</a>&nbsp;&nbsp;&nbsp;TIM_Cmd
</UL>
<BR>[Address Reference Count : 1]<UL><LI> startup_stm32f40_41xxx.o(RESET)
</UL>
<P><STRONG><a name="[d4]"></a>transfer_command</STRONG> (Thumb, 112 bytes, Stack size 0 bytes, lcd.o(.text))
<BR><BR>[Calls]<UL><LI><a href="#[d6]">&gt;&gt;</a>&nbsp;&nbsp;&nbsp;delay_us
<LI><a href="#[d5]">&gt;&gt;</a>&nbsp;&nbsp;&nbsp;GPIO_WriteBit
</UL>
<BR>[Called By]<UL><LI><a href="#[e0]">&gt;&gt;</a>&nbsp;&nbsp;&nbsp;display_graphic_5x7
<LI><a href="#[db]">&gt;&gt;</a>&nbsp;&nbsp;&nbsp;lcd_address
<LI><a href="#[d9]">&gt;&gt;</a>&nbsp;&nbsp;&nbsp;initial_lcd
<LI><a href="#[b3]">&gt;&gt;</a>&nbsp;&nbsp;&nbsp;clear_screen
</UL>

<P><STRONG><a name="[d7]"></a>transfer_data</STRONG> (Thumb, 110 bytes, Stack size 0 bytes, lcd.o(.text))
<BR><BR>[Calls]<UL><LI><a href="#[d6]">&gt;&gt;</a>&nbsp;&nbsp;&nbsp;delay_us
<LI><a href="#[d5]">&gt;&gt;</a>&nbsp;&nbsp;&nbsp;GPIO_WriteBit
</UL>
<BR>[Called By]<UL><LI><a href="#[e0]">&gt;&gt;</a>&nbsp;&nbsp;&nbsp;display_graphic_5x7
<LI><a href="#[df]">&gt;&gt;</a>&nbsp;&nbsp;&nbsp;display_graphic_8x16
<LI><a href="#[de]">&gt;&gt;</a>&nbsp;&nbsp;&nbsp;display_graphic_16x16
<LI><a href="#[dd]">&gt;&gt;</a>&nbsp;&nbsp;&nbsp;display_128x64
<LI><a href="#[dc]">&gt;&gt;</a>&nbsp;&nbsp;&nbsp;set_background_16x16
<LI><a href="#[b3]">&gt;&gt;</a>&nbsp;&nbsp;&nbsp;clear_screen
</UL>

<P><STRONG><a name="[d8]"></a>transfer_data_revrese</STRONG> (Thumb, 110 bytes, Stack size 0 bytes, lcd.o(.text))
<BR><BR>[Calls]<UL><LI><a href="#[d6]">&gt;&gt;</a>&nbsp;&nbsp;&nbsp;delay_us
<LI><a href="#[d5]">&gt;&gt;</a>&nbsp;&nbsp;&nbsp;GPIO_WriteBit
</UL>
<BR>[Called By]<UL><LI><a href="#[e0]">&gt;&gt;</a>&nbsp;&nbsp;&nbsp;display_graphic_5x7
<LI><a href="#[df]">&gt;&gt;</a>&nbsp;&nbsp;&nbsp;display_graphic_8x16
<LI><a href="#[de]">&gt;&gt;</a>&nbsp;&nbsp;&nbsp;display_graphic_16x16
<LI><a href="#[dc]">&gt;&gt;</a>&nbsp;&nbsp;&nbsp;set_background_16x16
</UL>

<P><STRONG><a name="[d9]"></a>initial_lcd</STRONG> (Thumb, 172 bytes, Stack size 0 bytes, lcd.o(.text))
<BR><BR>[Calls]<UL><LI><a href="#[d5]">&gt;&gt;</a>&nbsp;&nbsp;&nbsp;GPIO_WriteBit
<LI><a href="#[d4]">&gt;&gt;</a>&nbsp;&nbsp;&nbsp;transfer_command
<LI><a href="#[85]">&gt;&gt;</a>&nbsp;&nbsp;&nbsp;delay_ms
</UL>
<BR>[Called By]<UL><LI><a href="#[b2]">&gt;&gt;</a>&nbsp;&nbsp;&nbsp;init_lcd_gpio
</UL>

<P><STRONG><a name="[da]"></a>init_lcd_bl</STRONG> (Thumb, 50 bytes, Stack size 0 bytes, lcd.o(.text))
<BR><BR>[Calls]<UL><LI><a href="#[a5]">&gt;&gt;</a>&nbsp;&nbsp;&nbsp;RCC_AHB1PeriphClockCmd
<LI><a href="#[a6]">&gt;&gt;</a>&nbsp;&nbsp;&nbsp;GPIO_Init
</UL>
<BR>[Called By]<UL><LI><a href="#[b2]">&gt;&gt;</a>&nbsp;&nbsp;&nbsp;init_lcd_gpio
</UL>

<P><STRONG><a name="[b2]"></a>init_lcd_gpio</STRONG> (Thumb, 94 bytes, Stack size 0 bytes, lcd.o(.text))
<BR><BR>[Calls]<UL><LI><a href="#[da]">&gt;&gt;</a>&nbsp;&nbsp;&nbsp;init_lcd_bl
<LI><a href="#[d9]">&gt;&gt;</a>&nbsp;&nbsp;&nbsp;initial_lcd
<LI><a href="#[a5]">&gt;&gt;</a>&nbsp;&nbsp;&nbsp;RCC_AHB1PeriphClockCmd
<LI><a href="#[a6]">&gt;&gt;</a>&nbsp;&nbsp;&nbsp;GPIO_Init
</UL>
<BR>[Called By]<UL><LI><a href="#[7d]">&gt;&gt;</a>&nbsp;&nbsp;&nbsp;main
</UL>

<P><STRONG><a name="[db]"></a>lcd_address</STRONG> (Thumb, 40 bytes, Stack size 0 bytes, lcd.o(.text))
<BR><BR>[Calls]<UL><LI><a href="#[d4]">&gt;&gt;</a>&nbsp;&nbsp;&nbsp;transfer_command
</UL>
<BR>[Called By]<UL><LI><a href="#[df]">&gt;&gt;</a>&nbsp;&nbsp;&nbsp;display_graphic_8x16
<LI><a href="#[de]">&gt;&gt;</a>&nbsp;&nbsp;&nbsp;display_graphic_16x16
<LI><a href="#[dd]">&gt;&gt;</a>&nbsp;&nbsp;&nbsp;display_128x64
<LI><a href="#[dc]">&gt;&gt;</a>&nbsp;&nbsp;&nbsp;set_background_16x16
</UL>

<P><STRONG><a name="[b3]"></a>clear_screen</STRONG> (Thumb, 88 bytes, Stack size 0 bytes, lcd.o(.text))
<BR><BR>[Calls]<UL><LI><a href="#[d5]">&gt;&gt;</a>&nbsp;&nbsp;&nbsp;GPIO_WriteBit
<LI><a href="#[d7]">&gt;&gt;</a>&nbsp;&nbsp;&nbsp;transfer_data
<LI><a href="#[d4]">&gt;&gt;</a>&nbsp;&nbsp;&nbsp;transfer_command
</UL>
<BR>[Called By]<UL><LI><a href="#[7d]">&gt;&gt;</a>&nbsp;&nbsp;&nbsp;main
</UL>

<P><STRONG><a name="[1de]"></a>turn_on_back</STRONG> (Thumb, 8 bytes, Stack size 0 bytes, lcd.o(.text))
<BR><BR>[Called By]<UL><LI><a href="#[a1]">&gt;&gt;</a>&nbsp;&nbsp;&nbsp;update_lcd
<LI><a href="#[c4]">&gt;&gt;</a>&nbsp;&nbsp;&nbsp;handle_key
</UL>

<P><STRONG><a name="[1df]"></a>turn_off_back</STRONG> (Thumb, 8 bytes, Stack size 0 bytes, lcd.o(.text))
<BR><BR>[Called By]<UL><LI><a href="#[a1]">&gt;&gt;</a>&nbsp;&nbsp;&nbsp;update_lcd
</UL>

<P><STRONG><a name="[dc]"></a>set_background_16x16</STRONG> (Thumb, 70 bytes, Stack size 0 bytes, lcd.o(.text))
<BR><BR>[Calls]<UL><LI><a href="#[db]">&gt;&gt;</a>&nbsp;&nbsp;&nbsp;lcd_address
<LI><a href="#[d8]">&gt;&gt;</a>&nbsp;&nbsp;&nbsp;transfer_data_revrese
<LI><a href="#[d7]">&gt;&gt;</a>&nbsp;&nbsp;&nbsp;transfer_data
</UL>
<BR>[Called By]<UL><LI><a href="#[e5]">&gt;&gt;</a>&nbsp;&nbsp;&nbsp;display_GB2312_string
</UL>

<P><STRONG><a name="[dd]"></a>display_128x64</STRONG> (Thumb, 68 bytes, Stack size 0 bytes, lcd.o(.text), UNUSED)
<BR><BR>[Calls]<UL><LI><a href="#[d5]">&gt;&gt;</a>&nbsp;&nbsp;&nbsp;GPIO_WriteBit
<LI><a href="#[db]">&gt;&gt;</a>&nbsp;&nbsp;&nbsp;lcd_address
<LI><a href="#[d7]">&gt;&gt;</a>&nbsp;&nbsp;&nbsp;transfer_data
</UL>

<P><STRONG><a name="[de]"></a>display_graphic_16x16</STRONG> (Thumb, 124 bytes, Stack size 0 bytes, lcd.o(.text))
<BR><BR>[Calls]<UL><LI><a href="#[d5]">&gt;&gt;</a>&nbsp;&nbsp;&nbsp;GPIO_WriteBit
<LI><a href="#[db]">&gt;&gt;</a>&nbsp;&nbsp;&nbsp;lcd_address
<LI><a href="#[d8]">&gt;&gt;</a>&nbsp;&nbsp;&nbsp;transfer_data_revrese
<LI><a href="#[d7]">&gt;&gt;</a>&nbsp;&nbsp;&nbsp;transfer_data
</UL>
<BR>[Called By]<UL><LI><a href="#[e5]">&gt;&gt;</a>&nbsp;&nbsp;&nbsp;display_GB2312_string
</UL>

<P><STRONG><a name="[df]"></a>display_graphic_8x16</STRONG> (Thumb, 100 bytes, Stack size 0 bytes, lcd.o(.text))
<BR><BR>[Calls]<UL><LI><a href="#[d5]">&gt;&gt;</a>&nbsp;&nbsp;&nbsp;GPIO_WriteBit
<LI><a href="#[db]">&gt;&gt;</a>&nbsp;&nbsp;&nbsp;lcd_address
<LI><a href="#[d8]">&gt;&gt;</a>&nbsp;&nbsp;&nbsp;transfer_data_revrese
<LI><a href="#[d7]">&gt;&gt;</a>&nbsp;&nbsp;&nbsp;transfer_data
</UL>
<BR>[Called By]<UL><LI><a href="#[e5]">&gt;&gt;</a>&nbsp;&nbsp;&nbsp;display_GB2312_string
</UL>

<P><STRONG><a name="[e0]"></a>display_graphic_5x7</STRONG> (Thumb, 120 bytes, Stack size 0 bytes, lcd.o(.text), UNUSED)
<BR><BR>[Calls]<UL><LI><a href="#[d5]">&gt;&gt;</a>&nbsp;&nbsp;&nbsp;GPIO_WriteBit
<LI><a href="#[d8]">&gt;&gt;</a>&nbsp;&nbsp;&nbsp;transfer_data_revrese
<LI><a href="#[d7]">&gt;&gt;</a>&nbsp;&nbsp;&nbsp;transfer_data
<LI><a href="#[d4]">&gt;&gt;</a>&nbsp;&nbsp;&nbsp;transfer_command
</UL>
<BR>[Called By]<UL><LI><a href="#[e6]">&gt;&gt;</a>&nbsp;&nbsp;&nbsp;display_string_5x7
</UL>

<P><STRONG><a name="[e1]"></a>send_command_to_ROM</STRONG> (Thumb, 74 bytes, Stack size 0 bytes, lcd.o(.text))
<BR><BR>[Calls]<UL><LI><a href="#[d5]">&gt;&gt;</a>&nbsp;&nbsp;&nbsp;GPIO_WriteBit
</UL>
<BR>[Called By]<UL><LI><a href="#[e4]">&gt;&gt;</a>&nbsp;&nbsp;&nbsp;get_n_bytes_data_from_ROM
</UL>

<P><STRONG><a name="[e4]"></a>get_n_bytes_data_from_ROM</STRONG> (Thumb, 106 bytes, Stack size 0 bytes, lcd.o(.text))
<BR><BR>[Calls]<UL><LI><a href="#[d5]">&gt;&gt;</a>&nbsp;&nbsp;&nbsp;GPIO_WriteBit
<LI><a href="#[e1]">&gt;&gt;</a>&nbsp;&nbsp;&nbsp;send_command_to_ROM
<LI><a href="#[e2]">&gt;&gt;</a>&nbsp;&nbsp;&nbsp;get_data_from_ROM
</UL>
<BR>[Called By]<UL><LI><a href="#[e6]">&gt;&gt;</a>&nbsp;&nbsp;&nbsp;display_string_5x7
<LI><a href="#[e5]">&gt;&gt;</a>&nbsp;&nbsp;&nbsp;display_GB2312_string
</UL>

<P><STRONG><a name="[e5]"></a>display_GB2312_string</STRONG> (Thumb, 386 bytes, Stack size 0 bytes, lcd.o(.text))
<BR><BR>[Calls]<UL><LI><a href="#[e4]">&gt;&gt;</a>&nbsp;&nbsp;&nbsp;get_n_bytes_data_from_ROM
<LI><a href="#[df]">&gt;&gt;</a>&nbsp;&nbsp;&nbsp;display_graphic_8x16
<LI><a href="#[de]">&gt;&gt;</a>&nbsp;&nbsp;&nbsp;display_graphic_16x16
<LI><a href="#[dc]">&gt;&gt;</a>&nbsp;&nbsp;&nbsp;set_background_16x16
</UL>
<BR>[Called By]<UL><LI><a href="#[a1]">&gt;&gt;</a>&nbsp;&nbsp;&nbsp;update_lcd
</UL>

<P><STRONG><a name="[e6]"></a>display_string_5x7</STRONG> (Thumb, 148 bytes, Stack size 0 bytes, lcd.o(.text), UNUSED)
<BR><BR>[Calls]<UL><LI><a href="#[e4]">&gt;&gt;</a>&nbsp;&nbsp;&nbsp;get_n_bytes_data_from_ROM
<LI><a href="#[e0]">&gt;&gt;</a>&nbsp;&nbsp;&nbsp;display_graphic_5x7
</UL>

<P><STRONG><a name="[bf]"></a>KEY_Init</STRONG> (Thumb, 42 bytes, Stack size 0 bytes, key.o(.text))
<BR><BR>[Calls]<UL><LI><a href="#[a5]">&gt;&gt;</a>&nbsp;&nbsp;&nbsp;RCC_AHB1PeriphClockCmd
<LI><a href="#[a6]">&gt;&gt;</a>&nbsp;&nbsp;&nbsp;GPIO_Init
</UL>
<BR>[Called By]<UL><LI><a href="#[7d]">&gt;&gt;</a>&nbsp;&nbsp;&nbsp;main
</UL>

<P><STRONG><a name="[c3]"></a>KEY_Scan</STRONG> (Thumb, 168 bytes, Stack size 0 bytes, key.o(.text))
<BR><BR>[Calls]<UL><LI><a href="#[e3]">&gt;&gt;</a>&nbsp;&nbsp;&nbsp;GPIO_ReadInputDataBit
<LI><a href="#[85]">&gt;&gt;</a>&nbsp;&nbsp;&nbsp;delay_ms
</UL>
<BR>[Called By]<UL><LI><a href="#[7d]">&gt;&gt;</a>&nbsp;&nbsp;&nbsp;main
</UL>

<P><STRONG><a name="[b5]"></a>RTC_Config_Jxjs</STRONG> (Thumb, 198 bytes, Stack size 0 bytes, timer.o(.text))
<BR><BR>[Calls]<UL><LI><a href="#[ef]">&gt;&gt;</a>&nbsp;&nbsp;&nbsp;RTC_WriteProtectionCmd
<LI><a href="#[f5]">&gt;&gt;</a>&nbsp;&nbsp;&nbsp;RTC_WriteBackupRegister
<LI><a href="#[ee]">&gt;&gt;</a>&nbsp;&nbsp;&nbsp;RTC_WaitForSynchro
<LI><a href="#[f2]">&gt;&gt;</a>&nbsp;&nbsp;&nbsp;RTC_SetTime
<LI><a href="#[f3]">&gt;&gt;</a>&nbsp;&nbsp;&nbsp;RTC_SetDate
<LI><a href="#[e9]">&gt;&gt;</a>&nbsp;&nbsp;&nbsp;RTC_ReadBackupRegister
<LI><a href="#[f1]">&gt;&gt;</a>&nbsp;&nbsp;&nbsp;RTC_Init
<LI><a href="#[f4]">&gt;&gt;</a>&nbsp;&nbsp;&nbsp;RTC_ExitInitMode
<LI><a href="#[f0]">&gt;&gt;</a>&nbsp;&nbsp;&nbsp;RTC_EnterInitMode
<LI><a href="#[ec]">&gt;&gt;</a>&nbsp;&nbsp;&nbsp;RCC_RTCCLKConfig
<LI><a href="#[ed]">&gt;&gt;</a>&nbsp;&nbsp;&nbsp;RCC_RTCCLKCmd
<LI><a href="#[ea]">&gt;&gt;</a>&nbsp;&nbsp;&nbsp;RCC_LSEConfig
<LI><a href="#[eb]">&gt;&gt;</a>&nbsp;&nbsp;&nbsp;RCC_GetFlagStatus
<LI><a href="#[e7]">&gt;&gt;</a>&nbsp;&nbsp;&nbsp;RCC_APB1PeriphClockCmd
<LI><a href="#[e8]">&gt;&gt;</a>&nbsp;&nbsp;&nbsp;PWR_BackupAccessCmd
</UL>
<BR>[Called By]<UL><LI><a href="#[7d]">&gt;&gt;</a>&nbsp;&nbsp;&nbsp;main
</UL>

<P><STRONG><a name="[af]"></a>TIM3_Int_Init</STRONG> (Thumb, 88 bytes, Stack size 0 bytes, timer.o(.text))
<BR><BR>[Calls]<UL><LI><a href="#[f6]">&gt;&gt;</a>&nbsp;&nbsp;&nbsp;TIM_TimeBaseInit
<LI><a href="#[f7]">&gt;&gt;</a>&nbsp;&nbsp;&nbsp;TIM_ITConfig
<LI><a href="#[e7]">&gt;&gt;</a>&nbsp;&nbsp;&nbsp;RCC_APB1PeriphClockCmd
<LI><a href="#[ce]">&gt;&gt;</a>&nbsp;&nbsp;&nbsp;NVIC_Init
<LI><a href="#[bc]">&gt;&gt;</a>&nbsp;&nbsp;&nbsp;TIM_Cmd
</UL>
<BR>[Called By]<UL><LI><a href="#[7d]">&gt;&gt;</a>&nbsp;&nbsp;&nbsp;main
</UL>

<P><STRONG><a name="[b0]"></a>TIM4_Int_Init</STRONG> (Thumb, 94 bytes, Stack size 0 bytes, timer.o(.text))
<BR><BR>[Calls]<UL><LI><a href="#[f6]">&gt;&gt;</a>&nbsp;&nbsp;&nbsp;TIM_TimeBaseInit
<LI><a href="#[f7]">&gt;&gt;</a>&nbsp;&nbsp;&nbsp;TIM_ITConfig
<LI><a href="#[e7]">&gt;&gt;</a>&nbsp;&nbsp;&nbsp;RCC_APB1PeriphClockCmd
<LI><a href="#[ce]">&gt;&gt;</a>&nbsp;&nbsp;&nbsp;NVIC_Init
<LI><a href="#[bc]">&gt;&gt;</a>&nbsp;&nbsp;&nbsp;TIM_Cmd
</UL>
<BR>[Called By]<UL><LI><a href="#[7d]">&gt;&gt;</a>&nbsp;&nbsp;&nbsp;main
</UL>

<P><STRONG><a name="[ae]"></a>TIM2_Int_Init</STRONG> (Thumb, 92 bytes, Stack size 0 bytes, timer.o(.text))
<BR><BR>[Calls]<UL><LI><a href="#[f6]">&gt;&gt;</a>&nbsp;&nbsp;&nbsp;TIM_TimeBaseInit
<LI><a href="#[f7]">&gt;&gt;</a>&nbsp;&nbsp;&nbsp;TIM_ITConfig
<LI><a href="#[e7]">&gt;&gt;</a>&nbsp;&nbsp;&nbsp;RCC_APB1PeriphClockCmd
<LI><a href="#[ce]">&gt;&gt;</a>&nbsp;&nbsp;&nbsp;NVIC_Init
<LI><a href="#[bc]">&gt;&gt;</a>&nbsp;&nbsp;&nbsp;TIM_Cmd
</UL>
<BR>[Called By]<UL><LI><a href="#[7d]">&gt;&gt;</a>&nbsp;&nbsp;&nbsp;main
</UL>

<P><STRONG><a name="[b6]"></a>sys_time_init</STRONG> (Thumb, 46 bytes, Stack size 0 bytes, timer.o(.text))
<BR><BR>[Called By]<UL><LI><a href="#[7d]">&gt;&gt;</a>&nbsp;&nbsp;&nbsp;main
</UL>

<P><STRONG><a name="[f8]"></a>get_sys_time</STRONG> (Thumb, 154 bytes, Stack size 0 bytes, timer.o(.text))
<BR><BR>[Calls]<UL><LI><a href="#[fa]">&gt;&gt;</a>&nbsp;&nbsp;&nbsp;push_ec20_event
<LI><a href="#[fb]">&gt;&gt;</a>&nbsp;&nbsp;&nbsp;RTC_GetTime
<LI><a href="#[fc]">&gt;&gt;</a>&nbsp;&nbsp;&nbsp;RTC_GetDate
<LI><a href="#[f9]">&gt;&gt;</a>&nbsp;&nbsp;&nbsp;__aeabi_uldivmod
</UL>
<BR>[Called By]<UL><LI><a href="#[2c]">&gt;&gt;</a>&nbsp;&nbsp;&nbsp;TIM4_IRQHandler
</UL>

<P><STRONG><a name="[2a]"></a>TIM2_IRQHandler</STRONG> (Thumb, 68 bytes, Stack size 0 bytes, timer.o(.text))
<BR><BR>[Calls]<UL><LI><a href="#[108]">&gt;&gt;</a>&nbsp;&nbsp;&nbsp;push_event
<LI><a href="#[109]">&gt;&gt;</a>&nbsp;&nbsp;&nbsp;TIM_GetITStatus
<LI><a href="#[10a]">&gt;&gt;</a>&nbsp;&nbsp;&nbsp;TIM_ClearITPendingBit
<LI><a href="#[bc]">&gt;&gt;</a>&nbsp;&nbsp;&nbsp;TIM_Cmd
</UL>
<BR>[Address Reference Count : 1]<UL><LI> startup_stm32f40_41xxx.o(RESET)
</UL>
<P><STRONG><a name="[2b]"></a>TIM3_IRQHandler</STRONG> (Thumb, 66 bytes, Stack size 0 bytes, timer.o(.text))
<BR><BR>[Calls]<UL><LI><a href="#[108]">&gt;&gt;</a>&nbsp;&nbsp;&nbsp;push_event
<LI><a href="#[109]">&gt;&gt;</a>&nbsp;&nbsp;&nbsp;TIM_GetITStatus
<LI><a href="#[10a]">&gt;&gt;</a>&nbsp;&nbsp;&nbsp;TIM_ClearITPendingBit
<LI><a href="#[bc]">&gt;&gt;</a>&nbsp;&nbsp;&nbsp;TIM_Cmd
</UL>
<BR>[Address Reference Count : 1]<UL><LI> startup_stm32f40_41xxx.o(RESET)
</UL>
<P><STRONG><a name="[2c]"></a>TIM4_IRQHandler</STRONG> (Thumb, 434 bytes, Stack size 0 bytes, timer.o(.text))
<BR><BR>[Calls]<UL><LI><a href="#[108]">&gt;&gt;</a>&nbsp;&nbsp;&nbsp;push_event
<LI><a href="#[fa]">&gt;&gt;</a>&nbsp;&nbsp;&nbsp;push_ec20_event
<LI><a href="#[109]">&gt;&gt;</a>&nbsp;&nbsp;&nbsp;TIM_GetITStatus
<LI><a href="#[10a]">&gt;&gt;</a>&nbsp;&nbsp;&nbsp;TIM_ClearITPendingBit
<LI><a href="#[f8]">&gt;&gt;</a>&nbsp;&nbsp;&nbsp;get_sys_time
<LI><a href="#[107]">&gt;&gt;</a>&nbsp;&nbsp;&nbsp;CheckEC20StateToReboot
<LI><a href="#[105]">&gt;&gt;</a>&nbsp;&nbsp;&nbsp;calculate_water_data
<LI><a href="#[102]">&gt;&gt;</a>&nbsp;&nbsp;&nbsp;get_water_data_check
<LI><a href="#[fe]">&gt;&gt;</a>&nbsp;&nbsp;&nbsp;report_save_data_check
<LI><a href="#[f9]">&gt;&gt;</a>&nbsp;&nbsp;&nbsp;__aeabi_uldivmod
</UL>
<BR>[Address Reference Count : 1]<UL><LI> startup_stm32f40_41xxx.o(RESET)
</UL>
<P><STRONG><a name="[10b]"></a>Modbus_Send_cmd</STRONG> (Thumb, 120 bytes, Stack size 0 bytes, modbus.o(.text))
<BR><BR>[Calls]<UL><LI><a href="#[97]">&gt;&gt;</a>&nbsp;&nbsp;&nbsp;modBusCRC16
<LI><a href="#[98]">&gt;&gt;</a>&nbsp;&nbsp;&nbsp;RS485_Send_Data
<LI><a href="#[10c]">&gt;&gt;</a>&nbsp;&nbsp;&nbsp;__aeabi_memclr4
</UL>
<BR>[Called By]<UL><LI><a href="#[1f2]">&gt;&gt;</a>&nbsp;&nbsp;&nbsp;handle_water_flow_protocol1and2
<LI><a href="#[1f1]">&gt;&gt;</a>&nbsp;&nbsp;&nbsp;handle_water_flow_protocol7
<LI><a href="#[1ef]">&gt;&gt;</a>&nbsp;&nbsp;&nbsp;handle_waterlevel_protocol1
</UL>

<P><STRONG><a name="[10d]"></a>Clear_Buffer</STRONG> (Thumb, 36 bytes, Stack size 0 bytes, ec20.o(.text))
<BR><BR>[Calls]<UL><LI><a href="#[9e]">&gt;&gt;</a>&nbsp;&nbsp;&nbsp;IWDG_Feed
</UL>
<BR>[Called By]<UL><LI><a href="#[160]">&gt;&gt;</a>&nbsp;&nbsp;&nbsp;EC20Send_HexData_JxJS
<LI><a href="#[15e]">&gt;&gt;</a>&nbsp;&nbsp;&nbsp;EC20Recv_Data
<LI><a href="#[15d]">&gt;&gt;</a>&nbsp;&nbsp;&nbsp;EC20Send_HexData
<LI><a href="#[15c]">&gt;&gt;</a>&nbsp;&nbsp;&nbsp;EC20Send_StrData
<LI><a href="#[15b]">&gt;&gt;</a>&nbsp;&nbsp;&nbsp;EC20ParseConnectXiaXie
<LI><a href="#[159]">&gt;&gt;</a>&nbsp;&nbsp;&nbsp;EC20ParseWaitXiaXie
<LI><a href="#[158]">&gt;&gt;</a>&nbsp;&nbsp;&nbsp;EC20_parse_quit_trans
<LI><a href="#[153]">&gt;&gt;</a>&nbsp;&nbsp;&nbsp;EC20_Parse_wait_server
<LI><a href="#[152]">&gt;&gt;</a>&nbsp;&nbsp;&nbsp;EC20_parse_waitreply
<LI><a href="#[151]">&gt;&gt;</a>&nbsp;&nbsp;&nbsp;EC20_parse_send
<LI><a href="#[150]">&gt;&gt;</a>&nbsp;&nbsp;&nbsp;EC20_parse_qiopen
<LI><a href="#[14e]">&gt;&gt;</a>&nbsp;&nbsp;&nbsp;EC20_parsecclk
<LI><a href="#[14d]">&gt;&gt;</a>&nbsp;&nbsp;&nbsp;EC20_parsedefault
<LI><a href="#[14c]">&gt;&gt;</a>&nbsp;&nbsp;&nbsp;EC20_parseatqiact
<LI><a href="#[14b]">&gt;&gt;</a>&nbsp;&nbsp;&nbsp;EC20_parseatqideact
<LI><a href="#[14a]">&gt;&gt;</a>&nbsp;&nbsp;&nbsp;EC20_parseatqicsgp
<LI><a href="#[149]">&gt;&gt;</a>&nbsp;&nbsp;&nbsp;EC20_parsecgreg
<LI><a href="#[148]">&gt;&gt;</a>&nbsp;&nbsp;&nbsp;EC20_parsecreg
<LI><a href="#[147]">&gt;&gt;</a>&nbsp;&nbsp;&nbsp;EC20_parsecpin
<LI><a href="#[146]">&gt;&gt;</a>&nbsp;&nbsp;&nbsp;EC20_parsecsq
<LI><a href="#[142]">&gt;&gt;</a>&nbsp;&nbsp;&nbsp;EC20_parse_at
</UL>

<P><STRONG><a name="[bd]"></a>PWER_Init</STRONG> (Thumb, 52 bytes, Stack size 0 bytes, ec20.o(.text))
<BR><BR>[Calls]<UL><LI><a href="#[a5]">&gt;&gt;</a>&nbsp;&nbsp;&nbsp;RCC_AHB1PeriphClockCmd
<LI><a href="#[a6]">&gt;&gt;</a>&nbsp;&nbsp;&nbsp;GPIO_Init
</UL>
<BR>[Called By]<UL><LI><a href="#[7d]">&gt;&gt;</a>&nbsp;&nbsp;&nbsp;main
</UL>

<P><STRONG><a name="[10e]"></a>EC20ConnectXiaXie</STRONG> (Thumb, 116 bytes, Stack size 0 bytes, ec20.o(.text))
<BR><BR>[Calls]<UL><LI><a href="#[10f]">&gt;&gt;</a>&nbsp;&nbsp;&nbsp;__2printf
</UL>
<BR>[Called By]<UL><LI><a href="#[12c]">&gt;&gt;</a>&nbsp;&nbsp;&nbsp;EC20_do
</UL>

<P><STRONG><a name="[110]"></a>EC20_quit_trans</STRONG> (Thumb, 28 bytes, Stack size 0 bytes, ec20.o(.text))
<BR><BR>[Calls]<UL><LI><a href="#[10f]">&gt;&gt;</a>&nbsp;&nbsp;&nbsp;__2printf
</UL>
<BR>[Called By]<UL><LI><a href="#[12c]">&gt;&gt;</a>&nbsp;&nbsp;&nbsp;EC20_do
</UL>

<P><STRONG><a name="[111]"></a>createRebootData</STRONG> (Thumb, 40 bytes, Stack size 0 bytes, ec20.o(.text))
<BR><BR>[Calls]<UL><LI><a href="#[97]">&gt;&gt;</a>&nbsp;&nbsp;&nbsp;modBusCRC16
</UL>
<BR>[Called By]<UL><LI><a href="#[113]">&gt;&gt;</a>&nbsp;&nbsp;&nbsp;EC20_send_server
</UL>

<P><STRONG><a name="[112]"></a>createUpdateData</STRONG> (Thumb, 54 bytes, Stack size 0 bytes, ec20.o(.text))
<BR><BR>[Calls]<UL><LI><a href="#[97]">&gt;&gt;</a>&nbsp;&nbsp;&nbsp;modBusCRC16
</UL>
<BR>[Called By]<UL><LI><a href="#[113]">&gt;&gt;</a>&nbsp;&nbsp;&nbsp;EC20_send_server
</UL>

<P><STRONG><a name="[113]"></a>EC20_send_server</STRONG> (Thumb, 220 bytes, Stack size 0 bytes, ec20.o(.text))
<BR><BR>[Calls]<UL><LI><a href="#[117]">&gt;&gt;</a>&nbsp;&nbsp;&nbsp;createSuccessData
<LI><a href="#[116]">&gt;&gt;</a>&nbsp;&nbsp;&nbsp;createRTUData
<LI><a href="#[115]">&gt;&gt;</a>&nbsp;&nbsp;&nbsp;createPlatformData
<LI><a href="#[118]">&gt;&gt;</a>&nbsp;&nbsp;&nbsp;createFailedData
<LI><a href="#[114]">&gt;&gt;</a>&nbsp;&nbsp;&nbsp;createDeviceRealData
<LI><a href="#[112]">&gt;&gt;</a>&nbsp;&nbsp;&nbsp;createUpdateData
<LI><a href="#[111]">&gt;&gt;</a>&nbsp;&nbsp;&nbsp;createRebootData
<LI><a href="#[10c]">&gt;&gt;</a>&nbsp;&nbsp;&nbsp;__aeabi_memclr4
</UL>
<BR>[Called By]<UL><LI><a href="#[153]">&gt;&gt;</a>&nbsp;&nbsp;&nbsp;EC20_Parse_wait_server
<LI><a href="#[12c]">&gt;&gt;</a>&nbsp;&nbsp;&nbsp;EC20_do
</UL>

<P><STRONG><a name="[119]"></a>EC20_connect</STRONG> (Thumb, 54 bytes, Stack size 0 bytes, ec20.o(.text))
<BR><BR>[Calls]<UL><LI><a href="#[10f]">&gt;&gt;</a>&nbsp;&nbsp;&nbsp;__2printf
</UL>
<BR>[Called By]<UL><LI><a href="#[12c]">&gt;&gt;</a>&nbsp;&nbsp;&nbsp;EC20_do
</UL>

<P><STRONG><a name="[11a]"></a>EC20_send</STRONG> (Thumb, 222 bytes, Stack size 0 bytes, ec20.o(.text))
<BR><BR>[Calls]<UL><LI><a href="#[11b]">&gt;&gt;</a>&nbsp;&nbsp;&nbsp;hexdata2hexstring
<LI><a href="#[d0]">&gt;&gt;</a>&nbsp;&nbsp;&nbsp;USART_SendData
<LI><a href="#[85]">&gt;&gt;</a>&nbsp;&nbsp;&nbsp;delay_ms
<LI><a href="#[10c]">&gt;&gt;</a>&nbsp;&nbsp;&nbsp;__aeabi_memclr4
<LI><a href="#[10f]">&gt;&gt;</a>&nbsp;&nbsp;&nbsp;__2printf
</UL>
<BR>[Called By]<UL><LI><a href="#[12c]">&gt;&gt;</a>&nbsp;&nbsp;&nbsp;EC20_do
</UL>

<P><STRONG><a name="[11c]"></a>EC20_cclk</STRONG> (Thumb, 16 bytes, Stack size 0 bytes, ec20.o(.text))
<BR><BR>[Calls]<UL><LI><a href="#[10f]">&gt;&gt;</a>&nbsp;&nbsp;&nbsp;__2printf
</UL>
<BR>[Called By]<UL><LI><a href="#[12c]">&gt;&gt;</a>&nbsp;&nbsp;&nbsp;EC20_do
</UL>

<P><STRONG><a name="[11d]"></a>EC20_qiopen</STRONG> (Thumb, 88 bytes, Stack size 0 bytes, ec20.o(.text))
<BR><BR>[Calls]<UL><LI><a href="#[11e]">&gt;&gt;</a>&nbsp;&nbsp;&nbsp;__aeabi_memcpy4
<LI><a href="#[10f]">&gt;&gt;</a>&nbsp;&nbsp;&nbsp;__2printf
</UL>
<BR>[Called By]<UL><LI><a href="#[12c]">&gt;&gt;</a>&nbsp;&nbsp;&nbsp;EC20_do
</UL>

<P><STRONG><a name="[11f]"></a>EC20_atqiact</STRONG> (Thumb, 16 bytes, Stack size 0 bytes, ec20.o(.text))
<BR><BR>[Calls]<UL><LI><a href="#[10f]">&gt;&gt;</a>&nbsp;&nbsp;&nbsp;__2printf
</UL>
<BR>[Called By]<UL><LI><a href="#[12c]">&gt;&gt;</a>&nbsp;&nbsp;&nbsp;EC20_do
</UL>

<P><STRONG><a name="[120]"></a>EC20_atqideact</STRONG> (Thumb, 16 bytes, Stack size 0 bytes, ec20.o(.text))
<BR><BR>[Calls]<UL><LI><a href="#[10f]">&gt;&gt;</a>&nbsp;&nbsp;&nbsp;__2printf
</UL>
<BR>[Called By]<UL><LI><a href="#[12c]">&gt;&gt;</a>&nbsp;&nbsp;&nbsp;EC20_do
</UL>

<P><STRONG><a name="[121]"></a>EC20_atqicsgp</STRONG> (Thumb, 16 bytes, Stack size 0 bytes, ec20.o(.text))
<BR><BR>[Calls]<UL><LI><a href="#[10f]">&gt;&gt;</a>&nbsp;&nbsp;&nbsp;__2printf
</UL>
<BR>[Called By]<UL><LI><a href="#[12c]">&gt;&gt;</a>&nbsp;&nbsp;&nbsp;EC20_do
</UL>

<P><STRONG><a name="[122]"></a>EC20_atqiclose</STRONG> (Thumb, 16 bytes, Stack size 0 bytes, ec20.o(.text))
<BR><BR>[Calls]<UL><LI><a href="#[10f]">&gt;&gt;</a>&nbsp;&nbsp;&nbsp;__2printf
</UL>
<BR>[Called By]<UL><LI><a href="#[12c]">&gt;&gt;</a>&nbsp;&nbsp;&nbsp;EC20_do
</UL>

<P><STRONG><a name="[123]"></a>EC20_atcops</STRONG> (Thumb, 274 bytes, Stack size 0 bytes, ec20.o(.text))
<BR><BR>[Calls]<UL><LI><a href="#[10f]">&gt;&gt;</a>&nbsp;&nbsp;&nbsp;__2printf
</UL>
<BR>[Called By]<UL><LI><a href="#[12c]">&gt;&gt;</a>&nbsp;&nbsp;&nbsp;EC20_do
</UL>

<P><STRONG><a name="[124]"></a>EC20_cgreg</STRONG> (Thumb, 16 bytes, Stack size 0 bytes, ec20.o(.text))
<BR><BR>[Calls]<UL><LI><a href="#[10f]">&gt;&gt;</a>&nbsp;&nbsp;&nbsp;__2printf
</UL>
<BR>[Called By]<UL><LI><a href="#[12c]">&gt;&gt;</a>&nbsp;&nbsp;&nbsp;EC20_do
</UL>

<P><STRONG><a name="[125]"></a>EC20_creg</STRONG> (Thumb, 16 bytes, Stack size 0 bytes, ec20.o(.text))
<BR><BR>[Calls]<UL><LI><a href="#[10f]">&gt;&gt;</a>&nbsp;&nbsp;&nbsp;__2printf
</UL>
<BR>[Called By]<UL><LI><a href="#[12c]">&gt;&gt;</a>&nbsp;&nbsp;&nbsp;EC20_do
</UL>

<P><STRONG><a name="[126]"></a>EC20_cpin</STRONG> (Thumb, 16 bytes, Stack size 0 bytes, ec20.o(.text))
<BR><BR>[Calls]<UL><LI><a href="#[10f]">&gt;&gt;</a>&nbsp;&nbsp;&nbsp;__2printf
</UL>
<BR>[Called By]<UL><LI><a href="#[12c]">&gt;&gt;</a>&nbsp;&nbsp;&nbsp;EC20_do
</UL>

<P><STRONG><a name="[127]"></a>EC20_ctzu</STRONG> (Thumb, 16 bytes, Stack size 0 bytes, ec20.o(.text))
<BR><BR>[Calls]<UL><LI><a href="#[10f]">&gt;&gt;</a>&nbsp;&nbsp;&nbsp;__2printf
</UL>
<BR>[Called By]<UL><LI><a href="#[12c]">&gt;&gt;</a>&nbsp;&nbsp;&nbsp;EC20_do
</UL>

<P><STRONG><a name="[128]"></a>EC20_ati</STRONG> (Thumb, 16 bytes, Stack size 0 bytes, ec20.o(.text))
<BR><BR>[Calls]<UL><LI><a href="#[10f]">&gt;&gt;</a>&nbsp;&nbsp;&nbsp;__2printf
</UL>
<BR>[Called By]<UL><LI><a href="#[12c]">&gt;&gt;</a>&nbsp;&nbsp;&nbsp;EC20_do
</UL>

<P><STRONG><a name="[129]"></a>EC20_csq</STRONG> (Thumb, 16 bytes, Stack size 0 bytes, ec20.o(.text))
<BR><BR>[Calls]<UL><LI><a href="#[10f]">&gt;&gt;</a>&nbsp;&nbsp;&nbsp;__2printf
</UL>
<BR>[Called By]<UL><LI><a href="#[12c]">&gt;&gt;</a>&nbsp;&nbsp;&nbsp;EC20_do
</UL>

<P><STRONG><a name="[12a]"></a>EC20_ate0</STRONG> (Thumb, 16 bytes, Stack size 0 bytes, ec20.o(.text))
<BR><BR>[Calls]<UL><LI><a href="#[10f]">&gt;&gt;</a>&nbsp;&nbsp;&nbsp;__2printf
</UL>
<BR>[Called By]<UL><LI><a href="#[12c]">&gt;&gt;</a>&nbsp;&nbsp;&nbsp;EC20_do
</UL>

<P><STRONG><a name="[12b]"></a>EC20_at</STRONG> (Thumb, 16 bytes, Stack size 0 bytes, ec20.o(.text))
<BR><BR>[Calls]<UL><LI><a href="#[10f]">&gt;&gt;</a>&nbsp;&nbsp;&nbsp;__2printf
</UL>
<BR>[Called By]<UL><LI><a href="#[12c]">&gt;&gt;</a>&nbsp;&nbsp;&nbsp;EC20_do
</UL>

<P><STRONG><a name="[12c]"></a>EC20_do</STRONG> (Thumb, 252 bytes, Stack size 0 bytes, ec20.o(.text))
<BR><BR>[Calls]<UL><LI><a href="#[12b]">&gt;&gt;</a>&nbsp;&nbsp;&nbsp;EC20_at
<LI><a href="#[12a]">&gt;&gt;</a>&nbsp;&nbsp;&nbsp;EC20_ate0
<LI><a href="#[129]">&gt;&gt;</a>&nbsp;&nbsp;&nbsp;EC20_csq
<LI><a href="#[128]">&gt;&gt;</a>&nbsp;&nbsp;&nbsp;EC20_ati
<LI><a href="#[127]">&gt;&gt;</a>&nbsp;&nbsp;&nbsp;EC20_ctzu
<LI><a href="#[126]">&gt;&gt;</a>&nbsp;&nbsp;&nbsp;EC20_cpin
<LI><a href="#[125]">&gt;&gt;</a>&nbsp;&nbsp;&nbsp;EC20_creg
<LI><a href="#[124]">&gt;&gt;</a>&nbsp;&nbsp;&nbsp;EC20_cgreg
<LI><a href="#[123]">&gt;&gt;</a>&nbsp;&nbsp;&nbsp;EC20_atcops
<LI><a href="#[122]">&gt;&gt;</a>&nbsp;&nbsp;&nbsp;EC20_atqiclose
<LI><a href="#[121]">&gt;&gt;</a>&nbsp;&nbsp;&nbsp;EC20_atqicsgp
<LI><a href="#[120]">&gt;&gt;</a>&nbsp;&nbsp;&nbsp;EC20_atqideact
<LI><a href="#[11f]">&gt;&gt;</a>&nbsp;&nbsp;&nbsp;EC20_atqiact
<LI><a href="#[11d]">&gt;&gt;</a>&nbsp;&nbsp;&nbsp;EC20_qiopen
<LI><a href="#[11c]">&gt;&gt;</a>&nbsp;&nbsp;&nbsp;EC20_cclk
<LI><a href="#[11a]">&gt;&gt;</a>&nbsp;&nbsp;&nbsp;EC20_send
<LI><a href="#[119]">&gt;&gt;</a>&nbsp;&nbsp;&nbsp;EC20_connect
<LI><a href="#[113]">&gt;&gt;</a>&nbsp;&nbsp;&nbsp;EC20_send_server
<LI><a href="#[110]">&gt;&gt;</a>&nbsp;&nbsp;&nbsp;EC20_quit_trans
<LI><a href="#[10e]">&gt;&gt;</a>&nbsp;&nbsp;&nbsp;EC20ConnectXiaXie
</UL>
<BR>[Called By]<UL><LI><a href="#[13e]">&gt;&gt;</a>&nbsp;&nbsp;&nbsp;EC20_check_init
<LI><a href="#[13d]">&gt;&gt;</a>&nbsp;&nbsp;&nbsp;EC20_check_csq
<LI><a href="#[13c]">&gt;&gt;</a>&nbsp;&nbsp;&nbsp;EC20_check_cclk
<LI><a href="#[139]">&gt;&gt;</a>&nbsp;&nbsp;&nbsp;EC20_check_sendmsg
<LI><a href="#[137]">&gt;&gt;</a>&nbsp;&nbsp;&nbsp;EC20_check_updateData
<LI><a href="#[135]">&gt;&gt;</a>&nbsp;&nbsp;&nbsp;EC20CheckSendXiaXie
<LI><a href="#[138]">&gt;&gt;</a>&nbsp;&nbsp;&nbsp;EC20_close_event
</UL>

<P><STRONG><a name="[136]"></a>EC20_init_num</STRONG> (Thumb, 14 bytes, Stack size 0 bytes, ec20.o(.text))
<BR><BR>[Called By]<UL><LI><a href="#[159]">&gt;&gt;</a>&nbsp;&nbsp;&nbsp;EC20ParseWaitXiaXie
<LI><a href="#[153]">&gt;&gt;</a>&nbsp;&nbsp;&nbsp;EC20_Parse_wait_server
<LI><a href="#[151]">&gt;&gt;</a>&nbsp;&nbsp;&nbsp;EC20_parse_send
<LI><a href="#[13e]">&gt;&gt;</a>&nbsp;&nbsp;&nbsp;EC20_check_init
<LI><a href="#[13d]">&gt;&gt;</a>&nbsp;&nbsp;&nbsp;EC20_check_csq
<LI><a href="#[13c]">&gt;&gt;</a>&nbsp;&nbsp;&nbsp;EC20_check_cclk
<LI><a href="#[139]">&gt;&gt;</a>&nbsp;&nbsp;&nbsp;EC20_check_sendmsg
<LI><a href="#[137]">&gt;&gt;</a>&nbsp;&nbsp;&nbsp;EC20_check_updateData
<LI><a href="#[135]">&gt;&gt;</a>&nbsp;&nbsp;&nbsp;EC20CheckSendXiaXie
</UL>

<P><STRONG><a name="[12d]"></a>createXiaXieTimeData</STRONG> (Thumb, 316 bytes, Stack size 0 bytes, ec20.o(.text))
<BR><BR>[Calls]<UL><LI><a href="#[12f]">&gt;&gt;</a>&nbsp;&nbsp;&nbsp;get_time_tag_pack
<LI><a href="#[12e]">&gt;&gt;</a>&nbsp;&nbsp;&nbsp;get_address_bytes
<LI><a href="#[131]">&gt;&gt;</a>&nbsp;&nbsp;&nbsp;crcCalc
<LI><a href="#[130]">&gt;&gt;</a>&nbsp;&nbsp;&nbsp;byteToBcd
</UL>
<BR>[Called By]<UL><LI><a href="#[134]">&gt;&gt;</a>&nbsp;&nbsp;&nbsp;EC20SendXiaXieData
</UL>

<P><STRONG><a name="[132]"></a>createXiaXieKeepData</STRONG> (Thumb, 140 bytes, Stack size 0 bytes, ec20.o(.text))
<BR><BR>[Calls]<UL><LI><a href="#[12e]">&gt;&gt;</a>&nbsp;&nbsp;&nbsp;get_address_bytes
<LI><a href="#[131]">&gt;&gt;</a>&nbsp;&nbsp;&nbsp;crcCalc
</UL>
<BR>[Called By]<UL><LI><a href="#[134]">&gt;&gt;</a>&nbsp;&nbsp;&nbsp;EC20SendXiaXieData
</UL>

<P><STRONG><a name="[133]"></a>createXiaXieLoginData</STRONG> (Thumb, 140 bytes, Stack size 0 bytes, ec20.o(.text))
<BR><BR>[Calls]<UL><LI><a href="#[12e]">&gt;&gt;</a>&nbsp;&nbsp;&nbsp;get_address_bytes
<LI><a href="#[131]">&gt;&gt;</a>&nbsp;&nbsp;&nbsp;crcCalc
</UL>
<BR>[Called By]<UL><LI><a href="#[134]">&gt;&gt;</a>&nbsp;&nbsp;&nbsp;EC20SendXiaXieData
</UL>

<P><STRONG><a name="[134]"></a>EC20SendXiaXieData</STRONG> (Thumb, 464 bytes, Stack size 0 bytes, ec20.o(.text))
<BR><BR>[Calls]<UL><LI><a href="#[133]">&gt;&gt;</a>&nbsp;&nbsp;&nbsp;createXiaXieLoginData
<LI><a href="#[132]">&gt;&gt;</a>&nbsp;&nbsp;&nbsp;createXiaXieKeepData
<LI><a href="#[12d]">&gt;&gt;</a>&nbsp;&nbsp;&nbsp;createXiaXieTimeData
<LI><a href="#[85]">&gt;&gt;</a>&nbsp;&nbsp;&nbsp;delay_ms
<LI><a href="#[10c]">&gt;&gt;</a>&nbsp;&nbsp;&nbsp;__aeabi_memclr4
</UL>
<BR>[Called By]<UL><LI><a href="#[15b]">&gt;&gt;</a>&nbsp;&nbsp;&nbsp;EC20ParseConnectXiaXie
<LI><a href="#[159]">&gt;&gt;</a>&nbsp;&nbsp;&nbsp;EC20ParseWaitXiaXie
<LI><a href="#[135]">&gt;&gt;</a>&nbsp;&nbsp;&nbsp;EC20CheckSendXiaXie
</UL>

<P><STRONG><a name="[135]"></a>EC20CheckSendXiaXie</STRONG> (Thumb, 636 bytes, Stack size 0 bytes, ec20.o(.text))
<BR><BR>[Calls]<UL><LI><a href="#[134]">&gt;&gt;</a>&nbsp;&nbsp;&nbsp;EC20SendXiaXieData
<LI><a href="#[136]">&gt;&gt;</a>&nbsp;&nbsp;&nbsp;EC20_init_num
<LI><a href="#[12c]">&gt;&gt;</a>&nbsp;&nbsp;&nbsp;EC20_do
</UL>
<BR>[Called By]<UL><LI><a href="#[9d]">&gt;&gt;</a>&nbsp;&nbsp;&nbsp;EC20_check
</UL>

<P><STRONG><a name="[137]"></a>EC20_check_updateData</STRONG> (Thumb, 522 bytes, Stack size 0 bytes, ec20.o(.text))
<BR><BR>[Calls]<UL><LI><a href="#[136]">&gt;&gt;</a>&nbsp;&nbsp;&nbsp;EC20_init_num
<LI><a href="#[12c]">&gt;&gt;</a>&nbsp;&nbsp;&nbsp;EC20_do
<LI><a href="#[108]">&gt;&gt;</a>&nbsp;&nbsp;&nbsp;push_event
</UL>
<BR>[Called By]<UL><LI><a href="#[9d]">&gt;&gt;</a>&nbsp;&nbsp;&nbsp;EC20_check
</UL>

<P><STRONG><a name="[139]"></a>EC20_check_sendmsg</STRONG> (Thumb, 884 bytes, Stack size 0 bytes, ec20.o(.text))
<BR><BR>[Calls]<UL><LI><a href="#[13a]">&gt;&gt;</a>&nbsp;&nbsp;&nbsp;SDPopHistoryData
<LI><a href="#[13b]">&gt;&gt;</a>&nbsp;&nbsp;&nbsp;EC20DataFcb
<LI><a href="#[136]">&gt;&gt;</a>&nbsp;&nbsp;&nbsp;EC20_init_num
<LI><a href="#[12c]">&gt;&gt;</a>&nbsp;&nbsp;&nbsp;EC20_do
<LI><a href="#[138]">&gt;&gt;</a>&nbsp;&nbsp;&nbsp;EC20_close_event
</UL>
<BR>[Called By]<UL><LI><a href="#[9d]">&gt;&gt;</a>&nbsp;&nbsp;&nbsp;EC20_check
</UL>

<P><STRONG><a name="[13c]"></a>EC20_check_cclk</STRONG> (Thumb, 158 bytes, Stack size 0 bytes, ec20.o(.text))
<BR><BR>[Calls]<UL><LI><a href="#[136]">&gt;&gt;</a>&nbsp;&nbsp;&nbsp;EC20_init_num
<LI><a href="#[12c]">&gt;&gt;</a>&nbsp;&nbsp;&nbsp;EC20_do
</UL>
<BR>[Called By]<UL><LI><a href="#[9d]">&gt;&gt;</a>&nbsp;&nbsp;&nbsp;EC20_check
</UL>

<P><STRONG><a name="[13d]"></a>EC20_check_csq</STRONG> (Thumb, 158 bytes, Stack size 0 bytes, ec20.o(.text))
<BR><BR>[Calls]<UL><LI><a href="#[136]">&gt;&gt;</a>&nbsp;&nbsp;&nbsp;EC20_init_num
<LI><a href="#[12c]">&gt;&gt;</a>&nbsp;&nbsp;&nbsp;EC20_do
</UL>
<BR>[Called By]<UL><LI><a href="#[9d]">&gt;&gt;</a>&nbsp;&nbsp;&nbsp;EC20_check
</UL>

<P><STRONG><a name="[13e]"></a>EC20_check_init</STRONG> (Thumb, 226 bytes, Stack size 0 bytes, ec20.o(.text))
<BR><BR>[Calls]<UL><LI><a href="#[13f]">&gt;&gt;</a>&nbsp;&nbsp;&nbsp;EC20_Restart
<LI><a href="#[136]">&gt;&gt;</a>&nbsp;&nbsp;&nbsp;EC20_init_num
<LI><a href="#[12c]">&gt;&gt;</a>&nbsp;&nbsp;&nbsp;EC20_do
</UL>
<BR>[Called By]<UL><LI><a href="#[9d]">&gt;&gt;</a>&nbsp;&nbsp;&nbsp;EC20_check
</UL>

<P><STRONG><a name="[9d]"></a>EC20_check</STRONG> (Thumb, 118 bytes, Stack size 0 bytes, ec20.o(.text))
<BR><BR>[Calls]<UL><LI><a href="#[140]">&gt;&gt;</a>&nbsp;&nbsp;&nbsp;pop_ec20_event
<LI><a href="#[13e]">&gt;&gt;</a>&nbsp;&nbsp;&nbsp;EC20_check_init
<LI><a href="#[13d]">&gt;&gt;</a>&nbsp;&nbsp;&nbsp;EC20_check_csq
<LI><a href="#[13c]">&gt;&gt;</a>&nbsp;&nbsp;&nbsp;EC20_check_cclk
<LI><a href="#[139]">&gt;&gt;</a>&nbsp;&nbsp;&nbsp;EC20_check_sendmsg
<LI><a href="#[137]">&gt;&gt;</a>&nbsp;&nbsp;&nbsp;EC20_check_updateData
<LI><a href="#[135]">&gt;&gt;</a>&nbsp;&nbsp;&nbsp;EC20CheckSendXiaXie
</UL>
<BR>[Called By]<UL><LI><a href="#[15b]">&gt;&gt;</a>&nbsp;&nbsp;&nbsp;EC20ParseConnectXiaXie
<LI><a href="#[151]">&gt;&gt;</a>&nbsp;&nbsp;&nbsp;EC20_parse_send
<LI><a href="#[150]">&gt;&gt;</a>&nbsp;&nbsp;&nbsp;EC20_parse_qiopen
<LI><a href="#[14e]">&gt;&gt;</a>&nbsp;&nbsp;&nbsp;EC20_parsecclk
<LI><a href="#[14d]">&gt;&gt;</a>&nbsp;&nbsp;&nbsp;EC20_parsedefault
<LI><a href="#[14c]">&gt;&gt;</a>&nbsp;&nbsp;&nbsp;EC20_parseatqiact
<LI><a href="#[14b]">&gt;&gt;</a>&nbsp;&nbsp;&nbsp;EC20_parseatqideact
<LI><a href="#[14a]">&gt;&gt;</a>&nbsp;&nbsp;&nbsp;EC20_parseatqicsgp
<LI><a href="#[149]">&gt;&gt;</a>&nbsp;&nbsp;&nbsp;EC20_parsecgreg
<LI><a href="#[148]">&gt;&gt;</a>&nbsp;&nbsp;&nbsp;EC20_parsecreg
<LI><a href="#[147]">&gt;&gt;</a>&nbsp;&nbsp;&nbsp;EC20_parsecpin
<LI><a href="#[146]">&gt;&gt;</a>&nbsp;&nbsp;&nbsp;EC20_parsecsq
<LI><a href="#[142]">&gt;&gt;</a>&nbsp;&nbsp;&nbsp;EC20_parse_at
<LI><a href="#[be]">&gt;&gt;</a>&nbsp;&nbsp;&nbsp;EC20_Init
<LI><a href="#[9c]">&gt;&gt;</a>&nbsp;&nbsp;&nbsp;parseEvent
</UL>

<P><STRONG><a name="[be]"></a>EC20_Init</STRONG> (Thumb, 90 bytes, Stack size 0 bytes, ec20.o(.text))
<BR><BR>[Calls]<UL><LI><a href="#[9d]">&gt;&gt;</a>&nbsp;&nbsp;&nbsp;EC20_check
</UL>
<BR>[Called By]<UL><LI><a href="#[13f]">&gt;&gt;</a>&nbsp;&nbsp;&nbsp;EC20_Restart
<LI><a href="#[7d]">&gt;&gt;</a>&nbsp;&nbsp;&nbsp;main
</UL>

<P><STRONG><a name="[13f]"></a>EC20_Restart</STRONG> (Thumb, 50 bytes, Stack size 0 bytes, ec20.o(.text))
<BR><BR>[Calls]<UL><LI><a href="#[85]">&gt;&gt;</a>&nbsp;&nbsp;&nbsp;delay_ms
<LI><a href="#[be]">&gt;&gt;</a>&nbsp;&nbsp;&nbsp;EC20_Init
</UL>
<BR>[Called By]<UL><LI><a href="#[13e]">&gt;&gt;</a>&nbsp;&nbsp;&nbsp;EC20_check_init
</UL>

<P><STRONG><a name="[141]"></a>EC20_pushCheck</STRONG> (Thumb, 16 bytes, Stack size 0 bytes, ec20.o(.text), UNUSED)
<BR><BR>[Calls]<UL><LI><a href="#[108]">&gt;&gt;</a>&nbsp;&nbsp;&nbsp;push_event
</UL>

<P><STRONG><a name="[145]"></a>EC20_success_num</STRONG> (Thumb, 20 bytes, Stack size 0 bytes, ec20.o(.text))
<BR><BR>[Called By]<UL><LI><a href="#[158]">&gt;&gt;</a>&nbsp;&nbsp;&nbsp;EC20_parse_quit_trans
<LI><a href="#[152]">&gt;&gt;</a>&nbsp;&nbsp;&nbsp;EC20_parse_waitreply
<LI><a href="#[151]">&gt;&gt;</a>&nbsp;&nbsp;&nbsp;EC20_parse_send
<LI><a href="#[150]">&gt;&gt;</a>&nbsp;&nbsp;&nbsp;EC20_parse_qiopen
<LI><a href="#[14e]">&gt;&gt;</a>&nbsp;&nbsp;&nbsp;EC20_parsecclk
<LI><a href="#[14d]">&gt;&gt;</a>&nbsp;&nbsp;&nbsp;EC20_parsedefault
<LI><a href="#[14c]">&gt;&gt;</a>&nbsp;&nbsp;&nbsp;EC20_parseatqiact
<LI><a href="#[14b]">&gt;&gt;</a>&nbsp;&nbsp;&nbsp;EC20_parseatqideact
<LI><a href="#[14a]">&gt;&gt;</a>&nbsp;&nbsp;&nbsp;EC20_parseatqicsgp
<LI><a href="#[149]">&gt;&gt;</a>&nbsp;&nbsp;&nbsp;EC20_parsecgreg
<LI><a href="#[148]">&gt;&gt;</a>&nbsp;&nbsp;&nbsp;EC20_parsecreg
<LI><a href="#[147]">&gt;&gt;</a>&nbsp;&nbsp;&nbsp;EC20_parsecpin
<LI><a href="#[146]">&gt;&gt;</a>&nbsp;&nbsp;&nbsp;EC20_parsecsq
<LI><a href="#[142]">&gt;&gt;</a>&nbsp;&nbsp;&nbsp;EC20_parse_at
</UL>

<P><STRONG><a name="[144]"></a>EC20_failed_num</STRONG> (Thumb, 76 bytes, Stack size 0 bytes, ec20.o(.text))
<BR><BR>[Called By]<UL><LI><a href="#[15b]">&gt;&gt;</a>&nbsp;&nbsp;&nbsp;EC20ParseConnectXiaXie
<LI><a href="#[151]">&gt;&gt;</a>&nbsp;&nbsp;&nbsp;EC20_parse_send
<LI><a href="#[150]">&gt;&gt;</a>&nbsp;&nbsp;&nbsp;EC20_parse_qiopen
<LI><a href="#[14e]">&gt;&gt;</a>&nbsp;&nbsp;&nbsp;EC20_parsecclk
<LI><a href="#[14c]">&gt;&gt;</a>&nbsp;&nbsp;&nbsp;EC20_parseatqiact
<LI><a href="#[14b]">&gt;&gt;</a>&nbsp;&nbsp;&nbsp;EC20_parseatqideact
<LI><a href="#[14a]">&gt;&gt;</a>&nbsp;&nbsp;&nbsp;EC20_parseatqicsgp
<LI><a href="#[149]">&gt;&gt;</a>&nbsp;&nbsp;&nbsp;EC20_parsecgreg
<LI><a href="#[148]">&gt;&gt;</a>&nbsp;&nbsp;&nbsp;EC20_parsecreg
<LI><a href="#[147]">&gt;&gt;</a>&nbsp;&nbsp;&nbsp;EC20_parsecpin
<LI><a href="#[146]">&gt;&gt;</a>&nbsp;&nbsp;&nbsp;EC20_parsecsq
<LI><a href="#[142]">&gt;&gt;</a>&nbsp;&nbsp;&nbsp;EC20_parse_at
</UL>

<P><STRONG><a name="[142]"></a>EC20_parse_at</STRONG> (Thumb, 34 bytes, Stack size 0 bytes, ec20.o(.text))
<BR><BR>[Calls]<UL><LI><a href="#[144]">&gt;&gt;</a>&nbsp;&nbsp;&nbsp;EC20_failed_num
<LI><a href="#[145]">&gt;&gt;</a>&nbsp;&nbsp;&nbsp;EC20_success_num
<LI><a href="#[10d]">&gt;&gt;</a>&nbsp;&nbsp;&nbsp;Clear_Buffer
<LI><a href="#[9d]">&gt;&gt;</a>&nbsp;&nbsp;&nbsp;EC20_check
<LI><a href="#[143]">&gt;&gt;</a>&nbsp;&nbsp;&nbsp;strstr
</UL>
<BR>[Called By]<UL><LI><a href="#[9f]">&gt;&gt;</a>&nbsp;&nbsp;&nbsp;EC20_parse
</UL>

<P><STRONG><a name="[146]"></a>EC20_parsecsq</STRONG> (Thumb, 160 bytes, Stack size 0 bytes, ec20.o(.text))
<BR><BR>[Calls]<UL><LI><a href="#[144]">&gt;&gt;</a>&nbsp;&nbsp;&nbsp;EC20_failed_num
<LI><a href="#[145]">&gt;&gt;</a>&nbsp;&nbsp;&nbsp;EC20_success_num
<LI><a href="#[10d]">&gt;&gt;</a>&nbsp;&nbsp;&nbsp;Clear_Buffer
<LI><a href="#[9d]">&gt;&gt;</a>&nbsp;&nbsp;&nbsp;EC20_check
<LI><a href="#[143]">&gt;&gt;</a>&nbsp;&nbsp;&nbsp;strstr
</UL>
<BR>[Called By]<UL><LI><a href="#[9f]">&gt;&gt;</a>&nbsp;&nbsp;&nbsp;EC20_parse
</UL>

<P><STRONG><a name="[147]"></a>EC20_parsecpin</STRONG> (Thumb, 34 bytes, Stack size 0 bytes, ec20.o(.text))
<BR><BR>[Calls]<UL><LI><a href="#[144]">&gt;&gt;</a>&nbsp;&nbsp;&nbsp;EC20_failed_num
<LI><a href="#[145]">&gt;&gt;</a>&nbsp;&nbsp;&nbsp;EC20_success_num
<LI><a href="#[10d]">&gt;&gt;</a>&nbsp;&nbsp;&nbsp;Clear_Buffer
<LI><a href="#[9d]">&gt;&gt;</a>&nbsp;&nbsp;&nbsp;EC20_check
<LI><a href="#[143]">&gt;&gt;</a>&nbsp;&nbsp;&nbsp;strstr
</UL>
<BR>[Called By]<UL><LI><a href="#[9f]">&gt;&gt;</a>&nbsp;&nbsp;&nbsp;EC20_parse
</UL>

<P><STRONG><a name="[148]"></a>EC20_parsecreg</STRONG> (Thumb, 46 bytes, Stack size 0 bytes, ec20.o(.text))
<BR><BR>[Calls]<UL><LI><a href="#[144]">&gt;&gt;</a>&nbsp;&nbsp;&nbsp;EC20_failed_num
<LI><a href="#[145]">&gt;&gt;</a>&nbsp;&nbsp;&nbsp;EC20_success_num
<LI><a href="#[10d]">&gt;&gt;</a>&nbsp;&nbsp;&nbsp;Clear_Buffer
<LI><a href="#[9d]">&gt;&gt;</a>&nbsp;&nbsp;&nbsp;EC20_check
<LI><a href="#[143]">&gt;&gt;</a>&nbsp;&nbsp;&nbsp;strstr
</UL>
<BR>[Called By]<UL><LI><a href="#[9f]">&gt;&gt;</a>&nbsp;&nbsp;&nbsp;EC20_parse
</UL>

<P><STRONG><a name="[149]"></a>EC20_parsecgreg</STRONG> (Thumb, 46 bytes, Stack size 0 bytes, ec20.o(.text))
<BR><BR>[Calls]<UL><LI><a href="#[144]">&gt;&gt;</a>&nbsp;&nbsp;&nbsp;EC20_failed_num
<LI><a href="#[145]">&gt;&gt;</a>&nbsp;&nbsp;&nbsp;EC20_success_num
<LI><a href="#[10d]">&gt;&gt;</a>&nbsp;&nbsp;&nbsp;Clear_Buffer
<LI><a href="#[9d]">&gt;&gt;</a>&nbsp;&nbsp;&nbsp;EC20_check
<LI><a href="#[143]">&gt;&gt;</a>&nbsp;&nbsp;&nbsp;strstr
</UL>
<BR>[Called By]<UL><LI><a href="#[9f]">&gt;&gt;</a>&nbsp;&nbsp;&nbsp;EC20_parse
</UL>

<P><STRONG><a name="[14a]"></a>EC20_parseatqicsgp</STRONG> (Thumb, 34 bytes, Stack size 0 bytes, ec20.o(.text))
<BR><BR>[Calls]<UL><LI><a href="#[144]">&gt;&gt;</a>&nbsp;&nbsp;&nbsp;EC20_failed_num
<LI><a href="#[145]">&gt;&gt;</a>&nbsp;&nbsp;&nbsp;EC20_success_num
<LI><a href="#[10d]">&gt;&gt;</a>&nbsp;&nbsp;&nbsp;Clear_Buffer
<LI><a href="#[9d]">&gt;&gt;</a>&nbsp;&nbsp;&nbsp;EC20_check
<LI><a href="#[143]">&gt;&gt;</a>&nbsp;&nbsp;&nbsp;strstr
</UL>
<BR>[Called By]<UL><LI><a href="#[9f]">&gt;&gt;</a>&nbsp;&nbsp;&nbsp;EC20_parse
</UL>

<P><STRONG><a name="[14b]"></a>EC20_parseatqideact</STRONG> (Thumb, 34 bytes, Stack size 0 bytes, ec20.o(.text))
<BR><BR>[Calls]<UL><LI><a href="#[144]">&gt;&gt;</a>&nbsp;&nbsp;&nbsp;EC20_failed_num
<LI><a href="#[145]">&gt;&gt;</a>&nbsp;&nbsp;&nbsp;EC20_success_num
<LI><a href="#[10d]">&gt;&gt;</a>&nbsp;&nbsp;&nbsp;Clear_Buffer
<LI><a href="#[9d]">&gt;&gt;</a>&nbsp;&nbsp;&nbsp;EC20_check
<LI><a href="#[143]">&gt;&gt;</a>&nbsp;&nbsp;&nbsp;strstr
</UL>
<BR>[Called By]<UL><LI><a href="#[9f]">&gt;&gt;</a>&nbsp;&nbsp;&nbsp;EC20_parse
</UL>

<P><STRONG><a name="[14c]"></a>EC20_parseatqiact</STRONG> (Thumb, 42 bytes, Stack size 0 bytes, ec20.o(.text))
<BR><BR>[Calls]<UL><LI><a href="#[144]">&gt;&gt;</a>&nbsp;&nbsp;&nbsp;EC20_failed_num
<LI><a href="#[145]">&gt;&gt;</a>&nbsp;&nbsp;&nbsp;EC20_success_num
<LI><a href="#[10d]">&gt;&gt;</a>&nbsp;&nbsp;&nbsp;Clear_Buffer
<LI><a href="#[9d]">&gt;&gt;</a>&nbsp;&nbsp;&nbsp;EC20_check
<LI><a href="#[143]">&gt;&gt;</a>&nbsp;&nbsp;&nbsp;strstr
</UL>
<BR>[Called By]<UL><LI><a href="#[9f]">&gt;&gt;</a>&nbsp;&nbsp;&nbsp;EC20_parse
</UL>

<P><STRONG><a name="[14d]"></a>EC20_parsedefault</STRONG> (Thumb, 16 bytes, Stack size 0 bytes, ec20.o(.text))
<BR><BR>[Calls]<UL><LI><a href="#[145]">&gt;&gt;</a>&nbsp;&nbsp;&nbsp;EC20_success_num
<LI><a href="#[10d]">&gt;&gt;</a>&nbsp;&nbsp;&nbsp;Clear_Buffer
<LI><a href="#[9d]">&gt;&gt;</a>&nbsp;&nbsp;&nbsp;EC20_check
</UL>
<BR>[Called By]<UL><LI><a href="#[9f]">&gt;&gt;</a>&nbsp;&nbsp;&nbsp;EC20_parse
</UL>

<P><STRONG><a name="[14e]"></a>EC20_parsecclk</STRONG> (Thumb, 638 bytes, Stack size 0 bytes, ec20.o(.text))
<BR><BR>[Calls]<UL><LI><a href="#[14f]">&gt;&gt;</a>&nbsp;&nbsp;&nbsp;UTCToBeijing
<LI><a href="#[144]">&gt;&gt;</a>&nbsp;&nbsp;&nbsp;EC20_failed_num
<LI><a href="#[145]">&gt;&gt;</a>&nbsp;&nbsp;&nbsp;EC20_success_num
<LI><a href="#[10d]">&gt;&gt;</a>&nbsp;&nbsp;&nbsp;Clear_Buffer
<LI><a href="#[f2]">&gt;&gt;</a>&nbsp;&nbsp;&nbsp;RTC_SetTime
<LI><a href="#[f3]">&gt;&gt;</a>&nbsp;&nbsp;&nbsp;RTC_SetDate
<LI><a href="#[fc]">&gt;&gt;</a>&nbsp;&nbsp;&nbsp;RTC_GetDate
<LI><a href="#[e8]">&gt;&gt;</a>&nbsp;&nbsp;&nbsp;PWR_BackupAccessCmd
<LI><a href="#[9d]">&gt;&gt;</a>&nbsp;&nbsp;&nbsp;EC20_check
<LI><a href="#[143]">&gt;&gt;</a>&nbsp;&nbsp;&nbsp;strstr
</UL>
<BR>[Called By]<UL><LI><a href="#[9f]">&gt;&gt;</a>&nbsp;&nbsp;&nbsp;EC20_parse
</UL>

<P><STRONG><a name="[150]"></a>EC20_parse_qiopen</STRONG> (Thumb, 70 bytes, Stack size 0 bytes, ec20.o(.text))
<BR><BR>[Calls]<UL><LI><a href="#[144]">&gt;&gt;</a>&nbsp;&nbsp;&nbsp;EC20_failed_num
<LI><a href="#[145]">&gt;&gt;</a>&nbsp;&nbsp;&nbsp;EC20_success_num
<LI><a href="#[10d]">&gt;&gt;</a>&nbsp;&nbsp;&nbsp;Clear_Buffer
<LI><a href="#[9d]">&gt;&gt;</a>&nbsp;&nbsp;&nbsp;EC20_check
<LI><a href="#[143]">&gt;&gt;</a>&nbsp;&nbsp;&nbsp;strstr
</UL>
<BR>[Called By]<UL><LI><a href="#[9f]">&gt;&gt;</a>&nbsp;&nbsp;&nbsp;EC20_parse
</UL>

<P><STRONG><a name="[151]"></a>EC20_parse_send</STRONG> (Thumb, 66 bytes, Stack size 0 bytes, ec20.o(.text))
<BR><BR>[Calls]<UL><LI><a href="#[144]">&gt;&gt;</a>&nbsp;&nbsp;&nbsp;EC20_failed_num
<LI><a href="#[145]">&gt;&gt;</a>&nbsp;&nbsp;&nbsp;EC20_success_num
<LI><a href="#[136]">&gt;&gt;</a>&nbsp;&nbsp;&nbsp;EC20_init_num
<LI><a href="#[10d]">&gt;&gt;</a>&nbsp;&nbsp;&nbsp;Clear_Buffer
<LI><a href="#[9d]">&gt;&gt;</a>&nbsp;&nbsp;&nbsp;EC20_check
<LI><a href="#[143]">&gt;&gt;</a>&nbsp;&nbsp;&nbsp;strstr
</UL>
<BR>[Called By]<UL><LI><a href="#[9f]">&gt;&gt;</a>&nbsp;&nbsp;&nbsp;EC20_parse
</UL>

<P><STRONG><a name="[152]"></a>EC20_parse_waitreply</STRONG> (Thumb, 46 bytes, Stack size 0 bytes, ec20.o(.text))
<BR><BR>[Calls]<UL><LI><a href="#[145]">&gt;&gt;</a>&nbsp;&nbsp;&nbsp;EC20_success_num
<LI><a href="#[10d]">&gt;&gt;</a>&nbsp;&nbsp;&nbsp;Clear_Buffer
<LI><a href="#[10c]">&gt;&gt;</a>&nbsp;&nbsp;&nbsp;__aeabi_memclr4
<LI><a href="#[143]">&gt;&gt;</a>&nbsp;&nbsp;&nbsp;strstr
</UL>
<BR>[Called By]<UL><LI><a href="#[9f]">&gt;&gt;</a>&nbsp;&nbsp;&nbsp;EC20_parse
</UL>

<P><STRONG><a name="[153]"></a>EC20_Parse_wait_server</STRONG> (Thumb, 310 bytes, Stack size 0 bytes, ec20.o(.text))
<BR><BR>[Calls]<UL><LI><a href="#[154]">&gt;&gt;</a>&nbsp;&nbsp;&nbsp;writeUpdateFlash
<LI><a href="#[155]">&gt;&gt;</a>&nbsp;&nbsp;&nbsp;writeFlash
<LI><a href="#[156]">&gt;&gt;</a>&nbsp;&nbsp;&nbsp;hc08_data_to_param
<LI><a href="#[157]">&gt;&gt;</a>&nbsp;&nbsp;&nbsp;eraseUpdateProSector
<LI><a href="#[136]">&gt;&gt;</a>&nbsp;&nbsp;&nbsp;EC20_init_num
<LI><a href="#[113]">&gt;&gt;</a>&nbsp;&nbsp;&nbsp;EC20_send_server
<LI><a href="#[10d]">&gt;&gt;</a>&nbsp;&nbsp;&nbsp;Clear_Buffer
<LI><a href="#[84]">&gt;&gt;</a>&nbsp;&nbsp;&nbsp;SDWriteConfig
<LI><a href="#[94]">&gt;&gt;</a>&nbsp;&nbsp;&nbsp;CheckDataLegality
<LI><a href="#[143]">&gt;&gt;</a>&nbsp;&nbsp;&nbsp;strstr
</UL>
<BR>[Called By]<UL><LI><a href="#[9f]">&gt;&gt;</a>&nbsp;&nbsp;&nbsp;EC20_parse
</UL>

<P><STRONG><a name="[158]"></a>EC20_parse_quit_trans</STRONG> (Thumb, 12 bytes, Stack size 0 bytes, ec20.o(.text))
<BR><BR>[Calls]<UL><LI><a href="#[145]">&gt;&gt;</a>&nbsp;&nbsp;&nbsp;EC20_success_num
<LI><a href="#[10d]">&gt;&gt;</a>&nbsp;&nbsp;&nbsp;Clear_Buffer
</UL>
<BR>[Called By]<UL><LI><a href="#[9f]">&gt;&gt;</a>&nbsp;&nbsp;&nbsp;EC20_parse
</UL>

<P><STRONG><a name="[159]"></a>EC20ParseWaitXiaXie</STRONG> (Thumb, 288 bytes, Stack size 0 bytes, ec20.o(.text))
<BR><BR>[Calls]<UL><LI><a href="#[134]">&gt;&gt;</a>&nbsp;&nbsp;&nbsp;EC20SendXiaXieData
<LI><a href="#[136]">&gt;&gt;</a>&nbsp;&nbsp;&nbsp;EC20_init_num
<LI><a href="#[10d]">&gt;&gt;</a>&nbsp;&nbsp;&nbsp;Clear_Buffer
<LI><a href="#[15a]">&gt;&gt;</a>&nbsp;&nbsp;&nbsp;checkXiaxieDataType
<LI><a href="#[100]">&gt;&gt;</a>&nbsp;&nbsp;&nbsp;SDPushHistoryData
<LI><a href="#[143]">&gt;&gt;</a>&nbsp;&nbsp;&nbsp;strstr
</UL>
<BR>[Called By]<UL><LI><a href="#[9f]">&gt;&gt;</a>&nbsp;&nbsp;&nbsp;EC20_parse
</UL>

<P><STRONG><a name="[15b]"></a>EC20ParseConnectXiaXie</STRONG> (Thumb, 298 bytes, Stack size 0 bytes, ec20.o(.text))
<BR><BR>[Calls]<UL><LI><a href="#[13a]">&gt;&gt;</a>&nbsp;&nbsp;&nbsp;SDPopHistoryData
<LI><a href="#[144]">&gt;&gt;</a>&nbsp;&nbsp;&nbsp;EC20_failed_num
<LI><a href="#[134]">&gt;&gt;</a>&nbsp;&nbsp;&nbsp;EC20SendXiaXieData
<LI><a href="#[10d]">&gt;&gt;</a>&nbsp;&nbsp;&nbsp;Clear_Buffer
<LI><a href="#[9d]">&gt;&gt;</a>&nbsp;&nbsp;&nbsp;EC20_check
<LI><a href="#[143]">&gt;&gt;</a>&nbsp;&nbsp;&nbsp;strstr
</UL>
<BR>[Called By]<UL><LI><a href="#[9f]">&gt;&gt;</a>&nbsp;&nbsp;&nbsp;EC20_parse
</UL>

<P><STRONG><a name="[9f]"></a>EC20_parse</STRONG> (Thumb, 232 bytes, Stack size 0 bytes, ec20.o(.text))
<BR><BR>[Calls]<UL><LI><a href="#[15b]">&gt;&gt;</a>&nbsp;&nbsp;&nbsp;EC20ParseConnectXiaXie
<LI><a href="#[159]">&gt;&gt;</a>&nbsp;&nbsp;&nbsp;EC20ParseWaitXiaXie
<LI><a href="#[158]">&gt;&gt;</a>&nbsp;&nbsp;&nbsp;EC20_parse_quit_trans
<LI><a href="#[153]">&gt;&gt;</a>&nbsp;&nbsp;&nbsp;EC20_Parse_wait_server
<LI><a href="#[152]">&gt;&gt;</a>&nbsp;&nbsp;&nbsp;EC20_parse_waitreply
<LI><a href="#[151]">&gt;&gt;</a>&nbsp;&nbsp;&nbsp;EC20_parse_send
<LI><a href="#[150]">&gt;&gt;</a>&nbsp;&nbsp;&nbsp;EC20_parse_qiopen
<LI><a href="#[14e]">&gt;&gt;</a>&nbsp;&nbsp;&nbsp;EC20_parsecclk
<LI><a href="#[14d]">&gt;&gt;</a>&nbsp;&nbsp;&nbsp;EC20_parsedefault
<LI><a href="#[14c]">&gt;&gt;</a>&nbsp;&nbsp;&nbsp;EC20_parseatqiact
<LI><a href="#[14b]">&gt;&gt;</a>&nbsp;&nbsp;&nbsp;EC20_parseatqideact
<LI><a href="#[14a]">&gt;&gt;</a>&nbsp;&nbsp;&nbsp;EC20_parseatqicsgp
<LI><a href="#[149]">&gt;&gt;</a>&nbsp;&nbsp;&nbsp;EC20_parsecgreg
<LI><a href="#[148]">&gt;&gt;</a>&nbsp;&nbsp;&nbsp;EC20_parsecreg
<LI><a href="#[147]">&gt;&gt;</a>&nbsp;&nbsp;&nbsp;EC20_parsecpin
<LI><a href="#[146]">&gt;&gt;</a>&nbsp;&nbsp;&nbsp;EC20_parsecsq
<LI><a href="#[142]">&gt;&gt;</a>&nbsp;&nbsp;&nbsp;EC20_parse_at
</UL>
<BR>[Called By]<UL><LI><a href="#[9c]">&gt;&gt;</a>&nbsp;&nbsp;&nbsp;parseEvent
</UL>

<P><STRONG><a name="[15c]"></a>EC20Send_StrData</STRONG> (Thumb, 210 bytes, Stack size 0 bytes, ec20.o(.text), UNUSED)
<BR><BR>[Calls]<UL><LI><a href="#[10d]">&gt;&gt;</a>&nbsp;&nbsp;&nbsp;Clear_Buffer
<LI><a href="#[d0]">&gt;&gt;</a>&nbsp;&nbsp;&nbsp;USART_SendData
<LI><a href="#[cf]">&gt;&gt;</a>&nbsp;&nbsp;&nbsp;USART_GetFlagStatus
<LI><a href="#[85]">&gt;&gt;</a>&nbsp;&nbsp;&nbsp;delay_ms
<LI><a href="#[143]">&gt;&gt;</a>&nbsp;&nbsp;&nbsp;strstr
<LI><a href="#[10f]">&gt;&gt;</a>&nbsp;&nbsp;&nbsp;__2printf
</UL>

<P><STRONG><a name="[15d]"></a>EC20Send_HexData</STRONG> (Thumb, 90 bytes, Stack size 0 bytes, ec20.o(.text), UNUSED)
<BR><BR>[Calls]<UL><LI><a href="#[10d]">&gt;&gt;</a>&nbsp;&nbsp;&nbsp;Clear_Buffer
<LI><a href="#[d0]">&gt;&gt;</a>&nbsp;&nbsp;&nbsp;USART_SendData
<LI><a href="#[85]">&gt;&gt;</a>&nbsp;&nbsp;&nbsp;delay_ms
<LI><a href="#[10f]">&gt;&gt;</a>&nbsp;&nbsp;&nbsp;__2printf
</UL>
<BR>[Called By]<UL><LI><a href="#[15e]">&gt;&gt;</a>&nbsp;&nbsp;&nbsp;EC20Recv_Data
</UL>

<P><STRONG><a name="[15e]"></a>EC20Recv_Data</STRONG> (Thumb, 86 bytes, Stack size 0 bytes, ec20.o(.text), UNUSED)
<BR><BR>[Calls]<UL><LI><a href="#[15d]">&gt;&gt;</a>&nbsp;&nbsp;&nbsp;EC20Send_HexData
<LI><a href="#[10d]">&gt;&gt;</a>&nbsp;&nbsp;&nbsp;Clear_Buffer
<LI><a href="#[10c]">&gt;&gt;</a>&nbsp;&nbsp;&nbsp;__aeabi_memclr4
<LI><a href="#[15f]">&gt;&gt;</a>&nbsp;&nbsp;&nbsp;__2sprintf
</UL>

<P><STRONG><a name="[160]"></a>EC20Send_HexData_JxJS</STRONG> (Thumb, 120 bytes, Stack size 0 bytes, ec20.o(.text), UNUSED)
<BR><BR>[Calls]<UL><LI><a href="#[10d]">&gt;&gt;</a>&nbsp;&nbsp;&nbsp;Clear_Buffer
<LI><a href="#[d0]">&gt;&gt;</a>&nbsp;&nbsp;&nbsp;USART_SendData
<LI><a href="#[85]">&gt;&gt;</a>&nbsp;&nbsp;&nbsp;delay_ms
<LI><a href="#[10c]">&gt;&gt;</a>&nbsp;&nbsp;&nbsp;__aeabi_memclr4
<LI><a href="#[15f]">&gt;&gt;</a>&nbsp;&nbsp;&nbsp;__2sprintf
<LI><a href="#[10f]">&gt;&gt;</a>&nbsp;&nbsp;&nbsp;__2printf
</UL>

<P><STRONG><a name="[b4]"></a>IWDG_Init</STRONG> (Thumb, 36 bytes, Stack size 0 bytes, iwdg.o(.text))
<BR><BR>[Calls]<UL><LI><a href="#[161]">&gt;&gt;</a>&nbsp;&nbsp;&nbsp;IWDG_WriteAccessCmd
<LI><a href="#[163]">&gt;&gt;</a>&nbsp;&nbsp;&nbsp;IWDG_SetReload
<LI><a href="#[162]">&gt;&gt;</a>&nbsp;&nbsp;&nbsp;IWDG_SetPrescaler
<LI><a href="#[164]">&gt;&gt;</a>&nbsp;&nbsp;&nbsp;IWDG_ReloadCounter
<LI><a href="#[165]">&gt;&gt;</a>&nbsp;&nbsp;&nbsp;IWDG_Enable
</UL>
<BR>[Called By]<UL><LI><a href="#[7d]">&gt;&gt;</a>&nbsp;&nbsp;&nbsp;main
</UL>

<P><STRONG><a name="[9e]"></a>IWDG_Feed</STRONG> (Thumb, 8 bytes, Stack size 0 bytes, iwdg.o(.text))
<BR><BR>[Calls]<UL><LI><a href="#[164]">&gt;&gt;</a>&nbsp;&nbsp;&nbsp;IWDG_ReloadCounter
</UL>
<BR>[Called By]<UL><LI><a href="#[10d]">&gt;&gt;</a>&nbsp;&nbsp;&nbsp;Clear_Buffer
<LI><a href="#[9c]">&gt;&gt;</a>&nbsp;&nbsp;&nbsp;parseEvent
</UL>

<P><STRONG><a name="[131]"></a>crcCalc</STRONG> (Thumb, 56 bytes, Stack size 0 bytes, protocol.o(.text))
<BR><BR>[Called By]<UL><LI><a href="#[17b]">&gt;&gt;</a>&nbsp;&nbsp;&nbsp;make_hydrology_pack
<LI><a href="#[17a]">&gt;&gt;</a>&nbsp;&nbsp;&nbsp;data_fcb_sub
<LI><a href="#[183]">&gt;&gt;</a>&nbsp;&nbsp;&nbsp;createPackPro1
<LI><a href="#[133]">&gt;&gt;</a>&nbsp;&nbsp;&nbsp;createXiaXieLoginData
<LI><a href="#[132]">&gt;&gt;</a>&nbsp;&nbsp;&nbsp;createXiaXieKeepData
<LI><a href="#[12d]">&gt;&gt;</a>&nbsp;&nbsp;&nbsp;createXiaXieTimeData
</UL>

[...]
<BR><BR>[Calls]<UL><LI><a href="#[191]">&gt;&gt;</a>&nbsp;&nbsp;&nbsp;Uart3_SendStr
<LI><a href="#[117]">&gt;&gt;</a>&nbsp;&nbsp;&nbsp;createSuccessData
</UL>
<BR>[Called By]<UL><LI><a href="#[197]">&gt;&gt;</a>&nbsp;&nbsp;&nbsp;send_data_to_hc08
</UL>

<P><STRONG><a name="[192]"></a>send_failed_hc08</STRONG> (Thumb, 28 bytes, Stack size 0 bytes, hc08.o(.text))
<BR><BR>[Calls]<UL><LI><a href="#[191]">&gt;&gt;</a>&nbsp;&nbsp;&nbsp;Uart3_SendStr
<LI><a href="#[118]">&gt;&gt;</a>&nbsp;&nbsp;&nbsp;createFailedData
</UL>
<BR>[Called By]<UL><LI><a href="#[197]">&gt;&gt;</a>&nbsp;&nbsp;&nbsp;send_data_to_hc08
</UL>

<P><STRONG><a name="[193]"></a>send_device_protoclo_data</STRONG> (Thumb, 724 bytes, Stack size 0 bytes, hc08.o(.text))
<BR><BR>[Calls]<UL><LI><a href="#[191]">&gt;&gt;</a>&nbsp;&nbsp;&nbsp;Uart3_SendStr
<LI><a href="#[18f]">&gt;&gt;</a>&nbsp;&nbsp;&nbsp;appendStringToData
<LI><a href="#[18e]">&gt;&gt;</a>&nbsp;&nbsp;&nbsp;append_header_to_data
<LI><a href="#[97]">&gt;&gt;</a>&nbsp;&nbsp;&nbsp;modBusCRC16
<LI><a href="#[10c]">&gt;&gt;</a>&nbsp;&nbsp;&nbsp;__aeabi_memclr4
<LI><a href="#[15f]">&gt;&gt;</a>&nbsp;&nbsp;&nbsp;__2sprintf
</UL>
<BR>[Called By]<UL><LI><a href="#[197]">&gt;&gt;</a>&nbsp;&nbsp;&nbsp;send_data_to_hc08
</UL>

<P><STRONG><a name="[194]"></a>send_device_real_to_data</STRONG> (Thumb, 1398 bytes, Stack size 0 bytes, hc08.o(.text))
<BR><BR>[Calls]<UL><LI><a href="#[191]">&gt;&gt;</a>&nbsp;&nbsp;&nbsp;Uart3_SendStr
<LI><a href="#[18e]">&gt;&gt;</a>&nbsp;&nbsp;&nbsp;append_header_to_data
<LI><a href="#[97]">&gt;&gt;</a>&nbsp;&nbsp;&nbsp;modBusCRC16
<LI><a href="#[99]">&gt;&gt;</a>&nbsp;&nbsp;&nbsp;appendUint32ToData
<LI><a href="#[96]">&gt;&gt;</a>&nbsp;&nbsp;&nbsp;appendUint16ToData
<LI><a href="#[90]">&gt;&gt;</a>&nbsp;&nbsp;&nbsp;__aeabi_dmul
<LI><a href="#[95]">&gt;&gt;</a>&nbsp;&nbsp;&nbsp;__aeabi_d2uiz
<LI><a href="#[91]">&gt;&gt;</a>&nbsp;&nbsp;&nbsp;__aeabi_ddiv
<LI><a href="#[10c]">&gt;&gt;</a>&nbsp;&nbsp;&nbsp;__aeabi_memclr4
</UL>
<BR>[Called By]<UL><LI><a href="#[197]">&gt;&gt;</a>&nbsp;&nbsp;&nbsp;send_data_to_hc08
</UL>

<P><STRONG><a name="[195]"></a>send_platform_data</STRONG> (Thumb, 1136 bytes, Stack size 0 bytes, hc08.o(.text))
<BR><BR>[Calls]<UL><LI><a href="#[191]">&gt;&gt;</a>&nbsp;&nbsp;&nbsp;Uart3_SendStr
<LI><a href="#[18f]">&gt;&gt;</a>&nbsp;&nbsp;&nbsp;appendStringToData
<LI><a href="#[18e]">&gt;&gt;</a>&nbsp;&nbsp;&nbsp;append_header_to_data
<LI><a href="#[12e]">&gt;&gt;</a>&nbsp;&nbsp;&nbsp;get_address_bytes
<LI><a href="#[97]">&gt;&gt;</a>&nbsp;&nbsp;&nbsp;modBusCRC16
<LI><a href="#[10c]">&gt;&gt;</a>&nbsp;&nbsp;&nbsp;__aeabi_memclr4
<LI><a href="#[15f]">&gt;&gt;</a>&nbsp;&nbsp;&nbsp;__2sprintf
</UL>
<BR>[Called By]<UL><LI><a href="#[197]">&gt;&gt;</a>&nbsp;&nbsp;&nbsp;send_data_to_hc08
</UL>

<P><STRONG><a name="[196]"></a>send_RTU_data</STRONG> (Thumb, 488 bytes, Stack size 0 bytes, hc08.o(.text))
<BR><BR>[Calls]<UL><LI><a href="#[191]">&gt;&gt;</a>&nbsp;&nbsp;&nbsp;Uart3_SendStr
<LI><a href="#[18f]">&gt;&gt;</a>&nbsp;&nbsp;&nbsp;appendStringToData
<LI><a href="#[18e]">&gt;&gt;</a>&nbsp;&nbsp;&nbsp;append_header_to_data
<LI><a href="#[97]">&gt;&gt;</a>&nbsp;&nbsp;&nbsp;modBusCRC16
<LI><a href="#[10c]">&gt;&gt;</a>&nbsp;&nbsp;&nbsp;__aeabi_memclr4
<LI><a href="#[15f]">&gt;&gt;</a>&nbsp;&nbsp;&nbsp;__2sprintf
</UL>
<BR>[Called By]<UL><LI><a href="#[197]">&gt;&gt;</a>&nbsp;&nbsp;&nbsp;send_data_to_hc08
</UL>

<P><STRONG><a name="[197]"></a>send_data_to_hc08</STRONG> (Thumb, 70 bytes, Stack size 0 bytes, hc08.o(.text))
<BR><BR>[Calls]<UL><LI><a href="#[196]">&gt;&gt;</a>&nbsp;&nbsp;&nbsp;send_RTU_data
<LI><a href="#[195]">&gt;&gt;</a>&nbsp;&nbsp;&nbsp;send_platform_data
<LI><a href="#[194]">&gt;&gt;</a>&nbsp;&nbsp;&nbsp;send_device_real_to_data
<LI><a href="#[193]">&gt;&gt;</a>&nbsp;&nbsp;&nbsp;send_device_protoclo_data
<LI><a href="#[192]">&gt;&gt;</a>&nbsp;&nbsp;&nbsp;send_failed_hc08
<LI><a href="#[190]">&gt;&gt;</a>&nbsp;&nbsp;&nbsp;send_success_hc08
</UL>
<BR>[Called By]<UL><LI><a href="#[a0]">&gt;&gt;</a>&nbsp;&nbsp;&nbsp;read_uart3
</UL>

<P><STRONG><a name="[1a0]"></a>flash_packet_to_data</STRONG> (Thumb, 592 bytes, Stack size 0 bytes, flash.o(.text), UNUSED)
<BR><BR>[Calls]<UL><LI><a href="#[1a1]">&gt;&gt;</a>&nbsp;&nbsp;&nbsp;jxjs_double2data
</UL>
<BR>[Called By]<UL><LI><a href="#[1ac]">&gt;&gt;</a>&nbsp;&nbsp;&nbsp;write_packet_to_flash
</UL>

<P><STRONG><a name="[1a2]"></a>flash_data_to_packet</STRONG> (Thumb, 604 bytes, Stack size 0 bytes, flash.o(.text), UNUSED)
<BR><BR>[Calls]<UL><LI><a href="#[1a3]">&gt;&gt;</a>&nbsp;&nbsp;&nbsp;jxjs_data2double
<LI><a href="#[11e]">&gt;&gt;</a>&nbsp;&nbsp;&nbsp;__aeabi_memcpy4
</UL>
<BR>[Called By]<UL><LI><a href="#[1aa]">&gt;&gt;</a>&nbsp;&nbsp;&nbsp;read_packet_from_flash
</UL>

<P><STRONG><a name="[1a9]"></a>create_erase_pack</STRONG> (Thumb, 34 bytes, Stack size 0 bytes, flash.o(.text), UNUSED)
<BR><BR>[Called By]<UL><LI><a href="#[1a8]">&gt;&gt;</a>&nbsp;&nbsp;&nbsp;init_sector
</UL>

<P><STRONG><a name="[1a5]"></a>addr_is_sector_header</STRONG> (Thumb, 130 bytes, Stack size 0 bytes, flash.o(.text), UNUSED)
<BR><BR>[Called By]<UL><LI><a href="#[1a8]">&gt;&gt;</a>&nbsp;&nbsp;&nbsp;init_sector
<LI><a href="#[1a4]">&gt;&gt;</a>&nbsp;&nbsp;&nbsp;sector_isErase
</UL>

<P><STRONG><a name="[1a4]"></a>sector_isErase</STRONG> (Thumb, 56 bytes, Stack size 0 bytes, flash.o(.text), UNUSED)
<BR><BR>[Calls]<UL><LI><a href="#[1a6]">&gt;&gt;</a>&nbsp;&nbsp;&nbsp;STMFLASH_ReadByte
<LI><a href="#[1a5]">&gt;&gt;</a>&nbsp;&nbsp;&nbsp;addr_is_sector_header
</UL>
<BR>[Called By]<UL><LI><a href="#[1a7]">&gt;&gt;</a>&nbsp;&nbsp;&nbsp;getcurrent_addr
</UL>

<P><STRONG><a name="[1a7]"></a>getcurrent_addr</STRONG> (Thumb, 212 bytes, Stack size 0 bytes, flash.o(.text), UNUSED)
<BR><BR>[Calls]<UL><LI><a href="#[1a6]">&gt;&gt;</a>&nbsp;&nbsp;&nbsp;STMFLASH_ReadByte
<LI><a href="#[1a4]">&gt;&gt;</a>&nbsp;&nbsp;&nbsp;sector_isErase
</UL>
<BR>[Called By]<UL><LI><a href="#[1ac]">&gt;&gt;</a>&nbsp;&nbsp;&nbsp;write_packet_to_flash
<LI><a href="#[1aa]">&gt;&gt;</a>&nbsp;&nbsp;&nbsp;read_packet_from_flash
</UL>

<P><STRONG><a name="[1a8]"></a>init_sector</STRONG> (Thumb, 284 bytes, Stack size 0 bytes, flash.o(.text), UNUSED)
<BR><BR>[Calls]<UL><LI><a href="#[19b]">&gt;&gt;</a>&nbsp;&nbsp;&nbsp;FLASH_Unlock
<LI><a href="#[19f]">&gt;&gt;</a>&nbsp;&nbsp;&nbsp;FLASH_ProgramByte
<LI><a href="#[19e]">&gt;&gt;</a>&nbsp;&nbsp;&nbsp;FLASH_Lock
<LI><a href="#[19d]">&gt;&gt;</a>&nbsp;&nbsp;&nbsp;FLASH_EraseSector
<LI><a href="#[19c]">&gt;&gt;</a>&nbsp;&nbsp;&nbsp;FLASH_DataCacheCmd
<LI><a href="#[1a5]">&gt;&gt;</a>&nbsp;&nbsp;&nbsp;addr_is_sector_header
<LI><a href="#[1a9]">&gt;&gt;</a>&nbsp;&nbsp;&nbsp;create_erase_pack
<LI><a href="#[85]">&gt;&gt;</a>&nbsp;&nbsp;&nbsp;delay_ms
</UL>
<BR>[Called By]<UL><LI><a href="#[1ac]">&gt;&gt;</a>&nbsp;&nbsp;&nbsp;write_packet_to_flash
</UL>

<P><STRONG><a name="[1d8]"></a>make_data_main</STRONG> (Thumb, 48 bytes, Stack size 0 bytes, lcdhandle.o(.text))
<BR><BR>[Calls]<UL><LI><a href="#[15f]">&gt;&gt;</a>&nbsp;&nbsp;&nbsp;__2sprintf
</UL>
<BR>[Called By]<UL><LI><a href="#[a1]">&gt;&gt;</a>&nbsp;&nbsp;&nbsp;update_lcd
</UL>

<P><STRONG><a name="[1d9]"></a>make_data_device</STRONG> (Thumb, 120 bytes, Stack size 0 bytes, lcdhandle.o(.text))
<BR><BR>[Calls]<UL><LI><a href="#[15f]">&gt;&gt;</a>&nbsp;&nbsp;&nbsp;__2sprintf
</UL>
<BR>[Called By]<UL><LI><a href="#[a1]">&gt;&gt;</a>&nbsp;&nbsp;&nbsp;update_lcd
</UL>

<P><STRONG><a name="[1da]"></a>make_data_device_data</STRONG> (Thumb, 1452 bytes, Stack size 0 bytes, lcdhandle.o(.text))
<BR><BR>[Calls]<UL><LI><a href="#[16e]">&gt;&gt;</a>&nbsp;&nbsp;&nbsp;__aeabi_cdrcmple
<LI><a href="#[90]">&gt;&gt;</a>&nbsp;&nbsp;&nbsp;__aeabi_dmul
<LI><a href="#[15f]">&gt;&gt;</a>&nbsp;&nbsp;&nbsp;__2sprintf
</UL>
<BR>[Called By]<UL><LI><a href="#[a1]">&gt;&gt;</a>&nbsp;&nbsp;&nbsp;update_lcd
</UL>

<P><STRONG><a name="[1db]"></a>make_data_platform</STRONG> (Thumb, 216 bytes, Stack size 0 bytes, lcdhandle.o(.text))
<BR><BR>[Calls]<UL><LI><a href="#[12e]">&gt;&gt;</a>&nbsp;&nbsp;&nbsp;get_address_bytes
<LI><a href="#[15f]">&gt;&gt;</a>&nbsp;&nbsp;&nbsp;__2sprintf
</UL>
<BR>[Called By]<UL><LI><a href="#[a1]">&gt;&gt;</a>&nbsp;&nbsp;&nbsp;update_lcd
</UL>

<P><STRONG><a name="[1dc]"></a>make_data_platform_data</STRONG> (Thumb, 324 bytes, Stack size 0 bytes, lcdhandle.o(.text))
<BR><BR>[Calls]<UL><LI><a href="#[15f]">&gt;&gt;</a>&nbsp;&nbsp;&nbsp;__2sprintf
</UL>
<BR>[Called By]<UL><LI><a href="#[a1]">&gt;&gt;</a>&nbsp;&nbsp;&nbsp;update_lcd
</UL>

<P><STRONG><a name="[1dd]"></a>make_data_RTU</STRONG> (Thumb, 748 bytes, Stack size 0 bytes, lcdhandle.o(.text))
<BR><BR>[Calls]<UL><LI><a href="#[15f]">&gt;&gt;</a>&nbsp;&nbsp;&nbsp;__2sprintf
</UL>
<BR>[Called By]<UL><LI><a href="#[a1]">&gt;&gt;</a>&nbsp;&nbsp;&nbsp;update_lcd
</UL>

<P><STRONG><a name="[1ef]"></a>handle_waterlevel_protocol1</STRONG> (Thumb, 58 bytes, Stack size 0 bytes, handlewater.o(.text))
<BR><BR>[Calls]<UL><LI><a href="#[10b]">&gt;&gt;</a>&nbsp;&nbsp;&nbsp;Modbus_Send_cmd
</UL>
<BR>[Called By]<UL><LI><a href="#[1f3]">&gt;&gt;</a>&nbsp;&nbsp;&nbsp;handle_waterlevel
</UL>

<P><STRONG><a name="[1f0]"></a>handle_waterlevel_protocol2</STRONG> (Thumb, 688 bytes, Stack size 0 bytes, handlewater.o(.text))
<BR><BR>[Calls]<UL><LI><a href="#[1ee]">&gt;&gt;</a>&nbsp;&nbsp;&nbsp;Get_Adc_Median_algorithm
<LI><a href="#[177]">&gt;&gt;</a>&nbsp;&nbsp;&nbsp;Chezy_formula
<LI><a href="#[16e]">&gt;&gt;</a>&nbsp;&nbsp;&nbsp;__aeabi_cdrcmple
<LI><a href="#[90]">&gt;&gt;</a>&nbsp;&nbsp;&nbsp;__aeabi_dmul
<LI><a href="#[16c]">&gt;&gt;</a>&nbsp;&nbsp;&nbsp;__aeabi_cdcmple
<LI><a href="#[187]">&gt;&gt;</a>&nbsp;&nbsp;&nbsp;__aeabi_ui2d
<LI><a href="#[91]">&gt;&gt;</a>&nbsp;&nbsp;&nbsp;__aeabi_ddiv
<LI><a href="#[16d]">&gt;&gt;</a>&nbsp;&nbsp;&nbsp;__aeabi_dsub
<LI><a href="#[11e]">&gt;&gt;</a>&nbsp;&nbsp;&nbsp;__aeabi_memcpy4
</UL>
<BR>[Called By]<UL><LI><a href="#[1f3]">&gt;&gt;</a>&nbsp;&nbsp;&nbsp;handle_waterlevel
</UL>

<P><STRONG><a name="[1f1]"></a>handle_water_flow_protocol7</STRONG> (Thumb, 46 bytes, Stack size 0 bytes, handlewater.o(.text))
<BR><BR>[Calls]<UL><LI><a href="#[10b]">&gt;&gt;</a>&nbsp;&nbsp;&nbsp;Modbus_Send_cmd
</UL>
<BR>[Called By]<UL><LI><a href="#[1f4]">&gt;&gt;</a>&nbsp;&nbsp;&nbsp;handle_flow
</UL>

<P><STRONG><a name="[1f2]"></a>handle_water_flow_protocol1and2</STRONG> (Thumb, 484 bytes, Stack size 0 bytes, handlewater.o(.text))
<BR><BR>[Calls]<UL><LI><a href="#[10b]">&gt;&gt;</a>&nbsp;&nbsp;&nbsp;Modbus_Send_cmd
</UL>
<BR>[Called By]<UL><LI><a href="#[1f4]">&gt;&gt;</a>&nbsp;&nbsp;&nbsp;handle_flow
</UL>

<P><STRONG><a name="[1f3]"></a>handle_waterlevel</STRONG> (Thumb, 62 bytes, Stack size 0 bytes, handlewater.o(.text))
<BR><BR>[Calls]<UL><LI><a href="#[1f0]">&gt;&gt;</a>&nbsp;&nbsp;&nbsp;handle_waterlevel_protocol2
<LI><a href="#[1ef]">&gt;&gt;</a>&nbsp;&nbsp;&nbsp;handle_waterlevel_protocol1
</UL>
<BR>[Called By]<UL><LI><a href="#[a2]">&gt;&gt;</a>&nbsp;&nbsp;&nbsp;handle_water_data
</UL>

<P><STRONG><a name="[1f4]"></a>handle_flow</STRONG> (Thumb, 90 bytes, Stack size 0 bytes, handlewater.o(.text))
<BR><BR>[Calls]<UL><LI><a href="#[1f2]">&gt;&gt;</a>&nbsp;&nbsp;&nbsp;handle_water_flow_protocol1and2
<LI><a href="#[1f1]">&gt;&gt;</a>&nbsp;&nbsp;&nbsp;handle_water_flow_protocol7
</UL>
<BR>[Called By]<UL><LI><a href="#[a2]">&gt;&gt;</a>&nbsp;&nbsp;&nbsp;handle_water_data
</UL>

<P><STRONG><a name="[1f6]"></a>readWaterLevelPro1</STRONG> (Thumb, 468 bytes, Stack size 0 bytes, handlewater.o(.text))
<BR><BR>[Calls]<UL><LI><a href="#[177]">&gt;&gt;</a>&nbsp;&nbsp;&nbsp;Chezy_formula
<LI><a href="#[94]">&gt;&gt;</a>&nbsp;&nbsp;&nbsp;CheckDataLegality
<LI><a href="#[16c]">&gt;&gt;</a>&nbsp;&nbsp;&nbsp;__aeabi_cdcmple
<LI><a href="#[187]">&gt;&gt;</a>&nbsp;&nbsp;&nbsp;__aeabi_ui2d
<LI><a href="#[91]">&gt;&gt;</a>&nbsp;&nbsp;&nbsp;__aeabi_ddiv
<LI><a href="#[16d]">&gt;&gt;</a>&nbsp;&nbsp;&nbsp;__aeabi_dsub
<LI><a href="#[11e]">&gt;&gt;</a>&nbsp;&nbsp;&nbsp;__aeabi_memcpy4
</UL>
<BR>[Called By]<UL><LI><a href="#[1f7]">&gt;&gt;</a>&nbsp;&nbsp;&nbsp;readWaterLevel
</UL>

<P><STRONG><a name="[1f7]"></a>readWaterLevel</STRONG> (Thumb, 56 bytes, Stack size 0 bytes, handlewater.o(.text))
<BR><BR>[Calls]<UL><LI><a href="#[1f6]">&gt;&gt;</a>&nbsp;&nbsp;&nbsp;readWaterLevelPro1
</UL>
<BR>[Called By]<UL><LI><a href="#[9b]">&gt;&gt;</a>&nbsp;&nbsp;&nbsp;readWaterData
</UL>

<P><STRONG><a name="[1f8]"></a>readFlowPro7</STRONG> (Thumb, 370 bytes, Stack size 0 bytes, handlewater.o(.text))
<BR><BR>[Calls]<UL><LI><a href="#[1f9]">&gt;&gt;</a>&nbsp;&nbsp;&nbsp;Hex2Float
<LI><a href="#[94]">&gt;&gt;</a>&nbsp;&nbsp;&nbsp;CheckDataLegality
<LI><a href="#[8f]">&gt;&gt;</a>&nbsp;&nbsp;&nbsp;__aeabi_f2d
<LI><a href="#[90]">&gt;&gt;</a>&nbsp;&nbsp;&nbsp;__aeabi_dmul
<LI><a href="#[187]">&gt;&gt;</a>&nbsp;&nbsp;&nbsp;__aeabi_ui2d
<LI><a href="#[91]">&gt;&gt;</a>&nbsp;&nbsp;&nbsp;__aeabi_ddiv
<LI><a href="#[92]">&gt;&gt;</a>&nbsp;&nbsp;&nbsp;__aeabi_d2f
</UL>
<BR>[Called By]<UL><LI><a href="#[1fc]">&gt;&gt;</a>&nbsp;&nbsp;&nbsp;readFlowMeter
</UL>

<P><STRONG><a name="[1fa]"></a>readFlowJianHeng</STRONG> (Thumb, 450 bytes, Stack size 0 bytes, handlewater.o(.text))
<BR><BR>[Calls]<UL><LI><a href="#[1f9]">&gt;&gt;</a>&nbsp;&nbsp;&nbsp;Hex2Float
<LI><a href="#[a2]">&gt;&gt;</a>&nbsp;&nbsp;&nbsp;handle_water_data
<LI><a href="#[94]">&gt;&gt;</a>&nbsp;&nbsp;&nbsp;CheckDataLegality
<LI><a href="#[8f]">&gt;&gt;</a>&nbsp;&nbsp;&nbsp;__aeabi_f2d
<LI><a href="#[91]">&gt;&gt;</a>&nbsp;&nbsp;&nbsp;__aeabi_ddiv
</UL>
<BR>[Called By]<UL><LI><a href="#[1fc]">&gt;&gt;</a>&nbsp;&nbsp;&nbsp;readFlowMeter
</UL>

<P><STRONG><a name="[1fb]"></a>readFlowMeterNormal</STRONG> (Thumb, 614 bytes, Stack size 0 bytes, handlewater.o(.text))
<BR><BR>[Calls]<UL><LI><a href="#[1f9]">&gt;&gt;</a>&nbsp;&nbsp;&nbsp;Hex2Float
<LI><a href="#[a2]">&gt;&gt;</a>&nbsp;&nbsp;&nbsp;handle_water_data
<LI><a href="#[94]">&gt;&gt;</a>&nbsp;&nbsp;&nbsp;CheckDataLegality
<LI><a href="#[8f]">&gt;&gt;</a>&nbsp;&nbsp;&nbsp;__aeabi_f2d
<LI><a href="#[16e]">&gt;&gt;</a>&nbsp;&nbsp;&nbsp;__aeabi_cdrcmple
<LI><a href="#[90]">&gt;&gt;</a>&nbsp;&nbsp;&nbsp;__aeabi_dmul
<LI><a href="#[16c]">&gt;&gt;</a>&nbsp;&nbsp;&nbsp;__aeabi_cdcmple
<LI><a href="#[187]">&gt;&gt;</a>&nbsp;&nbsp;&nbsp;__aeabi_ui2d
<LI><a href="#[91]">&gt;&gt;</a>&nbsp;&nbsp;&nbsp;__aeabi_ddiv
<LI><a href="#[106]">&gt;&gt;</a>&nbsp;&nbsp;&nbsp;__aeabi_dadd
</UL>
<BR>[Called By]<UL><LI><a href="#[1fc]">&gt;&gt;</a>&nbsp;&nbsp;&nbsp;readFlowMeter
</UL>

<P><STRONG><a name="[1fc]"></a>readFlowMeter</STRONG> (Thumb, 168 bytes, Stack size 0 bytes, handlewater.o(.text))
<BR><BR>[Calls]<UL><LI><a href="#[1fb]">&gt;&gt;</a>&nbsp;&nbsp;&nbsp;readFlowMeterNormal
<LI><a href="#[1fa]">&gt;&gt;</a>&nbsp;&nbsp;&nbsp;readFlowJianHeng
<LI><a href="#[1f8]">&gt;&gt;</a>&nbsp;&nbsp;&nbsp;readFlowPro7
</UL>
<BR>[Called By]<UL><LI><a href="#[9b]">&gt;&gt;</a>&nbsp;&nbsp;&nbsp;readWaterData
</UL>

<P><STRONG><a name="[1fd]"></a>failedWaterLevelPro1</STRONG> (Thumb, 124 bytes, Stack size 0 bytes, handlewater.o(.text))
<BR><BR>[Calls]<UL><LI><a href="#[a2]">&gt;&gt;</a>&nbsp;&nbsp;&nbsp;handle_water_data
</UL>
<BR>[Called By]<UL><LI><a href="#[1fe]">&gt;&gt;</a>&nbsp;&nbsp;&nbsp;failedWaterLevel
</UL>

<P><STRONG><a name="[1fe]"></a>failedWaterLevel</STRONG> (Thumb, 34 bytes, Stack size 0 bytes, handlewater.o(.text))
<BR><BR>[Calls]<UL><LI><a href="#[1fd]">&gt;&gt;</a>&nbsp;&nbsp;&nbsp;failedWaterLevelPro1
</UL>
<BR>[Called By]<UL><LI><a href="#[104]">&gt;&gt;</a>&nbsp;&nbsp;&nbsp;failedWaterData
</UL>

<P><STRONG><a name="[1ff]"></a>failedFlowMeterPro7</STRONG> (Thumb, 124 bytes, Stack size 0 bytes, handlewater.o(.text))
<BR><BR>[Calls]<UL><LI><a href="#[a2]">&gt;&gt;</a>&nbsp;&nbsp;&nbsp;handle_water_data
</UL>
<BR>[Called By]<UL><LI><a href="#[201]">&gt;&gt;</a>&nbsp;&nbsp;&nbsp;failedFlowMeter
</UL>

<P><STRONG><a name="[200]"></a>failedFlowMeterNormal</STRONG> (Thumb, 308 bytes, Stack size 0 bytes, handlewater.o(.text))
<BR><BR>[Calls]<UL><LI><a href="#[a2]">&gt;&gt;</a>&nbsp;&nbsp;&nbsp;handle_water_data
</UL>
<BR>[Called By]<UL><LI><a href="#[201]">&gt;&gt;</a>&nbsp;&nbsp;&nbsp;failedFlowMeter
</UL>

<P><STRONG><a name="[201]"></a>failedFlowMeter</STRONG> (Thumb, 84 bytes, Stack size 0 bytes, handlewater.o(.text))
<BR><BR>[Calls]<UL><LI><a href="#[200]">&gt;&gt;</a>&nbsp;&nbsp;&nbsp;failedFlowMeterNormal
<LI><a href="#[1ff]">&gt;&gt;</a>&nbsp;&nbsp;&nbsp;failedFlowMeterPro7
</UL>
<BR>[Called By]<UL><LI><a href="#[104]">&gt;&gt;</a>&nbsp;&nbsp;&nbsp;failedWaterData
</UL>

<P><STRONG><a name="[21e]"></a>TI4_Config</STRONG> (Thumb, 80 bytes, Stack size 0 bytes, stm32f4xx_tim.o(.text), UNUSED)
<BR><BR>[Called By]<UL><LI><a href="#[217]">&gt;&gt;</a>&nbsp;&nbsp;&nbsp;TIM_ICInit
</UL>

<P><STRONG><a name="[21c]"></a>TI3_Config</STRONG> (Thumb, 72 bytes, Stack size 0 bytes, stm32f4xx_tim.o(.text), UNUSED)
<BR><BR>[Called By]<UL><LI><a href="#[217]">&gt;&gt;</a>&nbsp;&nbsp;&nbsp;TIM_ICInit
</UL>

<P><STRONG><a name="[21a]"></a>TI2_Config</STRONG> (Thumb, 90 bytes, Stack size 0 bytes, stm32f4xx_tim.o(.text), UNUSED)
<BR><BR>[Called By]<UL><LI><a href="#[223]">&gt;&gt;</a>&nbsp;&nbsp;&nbsp;TIM_TIxExternalClockConfig
<LI><a href="#[220]">&gt;&gt;</a>&nbsp;&nbsp;&nbsp;TIM_PWMIConfig
<LI><a href="#[217]">&gt;&gt;</a>&nbsp;&nbsp;&nbsp;TIM_ICInit
</UL>

<P><STRONG><a name="[218]"></a>TI1_Config</STRONG> (Thumb, 58 bytes, Stack size 0 bytes, stm32f4xx_tim.o(.text), UNUSED)
<BR><BR>[Called By]<UL><LI><a href="#[223]">&gt;&gt;</a>&nbsp;&nbsp;&nbsp;TIM_TIxExternalClockConfig
<LI><a href="#[220]">&gt;&gt;</a>&nbsp;&nbsp;&nbsp;TIM_PWMIConfig
<LI><a href="#[217]">&gt;&gt;</a>&nbsp;&nbsp;&nbsp;TIM_ICInit
</UL>

<P><STRONG><a name="[239]"></a>RTC_ByteToBcd2</STRONG> (Thumb, 28 bytes, Stack size 0 bytes, stm32f4xx_rtc.o(.text))
<BR><BR>[Called By]<UL><LI><a href="#[f2]">&gt;&gt;</a>&nbsp;&nbsp;&nbsp;RTC_SetTime
<LI><a href="#[f3]">&gt;&gt;</a>&nbsp;&nbsp;&nbsp;RTC_SetDate
<LI><a href="#[23a]">&gt;&gt;</a>&nbsp;&nbsp;&nbsp;RTC_SetAlarm
</UL>

<P><STRONG><a name="[238]"></a>RTC_Bcd2ToByte</STRONG> (Thumb, 22 bytes, Stack size 0 bytes, stm32f4xx_rtc.o(.text))
<BR><BR>[Called By]<UL><LI><a href="#[f2]">&gt;&gt;</a>&nbsp;&nbsp;&nbsp;RTC_SetTime
<LI><a href="#[f3]">&gt;&gt;</a>&nbsp;&nbsp;&nbsp;RTC_SetDate
<LI><a href="#[fb]">&gt;&gt;</a>&nbsp;&nbsp;&nbsp;RTC_GetTime
<LI><a href="#[fc]">&gt;&gt;</a>&nbsp;&nbsp;&nbsp;RTC_GetDate
<LI><a href="#[23e]">&gt;&gt;</a>&nbsp;&nbsp;&nbsp;RTC_GetTimeStamp
<LI><a href="#[23b]">&gt;&gt;</a>&nbsp;&nbsp;&nbsp;RTC_GetAlarm
<LI><a href="#[23a]">&gt;&gt;</a>&nbsp;&nbsp;&nbsp;RTC_SetAlarm
</UL>

<P><STRONG><a name="[287]"></a>_dadd1</STRONG> (Thumb, 0 bytes, Stack size 0 bytes, daddsub_clz.o(x$fpl$dadd), UNUSED)
<BR><BR>[Called By]<UL><LI><a href="#[288]">&gt;&gt;</a>&nbsp;&nbsp;&nbsp;_dsub
<LI><a href="#[286]">&gt;&gt;</a>&nbsp;&nbsp;&nbsp;_drsb
</UL>

<P><STRONG><a name="[279]"></a>_dsub1</STRONG> (Thumb, 0 bytes, Stack size 0 bytes, daddsub_clz.o(x$fpl$dsub), UNUSED)
<BR><BR>[Called By]<UL><LI><a href="#[286]">&gt;&gt;</a>&nbsp;&nbsp;&nbsp;_drsb
<LI><a href="#[278]">&gt;&gt;</a>&nbsp;&nbsp;&nbsp;_dadd
</UL>

<P><STRONG><a name="[24f]"></a>_fp_digits</STRONG> (Thumb, 432 bytes, Stack size 0 bytes, _printf_fp_dec.o(.text))
<BR><BR>[Calls]<UL><LI><a href="#[253]">&gt;&gt;</a>&nbsp;&nbsp;&nbsp;_btod_emul
<LI><a href="#[252]">&gt;&gt;</a>&nbsp;&nbsp;&nbsp;_btod_ediv
<LI><a href="#[251]">&gt;&gt;</a>&nbsp;&nbsp;&nbsp;_btod_d2e
<LI><a href="#[250]">&gt;&gt;</a>&nbsp;&nbsp;&nbsp;_btod_etento
<LI><a href="#[254]">&gt;&gt;</a>&nbsp;&nbsp;&nbsp;_ll_udiv10
</UL>
<BR>[Called By]<UL><LI><a href="#[255]">&gt;&gt;</a>&nbsp;&nbsp;&nbsp;_printf_fp_dec_real
</UL>

<P><STRONG><a name="[63]"></a>_printf_input_char</STRONG> (Thumb, 10 bytes, Stack size 0 bytes, _printf_char_common.o(.text))
<BR>[Address Reference Count : 1]<UL><LI> _printf_char_common.o(.text)
</UL><P>
<H3>
Undefined Global Symbols
</H3><HR></body></html>
