Component: ARM Compiler 5.06 update 7 (build 960) Tool: armlink [4d3601]

==============================================================================

Section Cross References

    main.o(.text) refers to sdhandle.o(.text) for SDWriteConfig
    main.o(.text) refers to delay.o(.text) for delay_ms
    main.o(.text) refers to sdio_sdcard.o(.text) for SD_WriteDisk
    main.o(.text) refers to adc.o(.text) for Get_Adc_Average
    main.o(.text) refers to f2d.o(x$fpl$f2d) for __aeabi_f2d
    main.o(.text) refers to dmul.o(x$fpl$dmul) for __aeabi_dmul
    main.o(.text) refers to ddiv.o(x$fpl$ddiv) for __aeabi_ddiv
    main.o(.text) refers to d2f.o(x$fpl$d2f) for __aeabi_d2f
    main.o(.text) refers to protocol.o(.text) for CheckDataLegality
    main.o(.text) refers to dfixu.o(x$fpl$dfixu) for __aeabi_d2uiz
    main.o(.text) refers to rs485.o(.text) for RS485_Send_Data
    main.o(.text) refers to main.o(.data) for SDCardInitSuccessFlag
    main.o(.text) refers to main.o(.bss) for battery_data
    main.o(.text) refers to rs485.o(.data) for RS485_RX_CNT
    main.o(.text) refers to rs485.o(.bss) for RS485_RX_BUF
    main.o(.text) refers to handlewater.o(.text) for readWaterData
    main.o(.text) refers to ec20.o(.text) for EC20_check
    main.o(.text) refers to iwdg.o(.text) for IWDG_Feed
    main.o(.text) refers to hc08.o(.text) for read_uart3
    main.o(.text) refers to lcdhandle.o(.text) for update_lcd
    main.o(.text) refers to stm32f4xx_rcc.o(.text) for RCC_AHB1PeriphClockCmd
    main.o(.text) refers to stm32f4xx_gpio.o(.text) for GPIO_Init
    main.o(.text) refers to misc.o(.text) for NVIC_PriorityGroupConfig
    main.o(.text) refers to usart.o(.text) for uart2_init
    main.o(.text) refers to timer.o(.text) for TIM2_Int_Init
    main.o(.text) refers to lcd.o(.text) for init_lcd_gpio
    main.o(.text) refers to stm32f4xx_tim.o(.text) for TIM_Cmd
    main.o(.text) refers to key.o(.text) for KEY_Init
    main.o(.text) refers to liuqueue.o(.text) for pop_event
    system_stm32f4xx.o(.text) refers to system_stm32f4xx.o(.data) for SystemCoreClock
    rs485.o(.text) refers to stm32f4xx_rcc.o(.text) for RCC_AHB1PeriphClockCmd
    rs485.o(.text) refers to stm32f4xx_gpio.o(.text) for GPIO_PinAFConfig
    rs485.o(.text) refers to stm32f4xx_usart.o(.text) for USART_Init
    rs485.o(.text) refers to misc.o(.text) for NVIC_Init
    rs485.o(.text) refers to delay.o(.text) for delay_ms
    rs485.o(.text) refers to stm32f4xx_tim.o(.text) for TIM_Cmd
    rs485.o(.text) refers to main.o(.data) for RS485Mode
    rs485.o(.text) refers to rs485.o(.data) for RS485_RX_CNT
    rs485.o(.text) refers to rs485.o(.bss) for RS485_RX_BUF
    rs485.o(.text) refers to timer.o(.data) for Timeout
    lcd.o(.text) refers to stm32f4xx_gpio.o(.text) for GPIO_WriteBit
    lcd.o(.text) refers to delay.o(.text) for delay_us
    lcd.o(.text) refers to stm32f4xx_rcc.o(.text) for RCC_AHB1PeriphClockCmd
    lcd.o(.text) refers to lcd.o(.data) for fontaddr
    key.o(.text) refers to stm32f4xx_rcc.o(.text) for RCC_AHB1PeriphClockCmd
    key.o(.text) refers to stm32f4xx_gpio.o(.text) for GPIO_Init
    key.o(.text) refers to delay.o(.text) for delay_ms
    timer.o(.text) refers to stm32f4xx_rcc.o(.text) for RCC_APB1PeriphClockCmd
    timer.o(.text) refers to stm32f4xx_pwr.o(.text) for PWR_BackupAccessCmd
    timer.o(.text) refers to stm32f4xx_rtc.o(.text) for RTC_ReadBackupRegister
    timer.o(.text) refers to stm32f4xx_tim.o(.text) for TIM_TimeBaseInit
    timer.o(.text) refers to misc.o(.text) for NVIC_Init
    timer.o(.text) refers to lludivv7m.o(.text) for __aeabi_uldivmod
    timer.o(.text) refers to liuqueue.o(.text) for push_ec20_event
    timer.o(.text) refers to protocol.o(.text) for craeteHygPackPro1
    timer.o(.text) refers to sdhandle.o(.text) for SDPushHistoryData
    timer.o(.text) refers to timer.o(.data) for TIM4_timeout
    timer.o(.text) refers to main.o(.bss) for sys_time
    timer.o(.text) refers to ec20.o(.bss) for EC20_Send_Data
    timer.o(.text) refers to main.o(.data) for SDCardInitSuccessFlag
    timer.o(.text) refers to handlewater.o(.text) for failedWaterData
    timer.o(.text) refers to daddsub_clz.o(x$fpl$dadd) for __aeabi_dadd
    modbus.o(.text) refers to rt_memclr_w.o(.text) for __aeabi_memclr4
    modbus.o(.text) refers to protocol.o(.text) for modBusCRC16
    modbus.o(.text) refers to rs485.o(.text) for RS485_Send_Data
    ec20.o(.text) refers to _printf_percent.o(.ARM.Collect$$_printf_percent$$00000000) for _printf_percent
    ec20.o(.text) refers to _printf_u.o(.ARM.Collect$$_printf_percent$$0000000A) for _printf_u
    ec20.o(.text) refers to _printf_dec.o(.text) for _printf_int_dec
    ec20.o(.text) refers to _printf_s.o(.ARM.Collect$$_printf_percent$$00000014) for _printf_s
    ec20.o(.text) refers to _printf_str.o(.text) for _printf_str
    ec20.o(.text) refers to _printf_pad.o(.text) for _printf_pre_padding
    ec20.o(.text) refers to _printf_x.o(.ARM.Collect$$_printf_percent$$0000000C) for _printf_x
[...]
    GPIO_Write                               0x080183a3   Thumb Code     4  stm32f4xx_gpio.o(.text)
    GPIO_ToggleBits                          0x080183a7   Thumb Code     8  stm32f4xx_gpio.o(.text)
    GPIO_PinAFConfig                         0x080183af   Thumb Code    70  stm32f4xx_gpio.o(.text)
    RCC_DeInit                               0x08018421   Thumb Code    82  stm32f4xx_rcc.o(.text)
    RCC_HSEConfig                            0x08018473   Thumb Code    14  stm32f4xx_rcc.o(.text)
    RCC_GetFlagStatus                        0x08018481   Thumb Code    60  stm32f4xx_rcc.o(.text)
    RCC_WaitForHSEStartUp                    0x080184bd   Thumb Code    56  stm32f4xx_rcc.o(.text)
    RCC_AdjustHSICalibrationValue            0x080184f5   Thumb Code    20  stm32f4xx_rcc.o(.text)
    RCC_HSICmd                               0x08018509   Thumb Code     6  stm32f4xx_rcc.o(.text)
    RCC_LSEConfig                            0x0801850f   Thumb Code    46  stm32f4xx_rcc.o(.text)
    RCC_LSICmd                               0x0801853d   Thumb Code     6  stm32f4xx_rcc.o(.text)
    RCC_PLLConfig                            0x08018543   Thumb Code    32  stm32f4xx_rcc.o(.text)
    RCC_PLLCmd                               0x08018563   Thumb Code     6  stm32f4xx_rcc.o(.text)
    RCC_PLLI2SConfig                         0x08018569   Thumb Code    14  stm32f4xx_rcc.o(.text)
    RCC_PLLI2SCmd                            0x08018577   Thumb Code     6  stm32f4xx_rcc.o(.text)
    RCC_PLLSAIConfig                         0x0801857d   Thumb Code    20  stm32f4xx_rcc.o(.text)
    RCC_PLLSAICmd                            0x08018591   Thumb Code     6  stm32f4xx_rcc.o(.text)
    RCC_ClockSecuritySystemCmd               0x08018597   Thumb Code     6  stm32f4xx_rcc.o(.text)
    RCC_MCO1Config                           0x0801859d   Thumb Code    28  stm32f4xx_rcc.o(.text)
    RCC_MCO2Config                           0x080185b9   Thumb Code    28  stm32f4xx_rcc.o(.text)
    RCC_SYSCLKConfig                         0x080185d5   Thumb Code    20  stm32f4xx_rcc.o(.text)
    RCC_GetSYSCLKSource                      0x080185e9   Thumb Code    12  stm32f4xx_rcc.o(.text)
    RCC_HCLKConfig                           0x080185f5   Thumb Code    20  stm32f4xx_rcc.o(.text)
    RCC_PCLK1Config                          0x08018609   Thumb Code    20  stm32f4xx_rcc.o(.text)
    RCC_PCLK2Config                          0x0801861d   Thumb Code    22  stm32f4xx_rcc.o(.text)
    RCC_GetClocksFreq                        0x08018633   Thumb Code   222  stm32f4xx_rcc.o(.text)
    RCC_RTCCLKConfig                         0x08018711   Thumb Code    54  stm32f4xx_rcc.o(.text)
    RCC_RTCCLKCmd                            0x08018747   Thumb Code     8  stm32f4xx_rcc.o(.text)
    RCC_BackupResetCmd                       0x0801874f   Thumb Code     8  stm32f4xx_rcc.o(.text)
    RCC_I2SCLKConfig                         0x08018757   Thumb Code     6  stm32f4xx_rcc.o(.text)
    RCC_SAIPLLI2SClkDivConfig                0x0801875d   Thumb Code    26  stm32f4xx_rcc.o(.text)
    RCC_SAIPLLSAIClkDivConfig                0x08018777   Thumb Code    28  stm32f4xx_rcc.o(.text)
    RCC_SAIBlockACLKConfig                   0x08018793   Thumb Code    20  stm32f4xx_rcc.o(.text)
    RCC_SAIBlockBCLKConfig                   0x080187a7   Thumb Code    20  stm32f4xx_rcc.o(.text)
    RCC_LTDCCLKDivConfig                     0x080187bb   Thumb Code    20  stm32f4xx_rcc.o(.text)
    RCC_TIMCLKPresConfig                     0x080187cf   Thumb Code     6  stm32f4xx_rcc.o(.text)
    RCC_AHB1PeriphClockCmd                   0x080187d5   Thumb Code    34  stm32f4xx_rcc.o(.text)
    RCC_AHB2PeriphClockCmd                   0x080187f7   Thumb Code    78  stm32f4xx_rcc.o(.text)
    RCC_AHB3PeriphClockCmd                   0x08018845   Thumb Code    34  stm32f4xx_rcc.o(.text)
    RCC_APB1PeriphClockCmd                   0x08018867   Thumb Code    34  stm32f4xx_rcc.o(.text)
    RCC_APB2PeriphClockCmd                   0x08018889   Thumb Code    34  stm32f4xx_rcc.o(.text)
    RCC_AHB1PeriphResetCmd                   0x080188ab   Thumb Code    34  stm32f4xx_rcc.o(.text)
    RCC_AHB2PeriphResetCmd                   0x080188cd   Thumb Code    34  stm32f4xx_rcc.o(.text)
    RCC_AHB3PeriphResetCmd                   0x080188ef   Thumb Code    34  stm32f4xx_rcc.o(.text)
    RCC_APB1PeriphResetCmd                   0x08018911   Thumb Code    34  stm32f4xx_rcc.o(.text)
    RCC_APB2PeriphResetCmd                   0x08018933   Thumb Code    34  stm32f4xx_rcc.o(.text)
    RCC_AHB1PeriphClockLPModeCmd             0x08018955   Thumb Code    34  stm32f4xx_rcc.o(.text)
    RCC_AHB2PeriphClockLPModeCmd             0x08018977   Thumb Code    34  stm32f4xx_rcc.o(.text)
    RCC_AHB3PeriphClockLPModeCmd             0x08018999   Thumb Code    34  stm32f4xx_rcc.o(.text)
    RCC_APB1PeriphClockLPModeCmd             0x080189bb   Thumb Code    34  stm32f4xx_rcc.o(.text)
    RCC_APB2PeriphClockLPModeCmd             0x080189dd   Thumb Code    34  stm32f4xx_rcc.o(.text)
    RCC_LSEModeConfig                        0x080189ff   Thumb Code    40  stm32f4xx_rcc.o(.text)
    RCC_ITConfig                             0x08018a27   Thumb Code    34  stm32f4xx_rcc.o(.text)
    RCC_ClearFlag                            0x08018a49   Thumb Code    18  stm32f4xx_rcc.o(.text)
    RCC_GetITStatus                          0x08018a5b   Thumb Code    22  stm32f4xx_rcc.o(.text)
    RCC_ClearITPendingBit                    0x08018a71   Thumb Code     8  stm32f4xx_rcc.o(.text)
    USART_DeInit                             0x08018a7d   Thumb Code   206  stm32f4xx_usart.o(.text)
    USART_Init                               0x08018b4b   Thumb Code   204  stm32f4xx_usart.o(.text)
    USART_StructInit                         0x08018c17   Thumb Code    24  stm32f4xx_usart.o(.text)
    USART_ClockInit                          0x08018c2f   Thumb Code    32  stm32f4xx_usart.o(.text)
    USART_ClockStructInit                    0x08018c4f   Thumb Code    12  stm32f4xx_usart.o(.text)
    USART_Cmd                                0x08018c5b   Thumb Code    24  stm32f4xx_usart.o(.text)
    USART_SetPrescaler                       0x08018c73   Thumb Code    16  stm32f4xx_usart.o(.text)
    USART_OverSampling8Cmd                   0x08018c83   Thumb Code    22  stm32f4xx_usart.o(.text)
    USART_OneBitMethodCmd                    0x08018c99   Thumb Code    24  stm32f4xx_usart.o(.text)
    USART_SendData                           0x08018cb1   Thumb Code     8  stm32f4xx_usart.o(.text)
    USART_ReceiveData                        0x08018cb9   Thumb Code    10  stm32f4xx_usart.o(.text)
    USART_SetAddress                         0x08018cc3   Thumb Code    18  stm32f4xx_usart.o(.text)
    USART_ReceiverWakeUpCmd                  0x08018cd5   Thumb Code    24  stm32f4xx_usart.o(.text)
    USART_WakeUpConfig                       0x08018ced   Thumb Code    18  stm32f4xx_usart.o(.text)
    USART_LINBreakDetectLengthConfig         0x08018cff   Thumb Code    18  stm32f4xx_usart.o(.text)
    USART_LINCmd                             0x08018d11   Thumb Code    24  stm32f4xx_usart.o(.text)
    USART_SendBreak                          0x08018d29   Thumb Code    10  stm32f4xx_usart.o(.text)
    USART_HalfDuplexCmd                      0x08018d33   Thumb Code    24  stm32f4xx_usart.o(.text)
    USART_SetGuardTime                       0x08018d4b   Thumb Code    16  stm32f4xx_usart.o(.text)
    USART_SmartCardCmd                       0x08018d5b   Thumb Code    24  stm32f4xx_usart.o(.text)
    USART_SmartCardNACKCmd                   0x08018d73   Thumb Code    24  stm32f4xx_usart.o(.text)
    USART_IrDAConfig                         0x08018d8b   Thumb Code    18  stm32f4xx_usart.o(.text)
    USART_IrDACmd                            0x08018d9d   Thumb Code    24  stm32f4xx_usart.o(.text)
    USART_DMACmd                             0x08018db5   Thumb Code    18  stm32f4xx_usart.o(.text)
    USART_ITConfig                           0x08018dc7   Thumb Code    74  stm32f4xx_usart.o(.text)
    USART_GetFlagStatus                      0x08018e11   Thumb Code    26  stm32f4xx_usart.o(.text)
    USART_ClearFlag                          0x08018e2b   Thumb Code    18  stm32f4xx_usart.o(.text)
    USART_GetITStatus                        0x08018e3d   Thumb Code   118  stm32f4xx_usart.o(.text)
    USART_ClearITPendingBit                  0x08018eb3   Thumb Code    30  stm32f4xx_usart.o(.text)
    TIM_DeInit                               0x08018ed1   Thumb Code   346  stm32f4xx_tim.o(.text)
    TIM_TimeBaseInit                         0x0801902b   Thumb Code   104  stm32f4xx_tim.o(.text)
    TIM_TimeBaseStructInit                   0x08019093   Thumb Code    18  stm32f4xx_tim.o(.text)
    TIM_PrescalerConfig                      0x080190a5   Thumb Code     6  stm32f4xx_tim.o(.text)
    TIM_CounterModeConfig                    0x080190ab   Thumb Code    18  stm32f4xx_tim.o(.text)
    TIM_SetCounter                           0x080190bd   Thumb Code     4  stm32f4xx_tim.o(.text)
    TIM_SetAutoreload                        0x080190c1   Thumb Code     4  stm32f4xx_tim.o(.text)
    TIM_GetCounter                           0x080190c5   Thumb Code     6  stm32f4xx_tim.o(.text)
    TIM_GetPrescaler                         0x080190cb   Thumb Code     6  stm32f4xx_tim.o(.text)
    TIM_UpdateDisableConfig                  0x080190d1   Thumb Code    24  stm32f4xx_tim.o(.text)
    TIM_UpdateRequestConfig                  0x080190e9   Thumb Code    24  stm32f4xx_tim.o(.text)
    TIM_ARRPreloadConfig                     0x08019101   Thumb Code    24  stm32f4xx_tim.o(.text)
    TIM_SelectOnePulseMode                   0x08019119   Thumb Code    18  stm32f4xx_tim.o(.text)
    TIM_SetClockDivision                     0x0801912b   Thumb Code    18  stm32f4xx_tim.o(.text)
    TIM_Cmd                                  0x0801913d   Thumb Code    24  stm32f4xx_tim.o(.text)
    TIM_OC1Init                              0x08019155   Thumb Code   114  stm32f4xx_tim.o(.text)
    TIM_OC2Init                              0x080191c7   Thumb Code   154  stm32f4xx_tim.o(.text)
    TIM_OC3Init                              0x08019261   Thumb Code   204  stm32f4xx_tim.o(.text)
    TIM_OC4Init                              0x0801932d   Thumb Code   112  stm32f4xx_tim.o(.text)
    TIM_OCStructInit                         0x0801939d   Thumb Code    20  stm32f4xx_tim.o(.text)
    TIM_SelectOCxM                           0x080193b1   Thumb Code    86  stm32f4xx_tim.o(.text)
    TIM_SetCompare1                          0x08019407   Thumb Code     4  stm32f4xx_tim.o(.text)
    TIM_SetCompare2                          0x0801940b   Thumb Code     4  stm32f4xx_tim.o(.text)
    TIM_SetCompare3                          0x0801940f   Thumb Code     4  stm32f4xx_tim.o(.text)
    TIM_SetCompare4                          0x08019413   Thumb Code     4  stm32f4xx_tim.o(.text)
    TIM_ForcedOC1Config                      0x08019417   Thumb Code    18  stm32f4xx_tim.o(.text)
    TIM_ForcedOC2Config                      0x08019429   Thumb Code    26  stm32f4xx_tim.o(.text)
    TIM_ForcedOC3Config                      0x08019443   Thumb Code    18  stm32f4xx_tim.o(.text)
    TIM_ForcedOC4Config                      0x08019455   Thumb Code    26  stm32f4xx_tim.o(.text)
    TIM_OC1PreloadConfig                     0x0801946f   Thumb Code    18  stm32f4xx_tim.o(.text)
    TIM_OC2PreloadConfig                     0x08019481   Thumb Code    26  stm32f4xx_tim.o(.text)
    TIM_OC3PreloadConfig                     0x0801949b   Thumb Code    18  stm32f4xx_tim.o(.text)
    TIM_OC4PreloadConfig                     0x080194ad   Thumb Code    26  stm32f4xx_tim.o(.text)
    TIM_OC1FastConfig                        0x080194c7   Thumb Code    18  stm32f4xx_tim.o(.text)
    TIM_OC2FastConfig                        0x080194d9   Thumb Code    26  stm32f4xx_tim.o(.text)
    TIM_OC3FastConfig                        0x080194f3   Thumb Code    18  stm32f4xx_tim.o(.text)
    TIM_OC4FastConfig                        0x08019505   Thumb Code    26  stm32f4xx_tim.o(.text)
    TIM_ClearOC1Ref                          0x0801951f   Thumb Code    18  stm32f4xx_tim.o(.text)
    TIM_ClearOC2Ref                          0x08019531   Thumb Code    24  stm32f4xx_tim.o(.text)
    TIM_ClearOC3Ref                          0x08019549   Thumb Code    18  stm32f4xx_tim.o(.text)
    TIM_ClearOC4Ref                          0x0801955b   Thumb Code    24  stm32f4xx_tim.o(.text)
    TIM_OC1PolarityConfig                    0x08019573   Thumb Code    18  stm32f4xx_tim.o(.text)
    TIM_OC1NPolarityConfig                   0x08019585   Thumb Code    18  stm32f4xx_tim.o(.text)
    TIM_OC2PolarityConfig                    0x08019597   Thumb Code    26  stm32f4xx_tim.o(.text)
    TIM_OC2NPolarityConfig                   0x080195b1   Thumb Code    26  stm32f4xx_tim.o(.text)
    TIM_OC3PolarityConfig                    0x080195cb   Thumb Code    26  stm32f4xx_tim.o(.text)
    TIM_OC3NPolarityConfig                   0x080195e5   Thumb Code    26  stm32f4xx_tim.o(.text)
    TIM_OC4PolarityConfig                    0x080195ff   Thumb Code    26  stm32f4xx_tim.o(.text)
    TIM_CCxCmd                               0x08019619   Thumb Code    30  stm32f4xx_tim.o(.text)
    TIM_CCxNCmd                              0x08019637   Thumb Code    30  stm32f4xx_tim.o(.text)
    TIM_SetIC4Prescaler                      0x08019655   Thumb Code    26  stm32f4xx_tim.o(.text)
    TIM_SetIC3Prescaler                      0x080196bf   Thumb Code    18  stm32f4xx_tim.o(.text)
    TIM_SetIC2Prescaler                      0x08019719   Thumb Code    26  stm32f4xx_tim.o(.text)
    TIM_SetIC1Prescaler                      0x0801978d   Thumb Code    18  stm32f4xx_tim.o(.text)
    TIM_ICInit                               0x080197d9   Thumb Code   110  stm32f4xx_tim.o(.text)
    TIM_ICStructInit                         0x08019847   Thumb Code    18  stm32f4xx_tim.o(.text)
    TIM_PWMIConfig                           0x08019859   Thumb Code   124  stm32f4xx_tim.o(.text)
    TIM_GetCapture1                          0x080198d5   Thumb Code     6  stm32f4xx_tim.o(.text)
    TIM_GetCapture2                          0x080198db   Thumb Code     6  stm32f4xx_tim.o(.text)
    TIM_GetCapture3                          0x080198e1   Thumb Code     6  stm32f4xx_tim.o(.text)
    TIM_GetCapture4                          0x080198e7   Thumb Code     6  stm32f4xx_tim.o(.text)
    TIM_BDTRConfig                           0x080198ed   Thumb Code    32  stm32f4xx_tim.o(.text)
    TIM_BDTRStructInit                       0x0801990d   Thumb Code    18  stm32f4xx_tim.o(.text)
    TIM_CtrlPWMOutputs                       0x0801991f   Thumb Code    30  stm32f4xx_tim.o(.text)
    TIM_SelectCOM                            0x0801993d   Thumb Code    24  stm32f4xx_tim.o(.text)
    TIM_CCPreloadControl                     0x08019955   Thumb Code    24  stm32f4xx_tim.o(.text)
    TIM_ITConfig                             0x0801996d   Thumb Code    18  stm32f4xx_tim.o(.text)
    TIM_GenerateEvent                        0x0801997f   Thumb Code     4  stm32f4xx_tim.o(.text)
    TIM_GetFlagStatus                        0x08019983   Thumb Code    18  stm32f4xx_tim.o(.text)
    TIM_ClearFlag                            0x08019995   Thumb Code     6  stm32f4xx_tim.o(.text)
    TIM_GetITStatus                          0x0801999b   Thumb Code    34  stm32f4xx_tim.o(.text)
    TIM_ClearITPendingBit                    0x080199bd   Thumb Code     6  stm32f4xx_tim.o(.text)
    TIM_DMAConfig                            0x080199c3   Thumb Code    10  stm32f4xx_tim.o(.text)
    TIM_DMACmd                               0x080199cd   Thumb Code    18  stm32f4xx_tim.o(.text)
    TIM_SelectCCDMA                          0x080199df   Thumb Code    24  stm32f4xx_tim.o(.text)
    TIM_InternalClockConfig                  0x080199f7   Thumb Code    12  stm32f4xx_tim.o(.text)
    TIM_SelectInputTrigger                   0x08019a03   Thumb Code    18  stm32f4xx_tim.o(.text)
    TIM_ITRxExternalClockConfig              0x08019a15   Thumb Code    24  stm32f4xx_tim.o(.text)
    TIM_TIxExternalClockConfig               0x08019a2d   Thumb Code    62  stm32f4xx_tim.o(.text)
    TIM_ETRConfig                            0x08019a6b   Thumb Code    28  stm32f4xx_tim.o(.text)
    TIM_ETRClockMode1Config                  0x08019a87   Thumb Code    54  stm32f4xx_tim.o(.text)
    TIM_ETRClockMode2Config                  0x08019abd   Thumb Code    32  stm32f4xx_tim.o(.text)
    TIM_SelectOutputTrigger                  0x08019add   Thumb Code    18  stm32f4xx_tim.o(.text)
    TIM_SelectSlaveMode                      0x08019aef   Thumb Code    18  stm32f4xx_tim.o(.text)
    TIM_SelectMasterSlaveMode                0x08019b01   Thumb Code    18  stm32f4xx_tim.o(.text)
    TIM_EncoderInterfaceConfig               0x08019b13   Thumb Code    66  stm32f4xx_tim.o(.text)
    TIM_SelectHallSensor                     0x08019b55   Thumb Code    24  stm32f4xx_tim.o(.text)
    TIM_RemapConfig                          0x08019b6d   Thumb Code     6  stm32f4xx_tim.o(.text)
    IWDG_WriteAccessCmd                      0x08019b75   Thumb Code     6  stm32f4xx_iwdg.o(.text)
    IWDG_SetPrescaler                        0x08019b7b   Thumb Code     6  stm32f4xx_iwdg.o(.text)
    IWDG_SetReload                           0x08019b81   Thumb Code     6  stm32f4xx_iwdg.o(.text)
    IWDG_ReloadCounter                       0x08019b87   Thumb Code    10  stm32f4xx_iwdg.o(.text)
    IWDG_Enable                              0x08019b91   Thumb Code    10  stm32f4xx_iwdg.o(.text)
    IWDG_GetFlagStatus                       0x08019b9b   Thumb Code    20  stm32f4xx_iwdg.o(.text)
    FLASH_SetLatency                         0x08019bb5   Thumb Code     6  stm32f4xx_flash.o(.text)
    FLASH_PrefetchBufferCmd                  0x08019bbb   Thumb Code    30  stm32f4xx_flash.o(.text)
    FLASH_InstructionCacheCmd                0x08019bd9   Thumb Code    30  stm32f4xx_flash.o(.text)
    FLASH_DataCacheCmd                       0x08019bf7   Thumb Code    30  stm32f4xx_flash.o(.text)
    FLASH_InstructionCacheReset              0x08019c15   Thumb Code    14  stm32f4xx_flash.o(.text)
    FLASH_DataCacheReset                     0x08019c23   Thumb Code    14  stm32f4xx_flash.o(.text)
    FLASH_Unlock                             0x08019c31   Thumb Code    26  stm32f4xx_flash.o(.text)
    FLASH_Lock                               0x08019c4b   Thumb Code    18  stm32f4xx_flash.o(.text)
    FLASH_GetStatus                          0x08019c5d   Thumb Code    90  stm32f4xx_flash.o(.text)
    FLASH_WaitForLastOperation               0x08019cb7   Thumb Code    34  stm32f4xx_flash.o(.text)
    FLASH_EraseSector                        0x08019cd9   Thumb Code   140  stm32f4xx_flash.o(.text)
    FLASH_EraseAllSectors                    0x08019d65   Thumb Code   112  stm32f4xx_flash.o(.text)
    FLASH_EraseAllBank1Sectors               0x08019dd5   Thumb Code   112  stm32f4xx_flash.o(.text)
    FLASH_EraseAllBank2Sectors               0x08019e45   Thumb Code   112  stm32f4xx_flash.o(.text)
    FLASH_ProgramDoubleWord                  0x08019eb5   Thumb Code    86  stm32f4xx_flash.o(.text)
    FLASH_ProgramWord                        0x08019f0b   Thumb Code    82  stm32f4xx_flash.o(.text)
    FLASH_ProgramHalfWord                    0x08019f5d   Thumb Code    96  stm32f4xx_flash.o(.text)
    FLASH_ProgramByte                        0x08019fbd   Thumb Code    70  stm32f4xx_flash.o(.text)
    FLASH_OB_Unlock                          0x0801a003   Thumb Code    26  stm32f4xx_flash.o(.text)
    FLASH_OB_Lock                            0x0801a01d   Thumb Code    18  stm32f4xx_flash.o(.text)
    FLASH_OB_WRPConfig                       0x0801a02f   Thumb Code    54  stm32f4xx_flash.o(.text)
    FLASH_OB_WRP1Config                      0x0801a065   Thumb Code    54  stm32f4xx_flash.o(.text)
    FLASH_OB_PCROPSelectionConfig            0x0801a09b   Thumb Code    24  stm32f4xx_flash.o(.text)
    FLASH_OB_PCROPConfig                     0x0801a0b3   Thumb Code    54  stm32f4xx_flash.o(.text)
    FLASH_OB_PCROP1Config                    0x0801a0e9   Thumb Code    54  stm32f4xx_flash.o(.text)
    FLASH_OB_RDPConfig                       0x0801a11f   Thumb Code    24  stm32f4xx_flash.o(.text)
    FLASH_OB_UserConfig                      0x0801a137   Thumb Code    46  stm32f4xx_flash.o(.text)
    FLASH_OB_BootConfig                      0x0801a165   Thumb Code    26  stm32f4xx_flash.o(.text)
    FLASH_OB_BORConfig                       0x0801a17f   Thumb Code    26  stm32f4xx_flash.o(.text)
    FLASH_OB_Launch                          0x0801a199   Thumb Code    30  stm32f4xx_flash.o(.text)
    FLASH_OB_GetUser                         0x0801a1b7   Thumb Code    12  stm32f4xx_flash.o(.text)
    FLASH_OB_GetWRP                          0x0801a1c3   Thumb Code     8  stm32f4xx_flash.o(.text)
    FLASH_OB_GetWRP1                         0x0801a1cb   Thumb Code     8  stm32f4xx_flash.o(.text)
    FLASH_OB_GetPCROP                        0x0801a1d3   Thumb Code     8  stm32f4xx_flash.o(.text)
    FLASH_OB_GetPCROP1                       0x0801a1db   Thumb Code     8  stm32f4xx_flash.o(.text)
    FLASH_OB_GetRDP                          0x0801a1e3   Thumb Code    20  stm32f4xx_flash.o(.text)
    FLASH_OB_GetBOR                          0x0801a1f7   Thumb Code    12  stm32f4xx_flash.o(.text)
    FLASH_ITConfig                           0x0801a203   Thumb Code    26  stm32f4xx_flash.o(.text)
    FLASH_GetFlagStatus                      0x0801a21d   Thumb Code    22  stm32f4xx_flash.o(.text)
    FLASH_ClearFlag                          0x0801a233   Thumb Code     8  stm32f4xx_flash.o(.text)
    RTC_WaitForSynchro                       0x0801a249   Thumb Code    92  stm32f4xx_rtc.o(.text)
    RTC_EnterInitMode                        0x0801a2a5   Thumb Code    84  stm32f4xx_rtc.o(.text)
    RTC_DeInit                               0x0801a2f9   Thumb Code   204  stm32f4xx_rtc.o(.text)
    RTC_ExitInitMode                         0x0801a3c5   Thumb Code    18  stm32f4xx_rtc.o(.text)
    RTC_Init                                 0x0801a3d7   Thumb Code    94  stm32f4xx_rtc.o(.text)
    RTC_StructInit                           0x0801a435   Thumb Code    14  stm32f4xx_rtc.o(.text)
    RTC_WriteProtectionCmd                   0x0801a443   Thumb Code    22  stm32f4xx_rtc.o(.text)
    RTC_RefClockCmd                          0x0801a459   Thumb Code    76  stm32f4xx_rtc.o(.text)
    RTC_BypassShadowCmd                      0x0801a4a5   Thumb Code    54  stm32f4xx_rtc.o(.text)
    RTC_SetTime                              0x0801a50d   Thumb Code   200  stm32f4xx_rtc.o(.text)
    RTC_TimeStructInit                       0x0801a5d5   Thumb Code    12  stm32f4xx_rtc.o(.text)
    RTC_GetTime                              0x0801a5e1   Thumb Code    74  stm32f4xx_rtc.o(.text)
    RTC_GetSubSecond                         0x0801a62b   Thumb Code    30  stm32f4xx_rtc.o(.text)
    RTC_SetDate                              0x0801a649   Thumb Code   190  stm32f4xx_rtc.o(.text)
    RTC_DateStructInit                       0x0801a707   Thumb Code    14  stm32f4xx_rtc.o(.text)
    RTC_GetDate                              0x0801a715   Thumb Code    70  stm32f4xx_rtc.o(.text)
    RTC_SetAlarm                             0x0801a75b   Thumb Code   230  stm32f4xx_rtc.o(.text)
    RTC_AlarmStructInit                      0x0801a841   Thumb Code    22  stm32f4xx_rtc.o(.text)
    RTC_GetAlarm                             0x0801a857   Thumb Code   114  stm32f4xx_rtc.o(.text)
    RTC_AlarmCmd                             0x0801a8c9   Thumb Code   112  stm32f4xx_rtc.o(.text)
    RTC_AlarmSubSecondConfig                 0x0801a939   Thumb Code    46  stm32f4xx_rtc.o(.text)
    RTC_GetAlarmSubSecond                    0x0801a967   Thumb Code    34  stm32f4xx_rtc.o(.text)
    RTC_WakeUpClockConfig                    0x0801a989   Thumb Code    42  stm32f4xx_rtc.o(.text)
    RTC_SetWakeUpCounter                     0x0801a9b3   Thumb Code    22  stm32f4xx_rtc.o(.text)
    RTC_GetWakeUpCounter                     0x0801a9c9   Thumb Code    10  stm32f4xx_rtc.o(.text)
    RTC_WakeUpCmd                            0x0801a9d3   Thumb Code   116  stm32f4xx_rtc.o(.text)
    RTC_DayLightSavingConfig                 0x0801aa47   Thumb Code    50  stm32f4xx_rtc.o(.text)
    RTC_GetStoreOperation                    0x0801aa79   Thumb Code    12  stm32f4xx_rtc.o(.text)
    RTC_OutputConfig                         0x0801aa85   Thumb Code    60  stm32f4xx_rtc.o(.text)
    RTC_CoarseCalibConfig                    0x0801aac1   Thumb Code    52  stm32f4xx_rtc.o(.text)
    RTC_CoarseCalibCmd                       0x0801aaf5   Thumb Code    76  stm32f4xx_rtc.o(.text)
    RTC_CalibOutputCmd                       0x0801ab41   Thumb Code    54  stm32f4xx_rtc.o(.text)
    RTC_CalibOutputConfig                    0x0801ab77   Thumb Code    42  stm32f4xx_rtc.o(.text)
    RTC_SmoothCalibConfig                    0x0801aba1   Thumb Code    90  stm32f4xx_rtc.o(.text)
    RTC_TimeStampCmd                         0x0801abfb   Thumb Code    54  stm32f4xx_rtc.o(.text)
    RTC_GetTimeStamp                         0x0801ac31   Thumb Code   144  stm32f4xx_rtc.o(.text)
    RTC_GetTimeStampSubSecond                0x0801acc1   Thumb Code     8  stm32f4xx_rtc.o(.text)
    RTC_TamperTriggerConfig                  0x0801acc9   Thumb Code    38  stm32f4xx_rtc.o(.text)
    RTC_TamperCmd                            0x0801acef   Thumb Code    34  stm32f4xx_rtc.o(.text)
    RTC_TamperFilterConfig                   0x0801ad11   Thumb Code    26  stm32f4xx_rtc.o(.text)
    RTC_TamperSamplingFreqConfig             0x0801ad2b   Thumb Code    26  stm32f4xx_rtc.o(.text)
    RTC_TamperPinsPrechargeDuration          0x0801ad45   Thumb Code    26  stm32f4xx_rtc.o(.text)
    RTC_TimeStampOnTamperDetectionCmd        0x0801ad5f   Thumb Code    38  stm32f4xx_rtc.o(.text)
    RTC_TamperPullUpCmd                      0x0801ad85   Thumb Code    38  stm32f4xx_rtc.o(.text)
    RTC_WriteBackupRegister                  0x0801adab   Thumb Code    26  stm32f4xx_rtc.o(.text)
    RTC_ReadBackupRegister                   0x0801adc5   Thumb Code    28  stm32f4xx_rtc.o(.text)
    RTC_TamperPinSelection                   0x0801ade1   Thumb Code    26  stm32f4xx_rtc.o(.text)
    RTC_TimeStampPinSelection                0x0801adfb   Thumb Code    26  stm32f4xx_rtc.o(.text)
    RTC_OutputTypeConfig                     0x0801ae15   Thumb Code    26  stm32f4xx_rtc.o(.text)
    RTC_SynchroShiftConfig                   0x0801ae2f   Thumb Code   130  stm32f4xx_rtc.o(.text)
    RTC_ITConfig                             0x0801aeb1   Thumb Code    94  stm32f4xx_rtc.o(.text)
    RTC_GetFlagStatus                        0x0801af0f   Thumb Code    34  stm32f4xx_rtc.o(.text)
    RTC_ClearFlag                            0x0801af31   Thumb Code    28  stm32f4xx_rtc.o(.text)
    RTC_GetITStatus                          0x0801af4d   Thumb Code    60  stm32f4xx_rtc.o(.text)
    RTC_ClearITPendingBit                    0x0801af89   Thumb Code    32  stm32f4xx_rtc.o(.text)
    PWR_DeInit                               0x0801afb1   Thumb Code    22  stm32f4xx_pwr.o(.text)
    PWR_BackupAccessCmd                      0x0801afc7   Thumb Code     6  stm32f4xx_pwr.o(.text)
    PWR_PVDLevelConfig                       0x0801afcd   Thumb Code    18  stm32f4xx_pwr.o(.text)
    PWR_PVDCmd                               0x0801afdf   Thumb Code     6  stm32f4xx_pwr.o(.text)
    PWR_WakeUpPinCmd                         0x0801afe5   Thumb Code     8  stm32f4xx_pwr.o(.text)
    PWR_BackupRegulatorCmd                   0x0801afed   Thumb Code     8  stm32f4xx_pwr.o(.text)
    PWR_MainRegulatorModeConfig              0x0801aff5   Thumb Code    18  stm32f4xx_pwr.o(.text)
    PWR_OverDriveCmd                         0x0801b007   Thumb Code     6  stm32f4xx_pwr.o(.text)
    PWR_OverDriveSWCmd                       0x0801b00d   Thumb Code     6  stm32f4xx_pwr.o(.text)
    PWR_UnderDriveCmd                        0x0801b013   Thumb Code    30  stm32f4xx_pwr.o(.text)
    PWR_MainRegulatorLowVoltageCmd           0x0801b031   Thumb Code    18  stm32f4xx_pwr.o(.text)
    PWR_LowRegulatorLowVoltageCmd            0x0801b043   Thumb Code    18  stm32f4xx_pwr.o(.text)
    PWR_FlashPowerDownCmd                    0x0801b055   Thumb Code     6  stm32f4xx_pwr.o(.text)
    PWR_EnterSTOPMode                        0x0801b05b   Thumb Code    58  stm32f4xx_pwr.o(.text)
    PWR_EnterUnderDriveSTOPMode              0x0801b095   Thumb Code    58  stm32f4xx_pwr.o(.text)
    PWR_EnterSTANDBYMode                     0x0801b0cf   Thumb Code    32  stm32f4xx_pwr.o(.text)
    PWR_GetFlagStatus                        0x0801b0ef   Thumb Code    20  stm32f4xx_pwr.o(.text)
    PWR_ClearFlag                            0x0801b103   Thumb Code    14  stm32f4xx_pwr.o(.text)
    DMA_DeInit                               0x0801b11d   Thumb Code   324  stm32f4xx_dma.o(.text)
    DMA_Init                                 0x0801b261   Thumb Code    82  stm32f4xx_dma.o(.text)
    DMA_StructInit                           0x0801b2b3   Thumb Code    34  stm32f4xx_dma.o(.text)
    DMA_Cmd                                  0x0801b2d5   Thumb Code    22  stm32f4xx_dma.o(.text)
    DMA_PeriphIncOffsetSizeConfig            0x0801b2eb   Thumb Code    22  stm32f4xx_dma.o(.text)
    DMA_FlowControllerConfig                 0x0801b301   Thumb Code    22  stm32f4xx_dma.o(.text)
    DMA_SetCurrDataCounter                   0x0801b317   Thumb Code     4  stm32f4xx_dma.o(.text)
    DMA_GetCurrDataCounter                   0x0801b31b   Thumb Code     8  stm32f4xx_dma.o(.text)
    DMA_DoubleBufferModeConfig               0x0801b323   Thumb Code    24  stm32f4xx_dma.o(.text)
    DMA_DoubleBufferModeCmd                  0x0801b33b   Thumb Code    22  stm32f4xx_dma.o(.text)
    DMA_MemoryTargetConfig                   0x0801b351   Thumb Code    10  stm32f4xx_dma.o(.text)
    DMA_GetCurrentMemoryTarget               0x0801b35b   Thumb Code    20  stm32f4xx_dma.o(.text)
    DMA_GetCmdStatus                         0x0801b36f   Thumb Code    20  stm32f4xx_dma.o(.text)
    DMA_GetFIFOStatus                        0x0801b383   Thumb Code    12  stm32f4xx_dma.o(.text)
    DMA_GetFlagStatus                        0x0801b38f   Thumb Code    56  stm32f4xx_dma.o(.text)
    DMA_ClearFlag                            0x0801b3c7   Thumb Code    40  stm32f4xx_dma.o(.text)
    DMA_ITConfig                             0x0801b3ef   Thumb Code    58  stm32f4xx_dma.o(.text)
    DMA_GetITStatus                          0x0801b429   Thumb Code    84  stm32f4xx_dma.o(.text)
    DMA_ClearITPendingBit                    0x0801b47d   Thumb Code    40  stm32f4xx_dma.o(.text)
    SDIO_DeInit                              0x0801b4c5   Thumb Code    22  stm32f4xx_sdio.o(.text)
    SDIO_Init                                0x0801b4db   Thumb Code    42  stm32f4xx_sdio.o(.text)
    SDIO_StructInit                          0x0801b505   Thumb Code    16  stm32f4xx_sdio.o(.text)
    SDIO_ClockCmd                            0x0801b515   Thumb Code     6  stm32f4xx_sdio.o(.text)
    SDIO_SetPowerState                       0x0801b51b   Thumb Code     8  stm32f4xx_sdio.o(.text)
    SDIO_GetPowerState                       0x0801b523   Thumb Code    12  stm32f4xx_sdio.o(.text)
    SDIO_SendCommand                         0x0801b52f   Thumb Code    42  stm32f4xx_sdio.o(.text)
    SDIO_CmdStructInit                       0x0801b559   Thumb Code    14  stm32f4xx_sdio.o(.text)
    SDIO_GetCommandResponse                  0x0801b567   Thumb Code    10  stm32f4xx_sdio.o(.text)
    SDIO_GetResponse                         0x0801b571   Thumb Code    22  stm32f4xx_sdio.o(.text)
    SDIO_DataConfig                          0x0801b587   Thumb Code    48  stm32f4xx_sdio.o(.text)
    SDIO_DataStructInit                      0x0801b5b7   Thumb Code    20  stm32f4xx_sdio.o(.text)
    SDIO_GetDataCounter                      0x0801b5cb   Thumb Code     8  stm32f4xx_sdio.o(.text)
    SDIO_ReadData                            0x0801b5d3   Thumb Code     8  stm32f4xx_sdio.o(.text)
    SDIO_WriteData                           0x0801b5db   Thumb Code     8  stm32f4xx_sdio.o(.text)
    SDIO_GetFIFOCount                        0x0801b5e3   Thumb Code     8  stm32f4xx_sdio.o(.text)
    SDIO_StartSDIOReadWait                   0x0801b5eb   Thumb Code     6  stm32f4xx_sdio.o(.text)
    SDIO_StopSDIOReadWait                    0x0801b5f1   Thumb Code     8  stm32f4xx_sdio.o(.text)
    SDIO_SetSDIOReadWaitMode                 0x0801b5f9   Thumb Code     8  stm32f4xx_sdio.o(.text)
    SDIO_SetSDIOOperation                    0x0801b601   Thumb Code     8  stm32f4xx_sdio.o(.text)
    SDIO_SendSDIOSuspendCmd                  0x0801b609   Thumb Code     6  stm32f4xx_sdio.o(.text)
    SDIO_CommandCompletionCmd                0x0801b60f   Thumb Code     8  stm32f4xx_sdio.o(.text)
    SDIO_CEATAITCmd                          0x0801b617   Thumb Code    12  stm32f4xx_sdio.o(.text)
    SDIO_SendCEATACmd                        0x0801b623   Thumb Code     8  stm32f4xx_sdio.o(.text)
    SDIO_DMACmd                              0x0801b62b   Thumb Code     8  stm32f4xx_sdio.o(.text)
    SDIO_ITConfig                            0x0801b633   Thumb Code    34  stm32f4xx_sdio.o(.text)
    SDIO_GetFlagStatus                       0x0801b655   Thumb Code    22  stm32f4xx_sdio.o(.text)
    SDIO_ClearFlag                           0x0801b66b   Thumb Code     8  stm32f4xx_sdio.o(.text)
    SDIO_GetITStatus                         0x0801b673   Thumb Code    22  stm32f4xx_sdio.o(.text)
    SDIO_ClearITPendingBit                   0x0801b689   Thumb Code     8  stm32f4xx_sdio.o(.text)
    ADC_DeInit                               0x0801b6a1   Thumb Code    22  stm32f4xx_adc.o(.text)
    ADC_Init                                 0x0801b6b7   Thumb Code    74  stm32f4xx_adc.o(.text)
    ADC_StructInit                           0x0801b701   Thumb Code    20  stm32f4xx_adc.o(.text)
    ADC_CommonInit                           0x0801b715   Thumb Code    34  stm32f4xx_adc.o(.text)
    ADC_CommonStructInit                     0x0801b737   Thumb Code    12  stm32f4xx_adc.o(.text)
    ADC_Cmd                                  0x0801b743   Thumb Code    22  stm32f4xx_adc.o(.text)
    ADC_AnalogWatchdogCmd                    0x0801b759   Thumb Code    16  stm32f4xx_adc.o(.text)
    ADC_AnalogWatchdogThresholdsConfig       0x0801b769   Thumb Code     6  stm32f4xx_adc.o(.text)
    ADC_AnalogWatchdogSingleChannelConfig    0x0801b76f   Thumb Code    16  stm32f4xx_adc.o(.text)
    ADC_TempSensorVrefintCmd                 0x0801b77f   Thumb Code    34  stm32f4xx_adc.o(.text)
    ADC_VBATCmd                              0x0801b7a1   Thumb Code    34  stm32f4xx_adc.o(.text)
    ADC_RegularChannelConfig                 0x0801b7c3   Thumb Code   184  stm32f4xx_adc.o(.text)
    ADC_SoftwareStartConv                    0x0801b87b   Thumb Code    10  stm32f4xx_adc.o(.text)
    ADC_GetSoftwareStartConvStatus           0x0801b885   Thumb Code    20  stm32f4xx_adc.o(.text)
    ADC_EOCOnEachRegularChannelCmd           0x0801b899   Thumb Code    22  stm32f4xx_adc.o(.text)
    ADC_ContinuousModeCmd                    0x0801b8af   Thumb Code    22  stm32f4xx_adc.o(.text)
    ADC_DiscModeChannelCountConfig           0x0801b8c5   Thumb Code    24  stm32f4xx_adc.o(.text)
    ADC_DiscModeCmd                          0x0801b8dd   Thumb Code    22  stm32f4xx_adc.o(.text)
    ADC_GetConversionValue                   0x0801b8f3   Thumb Code     8  stm32f4xx_adc.o(.text)
    ADC_GetMultiModeConversionValue          0x0801b8fb   Thumb Code     8  stm32f4xx_adc.o(.text)
    ADC_DMACmd                               0x0801b903   Thumb Code    22  stm32f4xx_adc.o(.text)
    ADC_DMARequestAfterLastTransferCmd       0x0801b919   Thumb Code    22  stm32f4xx_adc.o(.text)
    ADC_MultiModeDMARequestAfterLastTransferCmd 0x0801b92f   Thumb Code    34  stm32f4xx_adc.o(.text)
    ADC_InjectedChannelConfig                0x0801b951   Thumb Code   130  stm32f4xx_adc.o(.text)
    ADC_InjectedSequencerLengthConfig        0x0801b9d3   Thumb Code    24  stm32f4xx_adc.o(.text)
    ADC_SetInjectedOffset                    0x0801b9eb   Thumb Code    20  stm32f4xx_adc.o(.text)
    ADC_ExternalTrigInjectedConvConfig       0x0801b9ff   Thumb Code    16  stm32f4xx_adc.o(.text)
    ADC_ExternalTrigInjectedConvEdgeConfig   0x0801ba0f   Thumb Code    16  stm32f4xx_adc.o(.text)
    ADC_SoftwareStartInjectedConv            0x0801ba1f   Thumb Code    10  stm32f4xx_adc.o(.text)
    ADC_GetSoftwareStartInjectedConvCmdStatus 0x0801ba29   Thumb Code    20  stm32f4xx_adc.o(.text)
    ADC_AutoInjectedConvCmd                  0x0801ba3d   Thumb Code    22  stm32f4xx_adc.o(.text)
    ADC_InjectedDiscModeCmd                  0x0801ba53   Thumb Code    22  stm32f4xx_adc.o(.text)
    ADC_GetInjectedConversionValue           0x0801ba69   Thumb Code    28  stm32f4xx_adc.o(.text)
    ADC_ITConfig                             0x0801ba85   Thumb Code    56  stm32f4xx_adc.o(.text)
    ADC_GetFlagStatus                        0x0801babd   Thumb Code    18  stm32f4xx_adc.o(.text)
    ADC_ClearFlag                            0x0801bacf   Thumb Code     6  stm32f4xx_adc.o(.text)
    ADC_GetITStatus                          0x0801bad5   Thumb Code    38  stm32f4xx_adc.o(.text)
    ADC_ClearITPendingBit                    0x0801bafb   Thumb Code    10  stm32f4xx_adc.o(.text)
    __use_no_semihosting                     0x0801bb05   Thumb Code     2  use_no_semi_2.o(.text)
    __aeabi_uldivmod                         0x0801bb07   Thumb Code     0  lludivv7m.o(.text)
    _ll_udiv                                 0x0801bb07   Thumb Code   238  lludivv7m.o(.text)
    __2printf                                0x0801bbf5   Thumb Code    20  noretval__2printf.o(.text)
    __2sprintf                               0x0801bc0d   Thumb Code    34  noretval__2sprintf.o(.text)
    _printf_pre_padding                      0x0801bc35   Thumb Code    44  _printf_pad.o(.text)
    _printf_post_padding                     0x0801bc61   Thumb Code    34  _printf_pad.o(.text)
    _printf_str                              0x0801bc83   Thumb Code    82  _printf_str.o(.text)
    _printf_int_dec                          0x0801bcd5   Thumb Code   104  _printf_dec.o(.text)
    _printf_int_hex                          0x0801bd4d   Thumb Code    84  _printf_hex_int.o(.text)
    _printf_longlong_hex                     0x0801bd4d   Thumb Code     0  _printf_hex_int.o(.text)
    __printf                                 0x0801bda5   Thumb Code   308  __printf_flags_wp.o(.text)
    strstr                                   0x0801bedd   Thumb Code    36  strstr.o(.text)
    __aeabi_memcpy                           0x0801bf01   Thumb Code     0  rt_memcpy_v6.o(.text)
    __rt_memcpy                              0x0801bf01   Thumb Code   138  rt_memcpy_v6.o(.text)
    _memcpy_lastbytes                        0x0801bf67   Thumb Code     0  rt_memcpy_v6.o(.text)
    __aeabi_memcpy4                          0x0801bf8b   Thumb Code     0  rt_memcpy_w.o(.text)
    __aeabi_memcpy8                          0x0801bf8b   Thumb Code     0  rt_memcpy_w.o(.text)
    __rt_memcpy_w                            0x0801bf8b   Thumb Code   100  rt_memcpy_w.o(.text)
    _memcpy_lastbytes_aligned                0x0801bfd3   Thumb Code     0  rt_memcpy_w.o(.text)
    __aeabi_memclr4                          0x0801bfef   Thumb Code     0  rt_memclr_w.o(.text)
    __aeabi_memclr8                          0x0801bfef   Thumb Code     0  rt_memclr_w.o(.text)
    __rt_memclr_w                            0x0801bfef   Thumb Code    78  rt_memclr_w.o(.text)
    _memset_w                                0x0801bff3   Thumb Code     0  rt_memclr_w.o(.text)
    __use_two_region_memory                  0x0801c03d   Thumb Code     2  heapauxi.o(.text)
    __rt_heap_escrow$2region                 0x0801c03f   Thumb Code     2  heapauxi.o(.text)
    __rt_heap_expand$2region                 0x0801c041   Thumb Code     2  heapauxi.o(.text)
    __I$use$semihosting                      0x0801c043   Thumb Code     0  use_no_semi.o(.text)
    __use_no_semihosting_swi                 0x0801c043   Thumb Code     2  use_no_semi.o(.text)
    __read_errno                             0x0801c045   Thumb Code    10  _rserrno.o(.text)
    __set_errno                              0x0801c04f   Thumb Code    12  _rserrno.o(.text)
    _printf_int_common                       0x0801c05b   Thumb Code   178  _printf_intcommon.o(.text)
    __lib_sel_fp_printf                      0x0801c10d   Thumb Code     2  _printf_fp_dec.o(.text)
    _printf_fp_dec_real                      0x0801c2bf   Thumb Code   620  _printf_fp_dec.o(.text)
    _printf_char_common                      0x0801c537   Thumb Code    32  _printf_char_common.o(.text)
    _sputc                                   0x0801c55d   Thumb Code    10  _sputc.o(.text)
    _printf_cs_common                        0x0801c567   Thumb Code    20  _printf_char.o(.text)
    _printf_char                             0x0801c57b   Thumb Code    16  _printf_char.o(.text)
    _printf_string                           0x0801c58b   Thumb Code     8  _printf_char.o(.text)
    _printf_char_file                        0x0801c595   Thumb Code    32  _printf_char_file.o(.text)
    __rt_locale                              0x0801c5b9   Thumb Code     8  rt_locale_intlibspace.o(.text)
    __aeabi_errno_addr                       0x0801c5c1   Thumb Code     8  rt_errno_addr_intlibspace.o(.text)
    __errno$intlibspace                      0x0801c5c1   Thumb Code     0  rt_errno_addr_intlibspace.o(.text)
    __rt_errno_addr$intlibspace              0x0801c5c1   Thumb Code     0  rt_errno_addr_intlibspace.o(.text)
    _ll_udiv10                               0x0801c5c9   Thumb Code   138  lludiv10.o(.text)
    _printf_fp_infnan                        0x0801c655   Thumb Code   112  _printf_fp_infnan.o(.text)
    _btod_etento                             0x0801c6d5   Thumb Code   224  bigflt0.o(.text)
    ferror                                   0x0801c7b9   Thumb Code     8  ferror.o(.text)
    __user_libspace                          0x0801c7c1   Thumb Code     8  libspace.o(.text)
    __user_perproc_libspace                  0x0801c7c1   Thumb Code     0  libspace.o(.text)
    __user_perthread_libspace                0x0801c7c1   Thumb Code     0  libspace.o(.text)
    __user_setup_stackheap                   0x0801c7c9   Thumb Code    74  sys_stackheap_outer.o(.text)
    exit                                     0x0801c813   Thumb Code    18  exit.o(.text)
    strcmp                                   0x0801c825   Thumb Code   128  strcmpv7m.o(.text)
    _btod_d2e                                0x0801c8a5   Thumb Code    62  btod.o(CL$$btod_d2e)
    _d2e_denorm_low                          0x0801c8e3   Thumb Code    70  btod.o(CL$$btod_d2e_denorm_low)
    _d2e_norm_op1                            0x0801c929   Thumb Code    96  btod.o(CL$$btod_d2e_norm_op1)
    __btod_div_common                        0x0801c989   Thumb Code   696  btod.o(CL$$btod_div_common)
    _e2e                                     0x0801ccc1   Thumb Code   220  btod.o(CL$$btod_e2e)
    _btod_ediv                               0x0801cd9d   Thumb Code    42  btod.o(CL$$btod_ediv)
    _btod_emul                               0x0801cdc7   Thumb Code    42  btod.o(CL$$btod_emul)
    __btod_mult_common                       0x0801cdf1   Thumb Code   580  btod.o(CL$$btod_mult_common)
    __ARM_fpclassify                         0x0801d035   Thumb Code    48  fpclassify.o(i.__ARM_fpclassify)
    __hardfp_acos                            0x0801d069   Thumb Code   738  acos.o(i.__hardfp_acos)
    __hardfp_cos                             0x0801d3c1   Thumb Code   180  cos.o(i.__hardfp_cos)
    __hardfp_pow                             0x0801d489   Thumb Code  3072  pow.o(i.__hardfp_pow)
    __hardfp_sin                             0x0801e0d9   Thumb Code   180  sin.o(i.__hardfp_sin)
    __hardfp_tan                             0x0801e1a1   Thumb Code   108  tan.o(i.__hardfp_tan)
    __ieee754_rem_pio2                       0x0801e221   Thumb Code   938  rred.o(i.__ieee754_rem_pio2)
    __kernel_cos                             0x0801e659   Thumb Code   322  cos_i.o(i.__kernel_cos)
    __kernel_poly                            0x0801e7c9   Thumb Code   248  poly.o(i.__kernel_poly)
    __kernel_sin                             0x0801e8c1   Thumb Code   280  sin_i.o(i.__kernel_sin)
    __kernel_tan                             0x0801e9f1   Thumb Code   764  tan_i.o(i.__kernel_tan)
    __mathlib_dbl_divzero                    0x0801ed41   Thumb Code    28  dunder.o(i.__mathlib_dbl_divzero)
    __mathlib_dbl_infnan                     0x0801ed71   Thumb Code    20  dunder.o(i.__mathlib_dbl_infnan)
    __mathlib_dbl_infnan2                    0x0801ed85   Thumb Code    20  dunder.o(i.__mathlib_dbl_infnan2)
    __mathlib_dbl_invalid                    0x0801ed99   Thumb Code    24  dunder.o(i.__mathlib_dbl_invalid)
    __mathlib_dbl_overflow                   0x0801edb9   Thumb Code    24  dunder.o(i.__mathlib_dbl_overflow)
    __mathlib_dbl_underflow                  0x0801edd9   Thumb Code    24  dunder.o(i.__mathlib_dbl_underflow)
    _is_digit                                0x0801edf9   Thumb Code    14  __printf_wp.o(i._is_digit)
    fabs                                     0x0801ee07   Thumb Code    24  fabs.o(i.fabs)
    sqrt                                     0x0801ee1f   Thumb Code   110  sqrt.o(i.sqrt)
    _get_lc_numeric                          0x0801ee8d   Thumb Code    44  lc_numeric_c.o(locale$$code)
    __aeabi_dneg                             0x0801eeb9   Thumb Code     0  basic.o(x$fpl$basic)
    _dneg                                    0x0801eeb9   Thumb Code     6  basic.o(x$fpl$basic)
    __aeabi_fneg                             0x0801eebf   Thumb Code     0  basic.o(x$fpl$basic)
    _fneg                                    0x0801eebf   Thumb Code     6  basic.o(x$fpl$basic)
    _dabs                                    0x0801eec5   Thumb Code     6  basic.o(x$fpl$basic)
    _fabs                                    0x0801eecb   Thumb Code     6  basic.o(x$fpl$basic)
    __aeabi_d2f                              0x0801eed1   Thumb Code     0  d2f.o(x$fpl$d2f)
    _d2f                                     0x0801eed1   Thumb Code    98  d2f.o(x$fpl$d2f)
    __aeabi_dadd                             0x0801ef35   Thumb Code     0  daddsub_clz.o(x$fpl$dadd)
    _dadd                                    0x0801ef35   Thumb Code   332  daddsub_clz.o(x$fpl$dadd)
    __fpl_dcheck_NaN1                        0x0801f085   Thumb Code    10  dcheck1.o(x$fpl$dcheck1)
    __fpl_dcmp_Inf                           0x0801f095   Thumb Code    24  dcmpi.o(x$fpl$dcmpinf)
    __aeabi_ddiv                             0x0801f0ad   Thumb Code     0  ddiv.o(x$fpl$ddiv)
    _ddiv                                    0x0801f0ad   Thumb Code   552  ddiv.o(x$fpl$ddiv)
    __aeabi_cdcmpeq                          0x0801f35d   Thumb Code     0  deqf.o(x$fpl$deqf)
    _dcmpeq                                  0x0801f35d   Thumb Code   120  deqf.o(x$fpl$deqf)
    __aeabi_d2iz                             0x0801f3d5   Thumb Code     0  dfix.o(x$fpl$dfix)
    _dfix                                    0x0801f3d5   Thumb Code    94  dfix.o(x$fpl$dfix)
    __aeabi_d2uiz                            0x0801f435   Thumb Code     0  dfixu.o(x$fpl$dfixu)
    _dfixu                                   0x0801f435   Thumb Code    90  dfixu.o(x$fpl$dfixu)
    __aeabi_i2d                              0x0801f48f   Thumb Code     0  dflt_clz.o(x$fpl$dflt)
    _dflt                                    0x0801f48f   Thumb Code    46  dflt_clz.o(x$fpl$dflt)
    __aeabi_ui2d                             0x0801f4bd   Thumb Code     0  dflt_clz.o(x$fpl$dfltu)
    _dfltu                                   0x0801f4bd   Thumb Code    38  dflt_clz.o(x$fpl$dfltu)
    __aeabi_cdcmple                          0x0801f4e5   Thumb Code     0  dleqf.o(x$fpl$dleqf)
    _dcmple                                  0x0801f4e5   Thumb Code   120  dleqf.o(x$fpl$dleqf)
    __fpl_dcmple_InfNaN                      0x0801f547   Thumb Code     0  dleqf.o(x$fpl$dleqf)
    __aeabi_dmul                             0x0801f55d   Thumb Code     0  dmul.o(x$fpl$dmul)
    _dmul                                    0x0801f55d   Thumb Code   332  dmul.o(x$fpl$dmul)
    __fpl_dnaninf                            0x0801f6b1   Thumb Code   156  dnaninf.o(x$fpl$dnaninf)
    __fpl_dretinf                            0x0801f74d   Thumb Code    12  dretinf.o(x$fpl$dretinf)
    __aeabi_cdrcmple                         0x0801f759   Thumb Code     0  drleqf.o(x$fpl$drleqf)
    _drcmple                                 0x0801f759   Thumb Code   108  drleqf.o(x$fpl$drleqf)
    __aeabi_drsub                            0x0801f7c5   Thumb Code     0  daddsub_clz.o(x$fpl$drsb)
    _drsb                                    0x0801f7c5   Thumb Code    22  daddsub_clz.o(x$fpl$drsb)
    _dsqrt                                   0x0801f7dd   Thumb Code   404  dsqrt_umaal.o(x$fpl$dsqrt)
    __aeabi_dsub                             0x0801f975   Thumb Code     0  daddsub_clz.o(x$fpl$dsub)
    _dsub                                    0x0801f975   Thumb Code   464  daddsub_clz.o(x$fpl$dsub)
    __aeabi_f2d                              0x0801fb49   Thumb Code     0  f2d.o(x$fpl$f2d)
    _f2d                                     0x0801fb49   Thumb Code    86  f2d.o(x$fpl$f2d)
    __fpl_fnaninf                            0x0801fb9f   Thumb Code   140  fnaninf.o(x$fpl$fnaninf)
    _fp_init                                 0x0801fc2b   Thumb Code    10  fpinit.o(x$fpl$fpinit)
    __fplib_config_fpu_vfp                   0x0801fc33   Thumb Code     0  fpinit.o(x$fpl$fpinit)
    __fplib_config_pureend_doubles           0x0801fc33   Thumb Code     0  fpinit.o(x$fpl$fpinit)
    __fpl_fretinf                            0x0801fc35   Thumb Code    10  fretinf.o(x$fpl$fretinf)
    _printf_fp_dec                           0x0801fc3f   Thumb Code     4  printf1.o(x$fpl$printf1)
    __fpl_return_NaN                         0x0801fc43   Thumb Code   100  retnan.o(x$fpl$retnan)
    __ARM_scalbn                             0x0801fca7   Thumb Code    92  scalbn.o(x$fpl$scalbn)
    __fpl_cmpreturn                          0x0801fd03   Thumb Code    48  trapv.o(x$fpl$trapveneer)
    __I$use$fp                               0x0801fd32   Number         0  usenofp.o(x$fpl$usenofp)
    __mathlib_zero                           0x0801fe78   Data           8  qnan.o(.constdata)
    Region$$Table$$Base                      0x08020064   Number         0  anon$$obj.o(Region$$Table)
    Region$$Table$$Limit                     0x08020084   Number         0  anon$$obj.o(Region$$Table)
    getFlowSpeedFlag                         0x20000000   Data           1  main.o(.data)
    SDCardInitSuccessFlag                    0x20000001   Data           1  main.o(.data)
    ChangeFlag                               0x20000002   Data           1  main.o(.data)
    ProUpdateFlag                            0x20000003   Data           1  main.o(.data)
    RS485Mode                                0x20000004   Data           1  main.o(.data)
    SDFailedNums                             0x20000005   Data           1  main.o(.data)
    connectServerDiff                        0x20000008   Data           8  main.o(.data)
    debugFlag                                0x20000010   Data           1  main.o(.data)
    SystemCoreClock                          0x20000014   Data           4  system_stm32f4xx.o(.data)
    AHBPrescTable                            0x20000018   Data          16  system_stm32f4xx.o(.data)
    RS485_RX_CNT                             0x20000028   Data           1  rs485.o(.data)
    code_jiong1                              0x2000002c   Data          32  lcd.o(.data)
    code_lei1                                0x2000004c   Data          32  lcd.o(.data)
    fontaddr                                 0x2000006c   Data           4  lcd.o(.data)
    Timeout                                  0x20000070   Data           1  timer.o(.data)
    recflag                                  0x20000071   Data           1  timer.o(.data)
    TIM4_timeout                             0x20000072   Data           1  timer.o(.data)
    TIM2_timeout                             0x20000073   Data           1  timer.o(.data)
    strx                                     0x20000074   Data           4  ec20.o(.data)
    extstrx                                  0x20000078   Data           4  ec20.o(.data)
    Readystrx                                0x2000007c   Data           4  ec20.o(.data)
    pro_update_packet_num                    0x20000080   Data           1  ec20.o(.data)
    current_packet                           0x20000081   Data           1  ec20.o(.data)
    updateSuccess                            0x20000082   Data           1  ec20.o(.data)
    send_xiaxie_stage                        0x20000083   Data           1  ec20.o(.data)
    rebootFlag                               0x20000084   Data           1  ec20.o(.data)
    hc08_size                                0x20000086   Data           2  hc08.o(.data)
    TIM7_timeout                             0x20000088   Data           1  hc08.o(.data)
    hc08_mutex                               0x20000089   Data           1  hc08.o(.data)
    hc08_data_mutex                          0x2000008a   Data           1  hc08.o(.data)
    flashIsEraseCode                         0x2000008b   Data          56  flash.o(.data)
    TransferError                            0x200000d6   Data           1  sdio_sdcard.o(.data)
    TransferEnd                              0x200000d7   Data           1  sdio_sdcard.o(.data)
    tempbuff                                 0x200000d8   Data           4  sdio_sdcard.o(.data)
    Rxcouter                                 0x20000138   Data           2  usart.o(.data)
    __stdout                                 0x2000013c   Data           4  usart.o(.data)
    EC20_msg                                 0x20000150   Data          40  main.o(.bss)
    sys_time                                 0x20000178   Data          56  main.o(.bss)
    platform_manager                         0x200001b0   Data         440  main.o(.bss)
    device_manager                           0x20000368   Data        1544  main.o(.bss)
    LCD_msg                                  0x20000970   Data          24  main.o(.bss)
    hydrology_packet                         0x20000988   Data         152  main.o(.bss)
    battery_data                             0x20000a20   Data          12  main.o(.bss)
    rs485State                               0x20000a30   Data          16  main.o(.bss)
    SD_BUFFER                                0x20000a40   Data         512  main.o(.bss)
    RS485_RX_BUF                             0x20000c40   Data         128  rs485.o(.bss)
    EC20_Send_Data                           0x20000cc0   Data        2496  ec20.o(.bss)
    xiaxieTimeTag                            0x20001680   Data          20  ec20.o(.bss)
    hc08_data                                0x20001694   Data        4096  hc08.o(.bss)
    msgEvents                                0x20002694   Data         128  liuqueue.o(.bss)
    EC20_events                              0x20002714   Data         128  liuqueue.o(.bss)
    rs485_events                             0x20002794   Data         128  liuqueue.o(.bss)
    SDIO_InitStructure                       0x20002818   Data          24  sdio_sdcard.o(.bss)
    SDIO_CmdInitStructure                    0x20002830   Data          20  sdio_sdcard.o(.bss)
    SDIO_DataInitStructure                   0x20002844   Data          24  sdio_sdcard.o(.bss)
    SDCardInfo                               0x20002880   Data          88  sdio_sdcard.o(.bss)
    SDIO_DATA_BUFFER                         0x200028d8   Data         512  sdio_sdcard.o(.bss)
    SD_Menu                                  0x20002ad8   Data          92  sdhandle.o(.bss)
    RxBuffer                                 0x20002b34   Data        2048  usart.o(.bss)
    __libspace_start                         0x20003334   Data          96  libspace.o(.bss)
    __temporary_stack_top$libspace           0x20003394   Data           0  libspace.o(.bss)



==============================================================================

Memory Map of the image

  Image Entry point : 0x08008189

  Load Region LR_IROM1 (Base: 0x08008000, Size: 0x000181f0, Max: 0x00034000, ABSOLUTE, COMPRESSED[0x00018164])

    Execution Region ER_IROM1 (Exec base: 0x08008000, Load base: 0x08008000, Size: 0x000180a0, Max: 0x00034000, ABSOLUTE)

    Exec Addr    Load Addr    Size         Type   Attr      Idx    E Section Name        Object

    0x08008000   0x08008000   0x00000188   Data   RO          114    RESET               startup_stm32f40_41xxx.o
    0x08008188   0x08008188   0x00000008   Code   RO          228  * !!!main             c_w.l(__main.o)
    0x08008190   0x08008190   0x00000034   Code   RO          493    !!!scatter          c_w.l(__scatter.o)
    0x080081c4   0x080081c4   0x0000005a   Code   RO          492    !!dczerorl2         c_w.l(__dczerorl2.o)
    0x0800821e   0x0800821e   0x00000002   PAD
    0x08008220   0x08008220   0x0000001c   Code   RO          494    !!handler_zi        c_w.l(__scatter_zi.o)
    0x0800823c   0x0800823c   0x00000000   Code   RO          222    .ARM.Collect$$_printf_percent$$00000000  c_w.l(_printf_percent.o)
    0x0800823c   0x0800823c   0x00000006   Code   RO          221    .ARM.Collect$$_printf_percent$$00000003  c_w.l(_printf_f.o)
    0x08008242   0x08008242   0x00000006   Code   RO          219    .ARM.Collect$$_printf_percent$$00000009  c_w.l(_printf_d.o)
    0x08008248   0x08008248   0x00000006   Code   RO          220    .ARM.Collect$$_printf_percent$$0000000A  c_w.l(_printf_u.o)
    0x0800824e   0x0800824e   0x00000006   Code   RO          218    .ARM.Collect$$_printf_percent$$0000000C  c_w.l(_printf_x.o)
    0x08008254   0x08008254   0x00000006   Code   RO          217    .ARM.Collect$$_printf_percent$$00000014  c_w.l(_printf_s.o)
    0x0800825a   0x0800825a   0x00000004   Code   RO          293    .ARM.Collect$$_printf_percent$$00000017  c_w.l(_printf_percent_end.o)
    0x0800825e   0x0800825e   0x00000002   Code   RO          389    .ARM.Collect$$libinit$$00000000  c_w.l(libinit.o)
    0x08008260   0x08008260   0x00000004   Code   RO          390    .ARM.Collect$$libinit$$00000001  c_w.l(libinit2.o)
    0x08008264   0x08008264   0x00000000   Code   RO          393    .ARM.Collect$$libinit$$00000004  c_w.l(libinit2.o)
    0x08008264   0x08008264   0x00000000   Code   RO          396    .ARM.Collect$$libinit$$0000000A  c_w.l(libinit2.o)
    0x08008264   0x08008264   0x00000000   Code   RO          398    .ARM.Collect$$libinit$$0000000C  c_w.l(libinit2.o)
    0x08008264   0x08008264   0x00000000   Code   RO          400    .ARM.Collect$$libinit$$0000000E  c_w.l(libinit2.o)
    0x08008264   0x08008264   0x00000006   Code   RO          401    .ARM.Collect$$libinit$$0000000F  c_w.l(libinit2.o)
    0x0800826a   0x0800826a   0x00000000   Code   RO          403    .ARM.Collect$$libinit$$00000011  c_w.l(libinit2.o)
    0x0800826a   0x0800826a   0x00000000   Code   RO          405    .ARM.Collect$$libinit$$00000013  c_w.l(libinit2.o)
    0x0800826a   0x0800826a   0x00000000   Code   RO          407    .ARM.Collect$$libinit$$00000015  c_w.l(libinit2.o)
    0x0800826a   0x0800826a   0x0000000a   Code   RO          408    .ARM.Collect$$libinit$$00000016  c_w.l(libinit2.o)
    0x08008274   0x08008274   0x00000000   Code   RO          409    .ARM.Collect$$libinit$$00000017  c_w.l(libinit2.o)
    0x08008274   0x08008274   0x00000000   Code   RO          411    .ARM.Collect$$libinit$$00000019  c_w.l(libinit2.o)
    0x08008274   0x08008274   0x00000000   Code   RO          413    .ARM.Collect$$libinit$$0000001B  c_w.l(libinit2.o)
    0x08008274   0x08008274   0x00000000   Code   RO          415    .ARM.Collect$$libinit$$0000001D  c_w.l(libinit2.o)
    0x08008274   0x08008274   0x00000000   Code   RO          417    .ARM.Collect$$libinit$$0000001F  c_w.l(libinit2.o)
    0x08008274   0x08008274   0x00000000   Code   RO          419    .ARM.Collect$$libinit$$00000021  c_w.l(libinit2.o)
    0x08008274   0x08008274   0x00000000   Code   RO          421    .ARM.Collect$$libinit$$00000023  c_w.l(libinit2.o)
    0x08008274   0x08008274   0x00000000   Code   RO          423    .ARM.Collect$$libinit$$00000025  c_w.l(libinit2.o)
    0x08008274   0x08008274   0x00000000   Code   RO          427    .ARM.Collect$$libinit$$0000002C  c_w.l(libinit2.o)
    0x08008274   0x08008274   0x00000000   Code   RO          429    .ARM.Collect$$libinit$$0000002E  c_w.l(libinit2.o)
    0x08008274   0x08008274   0x00000000   Code   RO          431    .ARM.Collect$$libinit$$00000030  c_w.l(libinit2.o)
    0x08008274   0x08008274   0x00000000   Code   RO          433    .ARM.Collect$$libinit$$00000032  c_w.l(libinit2.o)
    0x08008274   0x08008274   0x00000002   Code   RO          434    .ARM.Collect$$libinit$$00000033  c_w.l(libinit2.o)
    0x08008276   0x08008276   0x00000002   Code   RO          462    .ARM.Collect$$libshutdown$$00000000  c_w.l(libshutdown.o)
    0x08008278   0x08008278   0x00000000   Code   RO          473    .ARM.Collect$$libshutdown$$00000002  c_w.l(libshutdown2.o)
    0x08008278   0x08008278   0x00000000   Code   RO          475    .ARM.Collect$$libshutdown$$00000004  c_w.l(libshutdown2.o)
    0x08008278   0x08008278   0x00000000   Code   RO          477    .ARM.Collect$$libshutdown$$00000006  c_w.l(libshutdown2.o)
    0x08008278   0x08008278   0x00000000   Code   RO          480    .ARM.Collect$$libshutdown$$00000009  c_w.l(libshutdown2.o)
    0x08008278   0x08008278   0x00000000   Code   RO          483    .ARM.Collect$$libshutdown$$0000000C  c_w.l(libshutdown2.o)
    0x08008278   0x08008278   0x00000000   Code   RO          485    .ARM.Collect$$libshutdown$$0000000E  c_w.l(libshutdown2.o)
    0x08008278   0x08008278   0x00000000   Code   RO          488    .ARM.Collect$$libshutdown$$00000011  c_w.l(libshutdown2.o)
    0x08008278   0x08008278   0x00000002   Code   RO          489    .ARM.Collect$$libshutdown$$00000012  c_w.l(libshutdown2.o)
    0x0800827a   0x0800827a   0x00000000   Code   RO          283    .ARM.Collect$$rtentry$$00000000  c_w.l(__rtentry.o)
    0x0800827a   0x0800827a   0x00000000   Code   RO          335    .ARM.Collect$$rtentry$$00000002  c_w.l(__rtentry2.o)
    0x0800827a   0x0800827a   0x00000006   Code   RO          347    .ARM.Collect$$rtentry$$00000004  c_w.l(__rtentry4.o)
    0x08008280   0x08008280   0x00000000   Code   RO          337    .ARM.Collect$$rtentry$$00000009  c_w.l(__rtentry2.o)
    0x08008280   0x08008280   0x00000004   Code   RO          338    .ARM.Collect$$rtentry$$0000000A  c_w.l(__rtentry2.o)
    0x08008284   0x08008284   0x00000000   Code   RO          340    .ARM.Collect$$rtentry$$0000000C  c_w.l(__rtentry2.o)
    0x08008284   0x08008284   0x00000008   Code   RO          341    .ARM.Collect$$rtentry$$0000000D  c_w.l(__rtentry2.o)
    0x0800828c   0x0800828c   0x00000002   Code   RO          436    .ARM.Collect$$rtexit$$00000000  c_w.l(rtexit.o)
    0x0800828e   0x0800828e   0x00000000   Code   RO          445    .ARM.Collect$$rtexit$$00000002  c_w.l(rtexit2.o)
    0x0800828e   0x0800828e   0x00000004   Code   RO          446    .ARM.Collect$$rtexit$$00000003  c_w.l(rtexit2.o)
    0x08008292   0x08008292   0x00000006   Code   RO          447    .ARM.Collect$$rtexit$$00000004  c_w.l(rtexit2.o)
    0x08008298   0x08008298   0x00000010   Code   RO          105    .emb_text           sys.o
    0x080082a8   0x080082a8   0x00000708   Code   RO            4    .text               main.o
    0x080089b0   0x080089b0   0x00000210   Code   RO           10    .text               system_stm32f4xx.o
    0x08008bc0   0x08008bc0   0x0000001a   Code   RO           15    .text               stm32f4xx_it.o
    0x08008bda   0x08008bda   0x00000002   PAD
    0x08008bdc   0x08008bdc   0x00000224   Code   RO           23    .text               rs485.o
    0x08008e00   0x08008e00   0x00000810   Code   RO           29    .text               lcd.o
    0x08009610   0x08009610   0x000000d8   Code   RO           34    .text               key.o
    0x080096e8   0x080096e8   0x00000960   Code   RO           38    .text               timer.o
    0x0800a048   0x0800a048   0x00000078   Code   RO           43    .text               modbus.o
    0x0800a0c0   0x0800a0c0   0x0000242c   Code   RO           47    .text               ec20.o
    0x0800c4ec   0x0800c4ec   0x0000002c   Code   RO           53    .text               iwdg.o
    0x0800c518   0x0800c518   0x0000212c   Code   RO           57    .text               protocol.o
    0x0800e644   0x0800e644   0x00002ee8   Code   RO           61    .text               hc08.o
    0x0801152c   0x0801152c   0x00000a2c   Code   RO           67    .text               flash.o
    0x08011f58   0x08011f58   0x000001d4   Code   RO           69    .text               liuqueue.o
    0x0801212c   0x0801212c   0x00001d30   Code   RO           75    .text               sdio_sdcard.o
    0x08013e5c   0x08013e5c   0x000012f4   Code   RO           81    .text               lcdhandle.o
    0x08015150   0x08015150   0x000001fc   Code   RO           85    .text               adc.o
    0x0801534c   0x0801534c   0x00001438   Code   RO           89    .text               handlewater.o
    0x08016784   0x08016784   0x0000169c   Code   RO           94    .text               sdhandle.o
    0x08017e20   0x08017e20   0x00000104   Code   RO          100    .text               delay.o
    0x08017f24   0x08017f24   0x00000148   Code   RO          109    .text               usart.o
    0x0801806c   0x0801806c   0x00000040   Code   RO          115    .text               startup_stm32f40_41xxx.o
    0x080180ac   0x080180ac   0x000000e0   Code   RO          119    .text               misc.o
    0x0801818c   0x0801818c   0x00000294   Code   RO          123    .text               stm32f4xx_gpio.o
    0x08018420   0x08018420   0x0000065c   Code   RO          132    .text               stm32f4xx_rcc.o
    0x08018a7c   0x08018a7c   0x00000454   Code   RO          141    .text               stm32f4xx_usart.o
    0x08018ed0   0x08018ed0   0x00000ca2   Code   RO          145    .text               stm32f4xx_tim.o
    0x08019b72   0x08019b72   0x00000002   PAD
    0x08019b74   0x08019b74   0x00000040   Code   RO          149    .text               stm32f4xx_iwdg.o
    0x08019bb4   0x08019bb4   0x00000694   Code   RO          153    .text               stm32f4xx_flash.o
    0x0801a248   0x0801a248   0x00000d68   Code   RO          161    .text               stm32f4xx_rtc.o
    0x0801afb0   0x0801afb0   0x0000016c   Code   RO          165    .text               stm32f4xx_pwr.o
    0x0801b11c   0x0801b11c   0x000003a8   Code   RO          169    .text               stm32f4xx_dma.o
    0x0801b4c4   0x0801b4c4   0x000001dc   Code   RO          173    .text               stm32f4xx_sdio.o
    0x0801b6a0   0x0801b6a0   0x00000464   Code   RO          177    .text               stm32f4xx_adc.o
    0x0801bb04   0x0801bb04   0x00000002   Code   RO          180    .text               c_w.l(use_no_semi_2.o)
    0x0801bb06   0x0801bb06   0x000000ee   Code   RO          181    .text               c_w.l(lludivv7m.o)
    0x0801bbf4   0x0801bbf4   0x00000018   Code   RO          184    .text               c_w.l(noretval__2printf.o)
    0x0801bc0c   0x0801bc0c   0x00000028   Code   RO          185    .text               c_w.l(noretval__2sprintf.o)
    0x0801bc34   0x0801bc34   0x0000004e   Code   RO          187    .text               c_w.l(_printf_pad.o)
    0x0801bc82   0x0801bc82   0x00000052   Code   RO          188    .text               c_w.l(_printf_str.o)
    0x0801bcd4   0x0801bcd4   0x00000078   Code   RO          189    .text               c_w.l(_printf_dec.o)
    0x0801bd4c   0x0801bd4c   0x00000058   Code   RO          192    .text               c_w.l(_printf_hex_int.o)
    0x0801bda4   0x0801bda4   0x00000138   Code   RO          212    .text               c_w.l(__printf_flags_wp.o)
    0x0801bedc   0x0801bedc   0x00000024   Code   RO          223    .text               c_w.l(strstr.o)
    0x0801bf00   0x0801bf00   0x0000008a   Code   RO          224    .text               c_w.l(rt_memcpy_v6.o)
    0x0801bf8a   0x0801bf8a   0x00000064   Code   RO          225    .text               c_w.l(rt_memcpy_w.o)
    0x0801bfee   0x0801bfee   0x0000004e   Code   RO          226    .text               c_w.l(rt_memclr_w.o)
    0x0801c03c   0x0801c03c   0x00000006   Code   RO          227    .text               c_w.l(heapauxi.o)
    0x0801c042   0x0801c042   0x00000002   Code   RO          282    .text               c_w.l(use_no_semi.o)
    0x0801c044   0x0801c044   0x00000016   Code   RO          286    .text               c_w.l(_rserrno.o)
    0x0801c05a   0x0801c05a   0x000000b2   Code   RO          287    .text               c_w.l(_printf_intcommon.o)
    0x0801c10c   0x0801c10c   0x0000041e   Code   RO          288    .text               c_w.l(_printf_fp_dec.o)
    0x0801c52a   0x0801c52a   0x00000002   PAD
    0x0801c52c   0x0801c52c   0x00000030   Code   RO          289    .text               c_w.l(_printf_char_common.o)
    0x0801c55c   0x0801c55c   0x0000000a   Code   RO          290    .text               c_w.l(_sputc.o)
    0x0801c566   0x0801c566   0x0000002c   Code   RO          291    .text               c_w.l(_printf_char.o)
    0x0801c592   0x0801c592   0x00000002   PAD
    0x0801c594   0x0801c594   0x00000024   Code   RO          292    .text               c_w.l(_printf_char_file.o)
    0x0801c5b8   0x0801c5b8   0x00000008   Code   RO          352    .text               c_w.l(rt_locale_intlibspace.o)
    0x0801c5c0   0x0801c5c0   0x00000008   Code   RO          355    .text               c_w.l(rt_errno_addr_intlibspace.o)
    0x0801c5c8   0x0801c5c8   0x0000008a   Code   RO          356    .text               c_w.l(lludiv10.o)
    0x0801c652   0x0801c652   0x00000002   PAD
    0x0801c654   0x0801c654   0x00000080   Code   RO          357    .text               c_w.l(_printf_fp_infnan.o)
    0x0801c6d4   0x0801c6d4   0x000000e4   Code   RO          359    .text               c_w.l(bigflt0.o)
    0x0801c7b8   0x0801c7b8   0x00000008   Code   RO          372    .text               c_w.l(ferror.o)
    0x0801c7c0   0x0801c7c0   0x00000008   Code   RO          379    .text               c_w.l(libspace.o)
    0x0801c7c8   0x0801c7c8   0x0000004a   Code   RO          381    .text               c_w.l(sys_stackheap_outer.o)
    0x0801c812   0x0801c812   0x00000012   Code   RO          382    .text               c_w.l(exit.o)
    0x0801c824   0x0801c824   0x00000080   Code   RO          385    .text               c_w.l(strcmpv7m.o)
    0x0801c8a4   0x0801c8a4   0x0000003e   Code   RO          361    CL$$btod_d2e        c_w.l(btod.o)
    0x0801c8e2   0x0801c8e2   0x00000046   Code   RO          363    CL$$btod_d2e_denorm_low  c_w.l(btod.o)
    0x0801c928   0x0801c928   0x00000060   Code   RO          362    CL$$btod_d2e_norm_op1  c_w.l(btod.o)
    0x0801c988   0x0801c988   0x00000338   Code   RO          371    CL$$btod_div_common  c_w.l(btod.o)
    0x0801ccc0   0x0801ccc0   0x000000dc   Code   RO          368    CL$$btod_e2e        c_w.l(btod.o)
    0x0801cd9c   0x0801cd9c   0x0000002a   Code   RO          365    CL$$btod_ediv       c_w.l(btod.o)
    0x0801cdc6   0x0801cdc6   0x0000002a   Code   RO          364    CL$$btod_emul       c_w.l(btod.o)
    0x0801cdf0   0x0801cdf0   0x00000244   Code   RO          370    CL$$btod_mult_common  c_w.l(btod.o)
    0x0801d034   0x0801d034   0x00000030   Code   RO          314    i.__ARM_fpclassify  m_wm.l(fpclassify.o)
    0x0801d064   0x0801d064   0x00000004   PAD
    0x0801d068   0x0801d068   0x00000358   Code   RO          248    i.__hardfp_acos     m_wm.l(acos.o)
    0x0801d3c0   0x0801d3c0   0x000000c8   Code   RO          256    i.__hardfp_cos      m_wm.l(cos.o)
    0x0801d488   0x0801d488   0x00000c50   Code   RO          262    i.__hardfp_pow      m_wm.l(pow.o)
    0x0801e0d8   0x0801e0d8   0x000000c8   Code   RO          270    i.__hardfp_sin      m_wm.l(sin.o)
    0x0801e1a0   0x0801e1a0   0x00000080   Code   RO          276    i.__hardfp_tan      m_wm.l(tan.o)
    0x0801e220   0x0801e220   0x00000438   Code   RO          317    i.__ieee754_rem_pio2  m_wm.l(rred.o)
    0x0801e658   0x0801e658   0x00000170   Code   RO          302    i.__kernel_cos      m_wm.l(cos_i.o)
    0x0801e7c8   0x0801e7c8   0x000000f8   Code   RO          315    i.__kernel_poly     m_wm.l(poly.o)
    0x0801e8c0   0x0801e8c0   0x00000130   Code   RO          320    i.__kernel_sin      m_wm.l(sin_i.o)
    0x0801e9f0   0x0801e9f0   0x00000350   Code   RO          330    i.__kernel_tan      m_wm.l(tan_i.o)
    0x0801ed40   0x0801ed40   0x00000030   Code   RO          304    i.__mathlib_dbl_divzero  m_wm.l(dunder.o)
    0x0801ed70   0x0801ed70   0x00000014   Code   RO          305    i.__mathlib_dbl_infnan  m_wm.l(dunder.o)
    0x0801ed84   0x0801ed84   0x00000014   Code   RO          306    i.__mathlib_dbl_infnan2  m_wm.l(dunder.o)
    0x0801ed98   0x0801ed98   0x00000020   Code   RO          307    i.__mathlib_dbl_invalid  m_wm.l(dunder.o)
    0x0801edb8   0x0801edb8   0x00000020   Code   RO          308    i.__mathlib_dbl_overflow  m_wm.l(dunder.o)
    0x0801edd8   0x0801edd8   0x00000020   Code   RO          310    i.__mathlib_dbl_underflow  m_wm.l(dunder.o)
    0x0801edf8   0x0801edf8   0x0000000e   Code   RO          211    i._is_digit         c_w.l(__printf_wp.o)
    0x0801ee06   0x0801ee06   0x00000018   Code   RO          313    i.fabs              m_wm.l(fabs.o)
    0x0801ee1e   0x0801ee1e   0x0000006e   Code   RO          326    i.sqrt              m_wm.l(sqrt.o)
    0x0801ee8c   0x0801ee8c   0x0000002c   Code   RO          375    locale$$code        c_w.l(lc_numeric_c.o)
    0x0801eeb8   0x0801eeb8   0x00000018   Code   RO          294    x$fpl$basic         fz_wm.l(basic.o)
    0x0801eed0   0x0801eed0   0x00000062   Code   RO          229    x$fpl$d2f           fz_wm.l(d2f.o)
    0x0801ef32   0x0801ef32   0x00000002   PAD
    0x0801ef34   0x0801ef34   0x00000150   Code   RO          230    x$fpl$dadd          fz_wm.l(daddsub_clz.o)
    0x0801f084   0x0801f084   0x00000010   Code   RO          376    x$fpl$dcheck1       fz_wm.l(dcheck1.o)
    0x0801f094   0x0801f094   0x00000018   Code   RO          295    x$fpl$dcmpinf       fz_wm.l(dcmpi.o)
    0x0801f0ac   0x0801f0ac   0x000002b0   Code   RO          234    x$fpl$ddiv          fz_wm.l(ddiv.o)
    0x0801f35c   0x0801f35c   0x00000078   Code   RO          235    x$fpl$deqf          fz_wm.l(deqf.o)
    0x0801f3d4   0x0801f3d4   0x0000005e   Code   RO          236    x$fpl$dfix          fz_wm.l(dfix.o)
    0x0801f432   0x0801f432   0x00000002   PAD
    0x0801f434   0x0801f434   0x0000005a   Code   RO          238    x$fpl$dfixu         fz_wm.l(dfixu.o)
    0x0801f48e   0x0801f48e   0x0000002e   Code   RO          241    x$fpl$dflt          fz_wm.l(dflt_clz.o)
    0x0801f4bc   0x0801f4bc   0x00000026   Code   RO          240    x$fpl$dfltu         fz_wm.l(dflt_clz.o)
    0x0801f4e2   0x0801f4e2   0x00000002   PAD
    0x0801f4e4   0x0801f4e4   0x00000078   Code   RO          243    x$fpl$dleqf         fz_wm.l(dleqf.o)
    0x0801f55c   0x0801f55c   0x00000154   Code   RO          244    x$fpl$dmul          fz_wm.l(dmul.o)
    0x0801f6b0   0x0801f6b0   0x0000009c   Code   RO          296    x$fpl$dnaninf       fz_wm.l(dnaninf.o)
    0x0801f74c   0x0801f74c   0x0000000c   Code   RO          297    x$fpl$dretinf       fz_wm.l(dretinf.o)
    0x0801f758   0x0801f758   0x0000006c   Code   RO          245    x$fpl$drleqf        fz_wm.l(drleqf.o)
    0x0801f7c4   0x0801f7c4   0x00000016   Code   RO          231    x$fpl$drsb          fz_wm.l(daddsub_clz.o)
    0x0801f7da   0x0801f7da   0x00000002   PAD
    0x0801f7dc   0x0801f7dc   0x00000198   Code   RO          377    x$fpl$dsqrt         fz_wm.l(dsqrt_umaal.o)
    0x0801f974   0x0801f974   0x000001d4   Code   RO          232    x$fpl$dsub          fz_wm.l(daddsub_clz.o)
    0x0801fb48   0x0801fb48   0x00000056   Code   RO          246    x$fpl$f2d           fz_wm.l(f2d.o)
    0x0801fb9e   0x0801fb9e   0x0000008c   Code   RO          298    x$fpl$fnaninf       fz_wm.l(fnaninf.o)
    0x0801fc2a   0x0801fc2a   0x0000000a   Code   RO          442    x$fpl$fpinit        fz_wm.l(fpinit.o)
    0x0801fc34   0x0801fc34   0x0000000a   Code   RO          299    x$fpl$fretinf       fz_wm.l(fretinf.o)
    0x0801fc3e   0x0801fc3e   0x00000004   Code   RO          247    x$fpl$printf1       fz_wm.l(printf1.o)
    0x0801fc42   0x0801fc42   0x00000064   Code   RO          435    x$fpl$retnan        fz_wm.l(retnan.o)
    0x0801fca6   0x0801fca6   0x0000005c   Code   RO          300    x$fpl$scalbn        fz_wm.l(scalbn.o)
    0x0801fd02   0x0801fd02   0x00000030   Code   RO          443    x$fpl$trapveneer    fz_wm.l(trapv.o)
    0x0801fd32   0x0801fd32   0x00000000   Code   RO          301    x$fpl$usenofp       fz_wm.l(usenofp.o)
    0x0801fd32   0x0801fd32   0x00000028   Data   RO          193    .constdata          c_w.l(_printf_hex_int.o)
    0x0801fd5a   0x0801fd5a   0x00000011   Data   RO          213    .constdata          c_w.l(__printf_flags_wp.o)
    0x0801fd6b   0x0801fd6b   0x00000005   PAD
    0x0801fd70   0x0801fd70   0x00000050   Data   RO          251    .constdata          m_wm.l(acos.o)
    0x0801fdc0   0x0801fdc0   0x00000088   Data   RO          265    .constdata          m_wm.l(pow.o)
    0x0801fe48   0x0801fe48   0x00000030   Data   RO          303    .constdata          m_wm.l(cos_i.o)
    0x0801fe78   0x0801fe78   0x00000008   Data   RO          316    .constdata          m_wm.l(qnan.o)
    0x0801fe80   0x0801fe80   0x000000c8   Data   RO          319    .constdata          m_wm.l(rred.o)
    0x0801ff48   0x0801ff48   0x00000028   Data   RO          321    .constdata          m_wm.l(sin_i.o)
    0x0801ff70   0x0801ff70   0x00000060   Data   RO          331    .constdata          m_wm.l(tan_i.o)
    0x0801ffd0   0x0801ffd0   0x00000094   Data   RO          360    .constdata          c_w.l(bigflt0.o)
    0x08020064   0x08020064   0x00000020   Data   RO          490    Region$$Table       anon$$obj.o
    0x08020084   0x08020084   0x0000001c   Data   RO          374    locale$$data        c_w.l(lc_numeric_c.o)


    Execution Region RW_IRAM1 (Exec base: 0x20000000, Load base: 0x080200a0, Size: 0x00007598, Max: 0x00020000, ABSOLUTE, COMPRESSED[0x000000c4])

    Exec Addr    Load Addr    Size         Type   Attr      Idx    E Section Name        Object

    0x20000000   COMPRESSED   0x00000011   Data   RW            6    .data               main.o
    0x20000011   COMPRESSED   0x00000003   PAD
    0x20000014   COMPRESSED   0x00000014   Data   RW           11    .data               system_stm32f4xx.o
    0x20000028   COMPRESSED   0x00000001   Data   RW           25    .data               rs485.o
    0x20000029   COMPRESSED   0x00000003   PAD
    0x2000002c   COMPRESSED   0x00000044   Data   RW           30    .data               lcd.o
    0x20000070   COMPRESSED   0x00000004   Data   RW           39    .data               timer.o
    0x20000074   COMPRESSED   0x00000011   Data   RW           49    .data               ec20.o
    0x20000085   COMPRESSED   0x00000001   PAD
    0x20000086   COMPRESSED   0x00000005   Data   RW           63    .data               hc08.o
    0x2000008b   COMPRESSED   0x00000038   Data   RW           68    .data               flash.o
    0x200000c3   COMPRESSED   0x00000009   Data   RW           71    .data               liuqueue.o
    0x200000cc   COMPRESSED   0x00000010   Data   RW           77    .data               sdio_sdcard.o
    0x200000dc   COMPRESSED   0x00000050   Data   RW           90    .data               handlewater.o
    0x2000012c   COMPRESSED   0x00000006   Data   RW           96    .data               sdhandle.o
    0x20000132   COMPRESSED   0x00000004   Data   RW          101    .data               delay.o
    0x20000136   COMPRESSED   0x00000002   PAD
    0x20000138   COMPRESSED   0x00000008   Data   RW          111    .data               usart.o
    0x20000140   COMPRESSED   0x00000010   Data   RW          133    .data               stm32f4xx_rcc.o
    0x20000150        -       0x00000af0   Zero   RW            5    .bss                main.o
    0x20000c40        -       0x00000080   Zero   RW           24    .bss                rs485.o
    0x20000cc0        -       0x000009d4   Zero   RW           48    .bss                ec20.o
    0x20001694        -       0x00001000   Zero   RW           62    .bss                hc08.o
    0x20002694        -       0x00000180   Zero   RW           70    .bss                liuqueue.o
    0x20002814   COMPRESSED   0x00000004   PAD
    0x20002818        -       0x000002c0   Zero   RW           76    .bss                sdio_sdcard.o
    0x20002ad8        -       0x0000005c   Zero   RW           95    .bss                sdhandle.o
    0x20002b34        -       0x00000800   Zero   RW          110    .bss                usart.o
    0x20003334        -       0x00000060   Zero   RW          380    .bss                c_w.l(libspace.o)
    0x20003394   COMPRESSED   0x00000004   PAD
    0x20003398        -       0x00000200   Zero   RW          113    HEAP                startup_stm32f40_41xxx.o
    0x20003598        -       0x00004000   Zero   RW          112    STACK               startup_stm32f40_41xxx.o


==============================================================================

Image component sizes


      Code (inc. data)   RO Data    RW Data    ZI Data      Debug   Object Name

       508         12          0          0          0          0   adc.o
       260          8          0          4          0          0   delay.o
      9260        910          0         17       2516          0   ec20.o
      2604         80          0         56          0          0   flash.o
      5176        316          0         80          0          0   handlewater.o
     12008        712          0          5       4096          0   hc08.o
        44          0          0          0          0          0   iwdg.o
       216          6          0          0          0          0   key.o
      2064         30          0         68          0          0   lcd.o
      4852        964          0          0          0          0   lcdhandle.o
       468         50          0          9        384          0   liuqueue.o
      1800        132          0         17       2800          0   main.o
       224         20          0          0          0          0   misc.o
       120          0          0          0          0          0   modbus.o
      8492        180          0          0          0          0   protocol.o
       548         36          0          1        128          0   rs485.o
      5788        108          0          6         92          0   sdhandle.o
      7472        274          0         16        704          0   sdio_sdcard.o
        64         26        392          0      16896          0   startup_stm32f40_41xxx.o
      1124         24          0          0          0          0   stm32f4xx_adc.o
       936         32          0          0          0          0   stm32f4xx_dma.o
      1684         28          0          0          0          0   stm32f4xx_flash.o
       660         44          0          0          0          0   stm32f4xx_gpio.o
        26          0          0          0          0          0   stm32f4xx_it.o
        64          6          0          0          0          0   stm32f4xx_iwdg.o
       364         12          0          0          0          0   stm32f4xx_pwr.o
      1628         52          0         16          0          0   stm32f4xx_rcc.o
      3432         44          0          0          0          0   stm32f4xx_rtc.o
       476         16          0          0          0          0   stm32f4xx_sdio.o
      3234         60          0          0          0          0   stm32f4xx_tim.o
      1108         34          0          0          0          0   stm32f4xx_usart.o
        16          0          0          0          0          0   sys.o
       528         46          0         20          0          0   system_stm32f4xx.o
      2400         94          0          4          0          0   timer.o
       328         22          0          8       2048          0   usart.o

    ----------------------------------------------------------------------
     79980       4378        424        336      29668          0   Object Totals
         0          0         32          0          0          0   (incl. Generated)
         4          0          0          9          4          0   (incl. Padding)

    ----------------------------------------------------------------------

      Code (inc. data)   RO Data    RW Data    ZI Data      Debug   Library Member Name

        90          0          0          0          0          0   __dczerorl2.o
         8          0          0          0          0          0   __main.o
       312          4         17          0          0          0   __printf_flags_wp.o
        14          0          0          0          0          0   __printf_wp.o
         0          0          0          0          0          0   __rtentry.o
        12          0          0          0          0          0   __rtentry2.o
         6          0          0          0          0          0   __rtentry4.o
        52          8          0          0          0          0   __scatter.o
        28          0          0          0          0          0   __scatter_zi.o
        44          0          0          0          0          0   _printf_char.o
        48          6          0          0          0          0   _printf_char_common.o
        36          4          0          0          0          0   _printf_char_file.o
         6          0          0          0          0          0   _printf_d.o
       120         16          0          0          0          0   _printf_dec.o
         6          0          0          0          0          0   _printf_f.o
      1054          0          0          0          0          0   _printf_fp_dec.o
       128         16          0          0          0          0   _printf_fp_infnan.o
        88          4         40          0          0          0   _printf_hex_int.o
       178          0          0          0          0          0   _printf_intcommon.o
        78          0          0          0          0          0   _printf_pad.o
         0          0          0          0          0          0   _printf_percent.o
         4          0          0          0          0          0   _printf_percent_end.o
         6          0          0          0          0          0   _printf_s.o
        82          0          0          0          0          0   _printf_str.o
         6          0          0          0          0          0   _printf_u.o
         6          0          0          0          0          0   _printf_x.o
        22          0          0          0          0          0   _rserrno.o
        10          0          0          0          0          0   _sputc.o
       228          4        148          0          0          0   bigflt0.o
      1936        128          0          0          0          0   btod.o
        18          0          0          0          0          0   exit.o
         8          0          0          0          0          0   ferror.o
         6          0          0          0          0          0   heapauxi.o
        44         10         28          0          0          0   lc_numeric_c.o
         2          0          0          0          0          0   libinit.o
        22          0          0          0          0          0   libinit2.o
         2          0          0          0          0          0   libshutdown.o
         2          0          0          0          0          0   libshutdown2.o
         8          4          0          0         96          0   libspace.o
       138          0          0          0          0          0   lludiv10.o
       238          0          0          0          0          0   lludivv7m.o
        24          4          0          0          0          0   noretval__2printf.o
        40          6          0          0          0          0   noretval__2sprintf.o
         8          4          0          0          0          0   rt_errno_addr_intlibspace.o
         8          4          0          0          0          0   rt_locale_intlibspace.o
        78          0          0          0          0          0   rt_memclr_w.o
       138          0          0          0          0          0   rt_memcpy_v6.o
       100          0          0          0          0          0   rt_memcpy_w.o
         2          0          0          0          0          0   rtexit.o
        10          0          0          0          0          0   rtexit2.o
       128          0          0          0          0          0   strcmpv7m.o
        36          0          0          0          0          0   strstr.o
        74          0          0          0          0          0   sys_stackheap_outer.o
         2          0          0          0          0          0   use_no_semi.o
         2          0          0          0          0          0   use_no_semi_2.o
        24          0          0          0          0          0   basic.o
        98          4          0          0          0          0   d2f.o
       826         16          0          0          0          0   daddsub_clz.o
        16          4          0          0          0          0   dcheck1.o
        24          0          0          0          0          0   dcmpi.o
       688        140          0          0          0          0   ddiv.o
       120          4          0          0          0          0   deqf.o
        94          4          0          0          0          0   dfix.o
        90          4          0          0          0          0   dfixu.o
        84          0          0          0          0          0   dflt_clz.o
       120          4          0          0          0          0   dleqf.o
       340         12          0          0          0          0   dmul.o
       156          4          0          0          0          0   dnaninf.o
        12          0          0          0          0          0   dretinf.o
       108          0          0          0          0          0   drleqf.o
       408         56          0          0          0          0   dsqrt_umaal.o
        86          4          0          0          0          0   f2d.o
       140          4          0          0          0          0   fnaninf.o
        10          0          0          0          0          0   fpinit.o
        10          0          0          0          0          0   fretinf.o
         4          0          0          0          0          0   printf1.o
       100          0          0          0          0          0   retnan.o
        92          0          0          0          0          0   scalbn.o
        48          0          0          0          0          0   trapv.o
         0          0          0          0          0          0   usenofp.o
       856        118         80          0          0          0   acos.o
       200         20          0          0          0          0   cos.o
       368         46         48          0          0          0   cos_i.o
       184         44          0          0          0          0   dunder.o
        24          0          0          0          0          0   fabs.o
        48          0          0          0          0          0   fpclassify.o
       248          0          0          0          0          0   poly.o
      3152        296        136          0          0          0   pow.o
         0          0          8          0          0          0   qnan.o
      1080        142        200          0          0          0   rred.o
       200         20          0          0          0          0   sin.o
       304         24         40          0          0          0   sin_i.o
       110          0          0          0          0          0   sqrt.o
       128         20          0          0          0          0   tan.o
       848         84         96          0          0          0   tan_i.o

    ----------------------------------------------------------------------
     17214       1296        846          0        100          0   Library Totals
        20          0          5          0          4          0   (incl. Padding)

    ----------------------------------------------------------------------

      Code (inc. data)   RO Data    RW Data    ZI Data      Debug   Library Name

      5746        222        233          0         96          0   c_w.l
      3698        260          0          0          0          0   fz_wm.l
      7750        814        608          0          0          0   m_wm.l

    ----------------------------------------------------------------------
     17214       1296        846          0        100          0   Library Totals

    ----------------------------------------------------------------------

==============================================================================


      Code (inc. data)   RO Data    RW Data    ZI Data      Debug   

     97194       5674       1270        336      29768          0   Grand Totals
     97194       5674       1270        196      29768          0   ELF Image Totals (compressed)
     97194       5674       1270        196          0          0   ROM Totals

==============================================================================

    Total RO  Size (Code + RO Data)                98464 (  96.16kB)
    Total RW  Size (RW Data + ZI Data)             30104 (  29.40kB)
    Total ROM Size (Code + RO Data + RW Data)      98660 (  96.35kB)

==============================================================================

