Component: ARM Compiler 5.06 update 5 (build 528) Tool: armlink [4d35e2]

==============================================================================

Section Cross References

    main.o(.text) refers to sdio_sdcard.o(.text) for SD_WriteDisk
    main.o(.text) refers to delay.o(.text) for delay_ms
    main.o(.text) refers to sdhandle.o(.text) for SDWriteConfig
    main.o(.text) refers to adc.o(.text) for Get_Adc_Average
    main.o(.text) refers to f2d.o(x$fpl$f2d) for __aeabi_f2d
    main.o(.text) refers to dmul.o(x$fpl$dmul) for __aeabi_dmul
    main.o(.text) refers to ddiv.o(x$fpl$ddiv) for __aeabi_ddiv
    main.o(.text) refers to d2f.o(x$fpl$d2f) for __aeabi_d2f
    main.o(.text) refers to dfixu.o(x$fpl$dfixu) for __aeabi_d2uiz
    main.o(.text) refers to protocol.o(.text) for appendUint32ToData
    main.o(.text) refers to rs485.o(.text) for RS485_Send_Data
    main.o(.text) refers to ec20.o(.text) for EC20_check
    main.o(.text) refers to iwdg.o(.text) for IWDG_Feed
    main.o(.text) refers to hc08.o(.text) for read_uart3
    main.o(.text) refers to lcdhandle.o(.text) for update_lcd
    main.o(.text) refers to handlewater.o(.text) for handle_water_data
    main.o(.text) refers to stm32f4xx_rcc.o(.text) for RCC_AHB1PeriphClockCmd
    main.o(.text) refers to stm32f4xx_gpio.o(.text) for GPIO_Init
    main.o(.text) refers to misc.o(.text) for NVIC_PriorityGroupConfig
    main.o(.text) refers to usart.o(.text) for uart2_init
    main.o(.text) refers to timer.o(.text) for TIM2_Int_Init
    main.o(.text) refers to lcd.o(.text) for init_lcd_gpio
    main.o(.text) refers to main.o(.bss) for device_manager
    main.o(.text) refers to main.o(.data) for SDCardInitSuccessFlag
    main.o(.text) refers to rs485.o(.data) for RS485_RX_CNT
    main.o(.text) refers to rs485.o(.bss) for RS485_RX_BUF
    main.o(.text) refers to stm32f4xx_tim.o(.text) for TIM_Cmd
    main.o(.text) refers to key.o(.text) for KEY_Init
    main.o(.text) refers to liuqueue.o(.text) for pop_event
    system_stm32f4xx.o(.text) refers to system_stm32f4xx.o(.data) for SystemCoreClock
    rs485.o(.text) refers to stm32f4xx_rcc.o(.text) for RCC_AHB1PeriphClockCmd
    rs485.o(.text) refers to stm32f4xx_gpio.o(.text) for GPIO_PinAFConfig
    rs485.o(.text) refers to stm32f4xx_usart.o(.text) for USART_Init
    rs485.o(.text) refers to misc.o(.text) for NVIC_Init
    rs485.o(.text) refers to delay.o(.text) for delay_ms
    rs485.o(.text) refers to stm32f4xx_tim.o(.text) for TIM_Cmd
    rs485.o(.text) refers to main.o(.data) for RS485Mode
    rs485.o(.text) refers to rs485.o(.data) for RS485_RX_CNT
    rs485.o(.text) refers to rs485.o(.bss) for RS485_RX_BUF
    rs485.o(.text) refers to timer.o(.data) for Timeout
    lcd.o(.text) refers to stm32f4xx_gpio.o(.text) for GPIO_WriteBit
    lcd.o(.text) refers to delay.o(.text) for delay_us
    lcd.o(.text) refers to stm32f4xx_rcc.o(.text) for RCC_AHB1PeriphClockCmd
    lcd.o(.text) refers to lcd.o(.data) for fontaddr
    key.o(.text) refers to stm32f4xx_rcc.o(.text) for RCC_AHB1PeriphClockCmd
    key.o(.text) refers to stm32f4xx_gpio.o(.text) for GPIO_Init
    key.o(.text) refers to delay.o(.text) for delay_ms
    timer.o(.text) refers to stm32f4xx_rcc.o(.text) for RCC_APB1PeriphClockCmd
    timer.o(.text) refers to stm32f4xx_pwr.o(.text) for PWR_BackupAccessCmd
    timer.o(.text) refers to stm32f4xx_rtc.o(.text) for RTC_ReadBackupRegister
    timer.o(.text) refers to stm32f4xx_tim.o(.text) for TIM_TimeBaseInit
    timer.o(.text) refers to misc.o(.text) for NVIC_Init
    timer.o(.text) refers to lludivv7m.o(.text) for __aeabi_uldivmod
    timer.o(.text) refers to liuqueue.o(.text) for push_ec20_event
    timer.o(.text) refers to protocol.o(.text) for create_hydrology_packet
    timer.o(.text) refers to sdhandle.o(.text) for SDPushHistoryData
    timer.o(.text) refers to timer.o(.data) for TIM4_timeout
    timer.o(.text) refers to main.o(.bss) for sys_time
    timer.o(.text) refers to ec20.o(.bss) for EC20_Send_Data
    timer.o(.text) refers to main.o(.data) for SDCardInitSuccessFlag
    timer.o(.text) refers to daddsub_clz.o(x$fpl$dadd) for __aeabi_dadd
    modbus.o(.text) refers to rt_memclr_w.o(.text) for __aeabi_memclr4
    modbus.o(.text) refers to protocol.o(.text) for modBusCRC16
    modbus.o(.text) refers to rs485.o(.text) for RS485_Send_Data
    modbus.o(.text) refers to f2d.o(x$fpl$f2d) for __aeabi_f2d
    modbus.o(.text) refers to ddiv.o(x$fpl$ddiv) for __aeabi_ddiv
    modbus.o(.text) refers to d2f.o(x$fpl$d2f) for __aeabi_d2f
    modbus.o(.text) refers to delay.o(.text) for delay_ms
    modbus.o(.text) refers to dflt_clz.o(x$fpl$dfltu) for __aeabi_ui2d
    modbus.o(.text) refers to dmul.o(x$fpl$dmul) for __aeabi_dmul
    modbus.o(.text) refers to daddsub_clz.o(x$fpl$dadd) for __aeabi_dadd
    modbus.o(.text) refers to modbus.o(.constdata) for auchCRCHi
    modbus.o(.text) refers to modbus.o(.data) for readtemp
    modbus.o(.text) refers to timer.o(.data) for recflag
[...]
    I2C3_ER_IRQHandler                       0x08014a0f   Thumb Code     0  startup_stm32f40_41xxx.o(.text)
    I2C3_EV_IRQHandler                       0x08014a0f   Thumb Code     0  startup_stm32f40_41xxx.o(.text)
    OTG_FS_IRQHandler                        0x08014a0f   Thumb Code     0  startup_stm32f40_41xxx.o(.text)
    OTG_FS_WKUP_IRQHandler                   0x08014a0f   Thumb Code     0  startup_stm32f40_41xxx.o(.text)
    OTG_HS_EP1_IN_IRQHandler                 0x08014a0f   Thumb Code     0  startup_stm32f40_41xxx.o(.text)
    OTG_HS_EP1_OUT_IRQHandler                0x08014a0f   Thumb Code     0  startup_stm32f40_41xxx.o(.text)
    OTG_HS_IRQHandler                        0x08014a0f   Thumb Code     0  startup_stm32f40_41xxx.o(.text)
    OTG_HS_WKUP_IRQHandler                   0x08014a0f   Thumb Code     0  startup_stm32f40_41xxx.o(.text)
    PVD_IRQHandler                           0x08014a0f   Thumb Code     0  startup_stm32f40_41xxx.o(.text)
    RCC_IRQHandler                           0x08014a0f   Thumb Code     0  startup_stm32f40_41xxx.o(.text)
    RTC_Alarm_IRQHandler                     0x08014a0f   Thumb Code     0  startup_stm32f40_41xxx.o(.text)
    RTC_WKUP_IRQHandler                      0x08014a0f   Thumb Code     0  startup_stm32f40_41xxx.o(.text)
    SPI1_IRQHandler                          0x08014a0f   Thumb Code     0  startup_stm32f40_41xxx.o(.text)
    SPI2_IRQHandler                          0x08014a0f   Thumb Code     0  startup_stm32f40_41xxx.o(.text)
    SPI3_IRQHandler                          0x08014a0f   Thumb Code     0  startup_stm32f40_41xxx.o(.text)
    TAMP_STAMP_IRQHandler                    0x08014a0f   Thumb Code     0  startup_stm32f40_41xxx.o(.text)
    TIM1_BRK_TIM9_IRQHandler                 0x08014a0f   Thumb Code     0  startup_stm32f40_41xxx.o(.text)
    TIM1_CC_IRQHandler                       0x08014a0f   Thumb Code     0  startup_stm32f40_41xxx.o(.text)
    TIM1_TRG_COM_TIM11_IRQHandler            0x08014a0f   Thumb Code     0  startup_stm32f40_41xxx.o(.text)
    TIM1_UP_TIM10_IRQHandler                 0x08014a0f   Thumb Code     0  startup_stm32f40_41xxx.o(.text)
    TIM5_IRQHandler                          0x08014a0f   Thumb Code     0  startup_stm32f40_41xxx.o(.text)
    TIM6_DAC_IRQHandler                      0x08014a0f   Thumb Code     0  startup_stm32f40_41xxx.o(.text)
    TIM8_BRK_TIM12_IRQHandler                0x08014a0f   Thumb Code     0  startup_stm32f40_41xxx.o(.text)
    TIM8_CC_IRQHandler                       0x08014a0f   Thumb Code     0  startup_stm32f40_41xxx.o(.text)
    TIM8_TRG_COM_TIM14_IRQHandler            0x08014a0f   Thumb Code     0  startup_stm32f40_41xxx.o(.text)
    TIM8_UP_TIM13_IRQHandler                 0x08014a0f   Thumb Code     0  startup_stm32f40_41xxx.o(.text)
    UART4_IRQHandler                         0x08014a0f   Thumb Code     0  startup_stm32f40_41xxx.o(.text)
    UART5_IRQHandler                         0x08014a0f   Thumb Code     0  startup_stm32f40_41xxx.o(.text)
    USART6_IRQHandler                        0x08014a0f   Thumb Code     0  startup_stm32f40_41xxx.o(.text)
    WWDG_IRQHandler                          0x08014a0f   Thumb Code     0  startup_stm32f40_41xxx.o(.text)
    __user_initial_stackheap                 0x08014a11   Thumb Code     0  startup_stm32f40_41xxx.o(.text)
    NVIC_PriorityGroupConfig                 0x08014a35   Thumb Code    10  misc.o(.text)
    NVIC_Init                                0x08014a3f   Thumb Code   106  misc.o(.text)
    NVIC_SetVectorTable                      0x08014aa9   Thumb Code    14  misc.o(.text)
    NVIC_SystemLPConfig                      0x08014ab7   Thumb Code    34  misc.o(.text)
    SysTick_CLKSourceConfig                  0x08014ad9   Thumb Code    40  misc.o(.text)
    GPIO_DeInit                              0x08014b15   Thumb Code   268  stm32f4xx_gpio.o(.text)
    GPIO_Init                                0x08014c21   Thumb Code   144  stm32f4xx_gpio.o(.text)
    GPIO_StructInit                          0x08014cb1   Thumb Code    18  stm32f4xx_gpio.o(.text)
    GPIO_PinLockConfig                       0x08014cc3   Thumb Code    34  stm32f4xx_gpio.o(.text)
    GPIO_ReadInputDataBit                    0x08014ce5   Thumb Code    18  stm32f4xx_gpio.o(.text)
    GPIO_ReadInputData                       0x08014cf7   Thumb Code     8  stm32f4xx_gpio.o(.text)
    GPIO_ReadOutputDataBit                   0x08014cff   Thumb Code    18  stm32f4xx_gpio.o(.text)
    GPIO_ReadOutputData                      0x08014d11   Thumb Code     8  stm32f4xx_gpio.o(.text)
    GPIO_SetBits                             0x08014d19   Thumb Code     4  stm32f4xx_gpio.o(.text)
    GPIO_ResetBits                           0x08014d1d   Thumb Code     4  stm32f4xx_gpio.o(.text)
    GPIO_WriteBit                            0x08014d21   Thumb Code    10  stm32f4xx_gpio.o(.text)
    GPIO_Write                               0x08014d2b   Thumb Code     4  stm32f4xx_gpio.o(.text)
    GPIO_ToggleBits                          0x08014d2f   Thumb Code     8  stm32f4xx_gpio.o(.text)
    GPIO_PinAFConfig                         0x08014d37   Thumb Code    70  stm32f4xx_gpio.o(.text)
    RCC_DeInit                               0x08014da9   Thumb Code    82  stm32f4xx_rcc.o(.text)
    RCC_HSEConfig                            0x08014dfb   Thumb Code    14  stm32f4xx_rcc.o(.text)
    RCC_GetFlagStatus                        0x08014e09   Thumb Code    60  stm32f4xx_rcc.o(.text)
    RCC_WaitForHSEStartUp                    0x08014e45   Thumb Code    56  stm32f4xx_rcc.o(.text)
    RCC_AdjustHSICalibrationValue            0x08014e7d   Thumb Code    20  stm32f4xx_rcc.o(.text)
    RCC_HSICmd                               0x08014e91   Thumb Code     6  stm32f4xx_rcc.o(.text)
    RCC_LSEConfig                            0x08014e97   Thumb Code    46  stm32f4xx_rcc.o(.text)
    RCC_LSICmd                               0x08014ec5   Thumb Code     6  stm32f4xx_rcc.o(.text)
    RCC_PLLConfig                            0x08014ecb   Thumb Code    32  stm32f4xx_rcc.o(.text)
    RCC_PLLCmd                               0x08014eeb   Thumb Code     6  stm32f4xx_rcc.o(.text)
    RCC_PLLI2SConfig                         0x08014ef1   Thumb Code    14  stm32f4xx_rcc.o(.text)
    RCC_PLLI2SCmd                            0x08014eff   Thumb Code     6  stm32f4xx_rcc.o(.text)
    RCC_PLLSAIConfig                         0x08014f05   Thumb Code    20  stm32f4xx_rcc.o(.text)
    RCC_PLLSAICmd                            0x08014f19   Thumb Code     6  stm32f4xx_rcc.o(.text)
    RCC_ClockSecuritySystemCmd               0x08014f1f   Thumb Code     6  stm32f4xx_rcc.o(.text)
    RCC_MCO1Config                           0x08014f25   Thumb Code    28  stm32f4xx_rcc.o(.text)
    RCC_MCO2Config                           0x08014f41   Thumb Code    28  stm32f4xx_rcc.o(.text)
    RCC_SYSCLKConfig                         0x08014f5d   Thumb Code    20  stm32f4xx_rcc.o(.text)
    RCC_GetSYSCLKSource                      0x08014f71   Thumb Code    12  stm32f4xx_rcc.o(.text)
    RCC_HCLKConfig                           0x08014f7d   Thumb Code    20  stm32f4xx_rcc.o(.text)
    RCC_PCLK1Config                          0x08014f91   Thumb Code    20  stm32f4xx_rcc.o(.text)
    RCC_PCLK2Config                          0x08014fa5   Thumb Code    22  stm32f4xx_rcc.o(.text)
    RCC_GetClocksFreq                        0x08014fbb   Thumb Code   222  stm32f4xx_rcc.o(.text)
    RCC_RTCCLKConfig                         0x08015099   Thumb Code    54  stm32f4xx_rcc.o(.text)
    RCC_RTCCLKCmd                            0x080150cf   Thumb Code     8  stm32f4xx_rcc.o(.text)
    RCC_BackupResetCmd                       0x080150d7   Thumb Code     8  stm32f4xx_rcc.o(.text)
    RCC_I2SCLKConfig                         0x080150df   Thumb Code     6  stm32f4xx_rcc.o(.text)
    RCC_SAIPLLI2SClkDivConfig                0x080150e5   Thumb Code    26  stm32f4xx_rcc.o(.text)
    RCC_SAIPLLSAIClkDivConfig                0x080150ff   Thumb Code    28  stm32f4xx_rcc.o(.text)
    RCC_SAIBlockACLKConfig                   0x0801511b   Thumb Code    20  stm32f4xx_rcc.o(.text)
    RCC_SAIBlockBCLKConfig                   0x0801512f   Thumb Code    20  stm32f4xx_rcc.o(.text)
    RCC_LTDCCLKDivConfig                     0x08015143   Thumb Code    20  stm32f4xx_rcc.o(.text)
    RCC_TIMCLKPresConfig                     0x08015157   Thumb Code     6  stm32f4xx_rcc.o(.text)
    RCC_AHB1PeriphClockCmd                   0x0801515d   Thumb Code    34  stm32f4xx_rcc.o(.text)
    RCC_AHB2PeriphClockCmd                   0x0801517f   Thumb Code    78  stm32f4xx_rcc.o(.text)
    RCC_AHB3PeriphClockCmd                   0x080151cd   Thumb Code    34  stm32f4xx_rcc.o(.text)
    RCC_APB1PeriphClockCmd                   0x080151ef   Thumb Code    34  stm32f4xx_rcc.o(.text)
    RCC_APB2PeriphClockCmd                   0x08015211   Thumb Code    34  stm32f4xx_rcc.o(.text)
    RCC_AHB1PeriphResetCmd                   0x08015233   Thumb Code    34  stm32f4xx_rcc.o(.text)
    RCC_AHB2PeriphResetCmd                   0x08015255   Thumb Code    34  stm32f4xx_rcc.o(.text)
    RCC_AHB3PeriphResetCmd                   0x08015277   Thumb Code    34  stm32f4xx_rcc.o(.text)
    RCC_APB1PeriphResetCmd                   0x08015299   Thumb Code    34  stm32f4xx_rcc.o(.text)
    RCC_APB2PeriphResetCmd                   0x080152bb   Thumb Code    34  stm32f4xx_rcc.o(.text)
    RCC_AHB1PeriphClockLPModeCmd             0x080152dd   Thumb Code    34  stm32f4xx_rcc.o(.text)
    RCC_AHB2PeriphClockLPModeCmd             0x080152ff   Thumb Code    34  stm32f4xx_rcc.o(.text)
    RCC_AHB3PeriphClockLPModeCmd             0x08015321   Thumb Code    34  stm32f4xx_rcc.o(.text)
    RCC_APB1PeriphClockLPModeCmd             0x08015343   Thumb Code    34  stm32f4xx_rcc.o(.text)
    RCC_APB2PeriphClockLPModeCmd             0x08015365   Thumb Code    34  stm32f4xx_rcc.o(.text)
    RCC_LSEModeConfig                        0x08015387   Thumb Code    40  stm32f4xx_rcc.o(.text)
    RCC_ITConfig                             0x080153af   Thumb Code    34  stm32f4xx_rcc.o(.text)
    RCC_ClearFlag                            0x080153d1   Thumb Code    18  stm32f4xx_rcc.o(.text)
    RCC_GetITStatus                          0x080153e3   Thumb Code    22  stm32f4xx_rcc.o(.text)
    RCC_ClearITPendingBit                    0x080153f9   Thumb Code     8  stm32f4xx_rcc.o(.text)
    USART_DeInit                             0x08015405   Thumb Code   206  stm32f4xx_usart.o(.text)
    USART_Init                               0x080154d3   Thumb Code   204  stm32f4xx_usart.o(.text)
    USART_StructInit                         0x0801559f   Thumb Code    24  stm32f4xx_usart.o(.text)
    USART_ClockInit                          0x080155b7   Thumb Code    32  stm32f4xx_usart.o(.text)
    USART_ClockStructInit                    0x080155d7   Thumb Code    12  stm32f4xx_usart.o(.text)
    USART_Cmd                                0x080155e3   Thumb Code    24  stm32f4xx_usart.o(.text)
    USART_SetPrescaler                       0x080155fb   Thumb Code    16  stm32f4xx_usart.o(.text)
    USART_OverSampling8Cmd                   0x0801560b   Thumb Code    22  stm32f4xx_usart.o(.text)
    USART_OneBitMethodCmd                    0x08015621   Thumb Code    24  stm32f4xx_usart.o(.text)
    USART_SendData                           0x08015639   Thumb Code     8  stm32f4xx_usart.o(.text)
    USART_ReceiveData                        0x08015641   Thumb Code    10  stm32f4xx_usart.o(.text)
    USART_SetAddress                         0x0801564b   Thumb Code    18  stm32f4xx_usart.o(.text)
    USART_ReceiverWakeUpCmd                  0x0801565d   Thumb Code    24  stm32f4xx_usart.o(.text)
    USART_WakeUpConfig                       0x08015675   Thumb Code    18  stm32f4xx_usart.o(.text)
    USART_LINBreakDetectLengthConfig         0x08015687   Thumb Code    18  stm32f4xx_usart.o(.text)
    USART_LINCmd                             0x08015699   Thumb Code    24  stm32f4xx_usart.o(.text)
    USART_SendBreak                          0x080156b1   Thumb Code    10  stm32f4xx_usart.o(.text)
    USART_HalfDuplexCmd                      0x080156bb   Thumb Code    24  stm32f4xx_usart.o(.text)
    USART_SetGuardTime                       0x080156d3   Thumb Code    16  stm32f4xx_usart.o(.text)
    USART_SmartCardCmd                       0x080156e3   Thumb Code    24  stm32f4xx_usart.o(.text)
    USART_SmartCardNACKCmd                   0x080156fb   Thumb Code    24  stm32f4xx_usart.o(.text)
    USART_IrDAConfig                         0x08015713   Thumb Code    18  stm32f4xx_usart.o(.text)
    USART_IrDACmd                            0x08015725   Thumb Code    24  stm32f4xx_usart.o(.text)
    USART_DMACmd                             0x0801573d   Thumb Code    18  stm32f4xx_usart.o(.text)
    USART_ITConfig                           0x0801574f   Thumb Code    74  stm32f4xx_usart.o(.text)
    USART_GetFlagStatus                      0x08015799   Thumb Code    26  stm32f4xx_usart.o(.text)
    USART_ClearFlag                          0x080157b3   Thumb Code    18  stm32f4xx_usart.o(.text)
    USART_GetITStatus                        0x080157c5   Thumb Code   118  stm32f4xx_usart.o(.text)
    USART_ClearITPendingBit                  0x0801583b   Thumb Code    30  stm32f4xx_usart.o(.text)
    TIM_DeInit                               0x08015859   Thumb Code   346  stm32f4xx_tim.o(.text)
    TIM_TimeBaseInit                         0x080159b3   Thumb Code   104  stm32f4xx_tim.o(.text)
    TIM_TimeBaseStructInit                   0x08015a1b   Thumb Code    18  stm32f4xx_tim.o(.text)
    TIM_PrescalerConfig                      0x08015a2d   Thumb Code     6  stm32f4xx_tim.o(.text)
    TIM_CounterModeConfig                    0x08015a33   Thumb Code    18  stm32f4xx_tim.o(.text)
    TIM_SetCounter                           0x08015a45   Thumb Code     4  stm32f4xx_tim.o(.text)
    TIM_SetAutoreload                        0x08015a49   Thumb Code     4  stm32f4xx_tim.o(.text)
    TIM_GetCounter                           0x08015a4d   Thumb Code     6  stm32f4xx_tim.o(.text)
    TIM_GetPrescaler                         0x08015a53   Thumb Code     6  stm32f4xx_tim.o(.text)
    TIM_UpdateDisableConfig                  0x08015a59   Thumb Code    24  stm32f4xx_tim.o(.text)
    TIM_UpdateRequestConfig                  0x08015a71   Thumb Code    24  stm32f4xx_tim.o(.text)
    TIM_ARRPreloadConfig                     0x08015a89   Thumb Code    24  stm32f4xx_tim.o(.text)
    TIM_SelectOnePulseMode                   0x08015aa1   Thumb Code    18  stm32f4xx_tim.o(.text)
    TIM_SetClockDivision                     0x08015ab3   Thumb Code    18  stm32f4xx_tim.o(.text)
    TIM_Cmd                                  0x08015ac5   Thumb Code    24  stm32f4xx_tim.o(.text)
    TIM_OC1Init                              0x08015add   Thumb Code   114  stm32f4xx_tim.o(.text)
    TIM_OC2Init                              0x08015b4f   Thumb Code   154  stm32f4xx_tim.o(.text)
    TIM_OC3Init                              0x08015be9   Thumb Code   204  stm32f4xx_tim.o(.text)
    TIM_OC4Init                              0x08015cb5   Thumb Code   112  stm32f4xx_tim.o(.text)
    TIM_OCStructInit                         0x08015d25   Thumb Code    20  stm32f4xx_tim.o(.text)
    TIM_SelectOCxM                           0x08015d39   Thumb Code    86  stm32f4xx_tim.o(.text)
    TIM_SetCompare1                          0x08015d8f   Thumb Code     4  stm32f4xx_tim.o(.text)
    TIM_SetCompare2                          0x08015d93   Thumb Code     4  stm32f4xx_tim.o(.text)
    TIM_SetCompare3                          0x08015d97   Thumb Code     4  stm32f4xx_tim.o(.text)
    TIM_SetCompare4                          0x08015d9b   Thumb Code     4  stm32f4xx_tim.o(.text)
    TIM_ForcedOC1Config                      0x08015d9f   Thumb Code    18  stm32f4xx_tim.o(.text)
    TIM_ForcedOC2Config                      0x08015db1   Thumb Code    26  stm32f4xx_tim.o(.text)
    TIM_ForcedOC3Config                      0x08015dcb   Thumb Code    18  stm32f4xx_tim.o(.text)
    TIM_ForcedOC4Config                      0x08015ddd   Thumb Code    26  stm32f4xx_tim.o(.text)
    TIM_OC1PreloadConfig                     0x08015df7   Thumb Code    18  stm32f4xx_tim.o(.text)
    TIM_OC2PreloadConfig                     0x08015e09   Thumb Code    26  stm32f4xx_tim.o(.text)
    TIM_OC3PreloadConfig                     0x08015e23   Thumb Code    18  stm32f4xx_tim.o(.text)
    TIM_OC4PreloadConfig                     0x08015e35   Thumb Code    26  stm32f4xx_tim.o(.text)
    TIM_OC1FastConfig                        0x08015e4f   Thumb Code    18  stm32f4xx_tim.o(.text)
    TIM_OC2FastConfig                        0x08015e61   Thumb Code    26  stm32f4xx_tim.o(.text)
    TIM_OC3FastConfig                        0x08015e7b   Thumb Code    18  stm32f4xx_tim.o(.text)
    TIM_OC4FastConfig                        0x08015e8d   Thumb Code    26  stm32f4xx_tim.o(.text)
    TIM_ClearOC1Ref                          0x08015ea7   Thumb Code    18  stm32f4xx_tim.o(.text)
    TIM_ClearOC2Ref                          0x08015eb9   Thumb Code    24  stm32f4xx_tim.o(.text)
    TIM_ClearOC3Ref                          0x08015ed1   Thumb Code    18  stm32f4xx_tim.o(.text)
    TIM_ClearOC4Ref                          0x08015ee3   Thumb Code    24  stm32f4xx_tim.o(.text)
    TIM_OC1PolarityConfig                    0x08015efb   Thumb Code    18  stm32f4xx_tim.o(.text)
    TIM_OC1NPolarityConfig                   0x08015f0d   Thumb Code    18  stm32f4xx_tim.o(.text)
    TIM_OC2PolarityConfig                    0x08015f1f   Thumb Code    26  stm32f4xx_tim.o(.text)
    TIM_OC2NPolarityConfig                   0x08015f39   Thumb Code    26  stm32f4xx_tim.o(.text)
    TIM_OC3PolarityConfig                    0x08015f53   Thumb Code    26  stm32f4xx_tim.o(.text)
    TIM_OC3NPolarityConfig                   0x08015f6d   Thumb Code    26  stm32f4xx_tim.o(.text)
    TIM_OC4PolarityConfig                    0x08015f87   Thumb Code    26  stm32f4xx_tim.o(.text)
    TIM_CCxCmd                               0x08015fa1   Thumb Code    30  stm32f4xx_tim.o(.text)
    TIM_CCxNCmd                              0x08015fbf   Thumb Code    30  stm32f4xx_tim.o(.text)
    TIM_SetIC4Prescaler                      0x08015fdd   Thumb Code    26  stm32f4xx_tim.o(.text)
    TIM_SetIC3Prescaler                      0x08016047   Thumb Code    18  stm32f4xx_tim.o(.text)
    TIM_SetIC2Prescaler                      0x080160a1   Thumb Code    26  stm32f4xx_tim.o(.text)
    TIM_SetIC1Prescaler                      0x08016115   Thumb Code    18  stm32f4xx_tim.o(.text)
    TIM_ICInit                               0x08016161   Thumb Code   110  stm32f4xx_tim.o(.text)
    TIM_ICStructInit                         0x080161cf   Thumb Code    18  stm32f4xx_tim.o(.text)
    TIM_PWMIConfig                           0x080161e1   Thumb Code   124  stm32f4xx_tim.o(.text)
    TIM_GetCapture1                          0x0801625d   Thumb Code     6  stm32f4xx_tim.o(.text)
    TIM_GetCapture2                          0x08016263   Thumb Code     6  stm32f4xx_tim.o(.text)
    TIM_GetCapture3                          0x08016269   Thumb Code     6  stm32f4xx_tim.o(.text)
    TIM_GetCapture4                          0x0801626f   Thumb Code     6  stm32f4xx_tim.o(.text)
    TIM_BDTRConfig                           0x08016275   Thumb Code    32  stm32f4xx_tim.o(.text)
    TIM_BDTRStructInit                       0x08016295   Thumb Code    18  stm32f4xx_tim.o(.text)
    TIM_CtrlPWMOutputs                       0x080162a7   Thumb Code    30  stm32f4xx_tim.o(.text)
    TIM_SelectCOM                            0x080162c5   Thumb Code    24  stm32f4xx_tim.o(.text)
    TIM_CCPreloadControl                     0x080162dd   Thumb Code    24  stm32f4xx_tim.o(.text)
    TIM_ITConfig                             0x080162f5   Thumb Code    18  stm32f4xx_tim.o(.text)
    TIM_GenerateEvent                        0x08016307   Thumb Code     4  stm32f4xx_tim.o(.text)
    TIM_GetFlagStatus                        0x0801630b   Thumb Code    18  stm32f4xx_tim.o(.text)
    TIM_ClearFlag                            0x0801631d   Thumb Code     6  stm32f4xx_tim.o(.text)
    TIM_GetITStatus                          0x08016323   Thumb Code    34  stm32f4xx_tim.o(.text)
    TIM_ClearITPendingBit                    0x08016345   Thumb Code     6  stm32f4xx_tim.o(.text)
    TIM_DMAConfig                            0x0801634b   Thumb Code    10  stm32f4xx_tim.o(.text)
    TIM_DMACmd                               0x08016355   Thumb Code    18  stm32f4xx_tim.o(.text)
    TIM_SelectCCDMA                          0x08016367   Thumb Code    24  stm32f4xx_tim.o(.text)
    TIM_InternalClockConfig                  0x0801637f   Thumb Code    12  stm32f4xx_tim.o(.text)
    TIM_SelectInputTrigger                   0x0801638b   Thumb Code    18  stm32f4xx_tim.o(.text)
    TIM_ITRxExternalClockConfig              0x0801639d   Thumb Code    24  stm32f4xx_tim.o(.text)
    TIM_TIxExternalClockConfig               0x080163b5   Thumb Code    62  stm32f4xx_tim.o(.text)
    TIM_ETRConfig                            0x080163f3   Thumb Code    28  stm32f4xx_tim.o(.text)
    TIM_ETRClockMode1Config                  0x0801640f   Thumb Code    54  stm32f4xx_tim.o(.text)
    TIM_ETRClockMode2Config                  0x08016445   Thumb Code    32  stm32f4xx_tim.o(.text)
    TIM_SelectOutputTrigger                  0x08016465   Thumb Code    18  stm32f4xx_tim.o(.text)
    TIM_SelectSlaveMode                      0x08016477   Thumb Code    18  stm32f4xx_tim.o(.text)
    TIM_SelectMasterSlaveMode                0x08016489   Thumb Code    18  stm32f4xx_tim.o(.text)
    TIM_EncoderInterfaceConfig               0x0801649b   Thumb Code    66  stm32f4xx_tim.o(.text)
    TIM_SelectHallSensor                     0x080164dd   Thumb Code    24  stm32f4xx_tim.o(.text)
    TIM_RemapConfig                          0x080164f5   Thumb Code     6  stm32f4xx_tim.o(.text)
    IWDG_WriteAccessCmd                      0x080164fd   Thumb Code     6  stm32f4xx_iwdg.o(.text)
    IWDG_SetPrescaler                        0x08016503   Thumb Code     6  stm32f4xx_iwdg.o(.text)
    IWDG_SetReload                           0x08016509   Thumb Code     6  stm32f4xx_iwdg.o(.text)
    IWDG_ReloadCounter                       0x0801650f   Thumb Code    10  stm32f4xx_iwdg.o(.text)
    IWDG_Enable                              0x08016519   Thumb Code    10  stm32f4xx_iwdg.o(.text)
    IWDG_GetFlagStatus                       0x08016523   Thumb Code    20  stm32f4xx_iwdg.o(.text)
    RTC_WaitForSynchro                       0x0801653d   Thumb Code    92  stm32f4xx_rtc.o(.text)
    RTC_EnterInitMode                        0x08016599   Thumb Code    84  stm32f4xx_rtc.o(.text)
    RTC_DeInit                               0x080165ed   Thumb Code   204  stm32f4xx_rtc.o(.text)
    RTC_ExitInitMode                         0x080166b9   Thumb Code    18  stm32f4xx_rtc.o(.text)
    RTC_Init                                 0x080166cb   Thumb Code    94  stm32f4xx_rtc.o(.text)
    RTC_StructInit                           0x08016729   Thumb Code    14  stm32f4xx_rtc.o(.text)
    RTC_WriteProtectionCmd                   0x08016737   Thumb Code    22  stm32f4xx_rtc.o(.text)
    RTC_RefClockCmd                          0x0801674d   Thumb Code    76  stm32f4xx_rtc.o(.text)
    RTC_BypassShadowCmd                      0x08016799   Thumb Code    54  stm32f4xx_rtc.o(.text)
    RTC_SetTime                              0x08016801   Thumb Code   200  stm32f4xx_rtc.o(.text)
    RTC_TimeStructInit                       0x080168c9   Thumb Code    12  stm32f4xx_rtc.o(.text)
    RTC_GetTime                              0x080168d5   Thumb Code    74  stm32f4xx_rtc.o(.text)
    RTC_GetSubSecond                         0x0801691f   Thumb Code    30  stm32f4xx_rtc.o(.text)
    RTC_SetDate                              0x0801693d   Thumb Code   190  stm32f4xx_rtc.o(.text)
    RTC_DateStructInit                       0x080169fb   Thumb Code    14  stm32f4xx_rtc.o(.text)
    RTC_GetDate                              0x08016a09   Thumb Code    70  stm32f4xx_rtc.o(.text)
    RTC_SetAlarm                             0x08016a4f   Thumb Code   230  stm32f4xx_rtc.o(.text)
    RTC_AlarmStructInit                      0x08016b35   Thumb Code    22  stm32f4xx_rtc.o(.text)
    RTC_GetAlarm                             0x08016b4b   Thumb Code   114  stm32f4xx_rtc.o(.text)
    RTC_AlarmCmd                             0x08016bbd   Thumb Code   112  stm32f4xx_rtc.o(.text)
    RTC_AlarmSubSecondConfig                 0x08016c2d   Thumb Code    46  stm32f4xx_rtc.o(.text)
    RTC_GetAlarmSubSecond                    0x08016c5b   Thumb Code    34  stm32f4xx_rtc.o(.text)
    RTC_WakeUpClockConfig                    0x08016c7d   Thumb Code    42  stm32f4xx_rtc.o(.text)
    RTC_SetWakeUpCounter                     0x08016ca7   Thumb Code    22  stm32f4xx_rtc.o(.text)
    RTC_GetWakeUpCounter                     0x08016cbd   Thumb Code    10  stm32f4xx_rtc.o(.text)
    RTC_WakeUpCmd                            0x08016cc7   Thumb Code   116  stm32f4xx_rtc.o(.text)
    RTC_DayLightSavingConfig                 0x08016d3b   Thumb Code    50  stm32f4xx_rtc.o(.text)
    RTC_GetStoreOperation                    0x08016d6d   Thumb Code    12  stm32f4xx_rtc.o(.text)
    RTC_OutputConfig                         0x08016d79   Thumb Code    60  stm32f4xx_rtc.o(.text)
    RTC_CoarseCalibConfig                    0x08016db5   Thumb Code    52  stm32f4xx_rtc.o(.text)
    RTC_CoarseCalibCmd                       0x08016de9   Thumb Code    76  stm32f4xx_rtc.o(.text)
    RTC_CalibOutputCmd                       0x08016e35   Thumb Code    54  stm32f4xx_rtc.o(.text)
    RTC_CalibOutputConfig                    0x08016e6b   Thumb Code    42  stm32f4xx_rtc.o(.text)
    RTC_SmoothCalibConfig                    0x08016e95   Thumb Code    90  stm32f4xx_rtc.o(.text)
    RTC_TimeStampCmd                         0x08016eef   Thumb Code    54  stm32f4xx_rtc.o(.text)
    RTC_GetTimeStamp                         0x08016f25   Thumb Code   144  stm32f4xx_rtc.o(.text)
    RTC_GetTimeStampSubSecond                0x08016fb5   Thumb Code     8  stm32f4xx_rtc.o(.text)
    RTC_TamperTriggerConfig                  0x08016fbd   Thumb Code    38  stm32f4xx_rtc.o(.text)
    RTC_TamperCmd                            0x08016fe3   Thumb Code    34  stm32f4xx_rtc.o(.text)
    RTC_TamperFilterConfig                   0x08017005   Thumb Code    26  stm32f4xx_rtc.o(.text)
    RTC_TamperSamplingFreqConfig             0x0801701f   Thumb Code    26  stm32f4xx_rtc.o(.text)
    RTC_TamperPinsPrechargeDuration          0x08017039   Thumb Code    26  stm32f4xx_rtc.o(.text)
    RTC_TimeStampOnTamperDetectionCmd        0x08017053   Thumb Code    38  stm32f4xx_rtc.o(.text)
    RTC_TamperPullUpCmd                      0x08017079   Thumb Code    38  stm32f4xx_rtc.o(.text)
    RTC_WriteBackupRegister                  0x0801709f   Thumb Code    26  stm32f4xx_rtc.o(.text)
    RTC_ReadBackupRegister                   0x080170b9   Thumb Code    28  stm32f4xx_rtc.o(.text)
    RTC_TamperPinSelection                   0x080170d5   Thumb Code    26  stm32f4xx_rtc.o(.text)
    RTC_TimeStampPinSelection                0x080170ef   Thumb Code    26  stm32f4xx_rtc.o(.text)
    RTC_OutputTypeConfig                     0x08017109   Thumb Code    26  stm32f4xx_rtc.o(.text)
    RTC_SynchroShiftConfig                   0x08017123   Thumb Code   130  stm32f4xx_rtc.o(.text)
    RTC_ITConfig                             0x080171a5   Thumb Code    94  stm32f4xx_rtc.o(.text)
    RTC_GetFlagStatus                        0x08017203   Thumb Code    34  stm32f4xx_rtc.o(.text)
    RTC_ClearFlag                            0x08017225   Thumb Code    28  stm32f4xx_rtc.o(.text)
    RTC_GetITStatus                          0x08017241   Thumb Code    60  stm32f4xx_rtc.o(.text)
    RTC_ClearITPendingBit                    0x0801727d   Thumb Code    32  stm32f4xx_rtc.o(.text)
    PWR_DeInit                               0x080172a5   Thumb Code    22  stm32f4xx_pwr.o(.text)
    PWR_BackupAccessCmd                      0x080172bb   Thumb Code     6  stm32f4xx_pwr.o(.text)
    PWR_PVDLevelConfig                       0x080172c1   Thumb Code    18  stm32f4xx_pwr.o(.text)
    PWR_PVDCmd                               0x080172d3   Thumb Code     6  stm32f4xx_pwr.o(.text)
    PWR_WakeUpPinCmd                         0x080172d9   Thumb Code     8  stm32f4xx_pwr.o(.text)
    PWR_BackupRegulatorCmd                   0x080172e1   Thumb Code     8  stm32f4xx_pwr.o(.text)
    PWR_MainRegulatorModeConfig              0x080172e9   Thumb Code    18  stm32f4xx_pwr.o(.text)
    PWR_OverDriveCmd                         0x080172fb   Thumb Code     6  stm32f4xx_pwr.o(.text)
    PWR_OverDriveSWCmd                       0x08017301   Thumb Code     6  stm32f4xx_pwr.o(.text)
    PWR_UnderDriveCmd                        0x08017307   Thumb Code    30  stm32f4xx_pwr.o(.text)
    PWR_MainRegulatorLowVoltageCmd           0x08017325   Thumb Code    18  stm32f4xx_pwr.o(.text)
    PWR_LowRegulatorLowVoltageCmd            0x08017337   Thumb Code    18  stm32f4xx_pwr.o(.text)
    PWR_FlashPowerDownCmd                    0x08017349   Thumb Code     6  stm32f4xx_pwr.o(.text)
    PWR_EnterSTOPMode                        0x0801734f   Thumb Code    58  stm32f4xx_pwr.o(.text)
    PWR_EnterUnderDriveSTOPMode              0x08017389   Thumb Code    58  stm32f4xx_pwr.o(.text)
    PWR_EnterSTANDBYMode                     0x080173c3   Thumb Code    32  stm32f4xx_pwr.o(.text)
    PWR_GetFlagStatus                        0x080173e3   Thumb Code    20  stm32f4xx_pwr.o(.text)
    PWR_ClearFlag                            0x080173f7   Thumb Code    14  stm32f4xx_pwr.o(.text)
    DMA_DeInit                               0x08017411   Thumb Code   324  stm32f4xx_dma.o(.text)
    DMA_Init                                 0x08017555   Thumb Code    82  stm32f4xx_dma.o(.text)
    DMA_StructInit                           0x080175a7   Thumb Code    34  stm32f4xx_dma.o(.text)
    DMA_Cmd                                  0x080175c9   Thumb Code    22  stm32f4xx_dma.o(.text)
    DMA_PeriphIncOffsetSizeConfig            0x080175df   Thumb Code    22  stm32f4xx_dma.o(.text)
    DMA_FlowControllerConfig                 0x080175f5   Thumb Code    22  stm32f4xx_dma.o(.text)
    DMA_SetCurrDataCounter                   0x0801760b   Thumb Code     4  stm32f4xx_dma.o(.text)
    DMA_GetCurrDataCounter                   0x0801760f   Thumb Code     8  stm32f4xx_dma.o(.text)
    DMA_DoubleBufferModeConfig               0x08017617   Thumb Code    24  stm32f4xx_dma.o(.text)
    DMA_DoubleBufferModeCmd                  0x0801762f   Thumb Code    22  stm32f4xx_dma.o(.text)
    DMA_MemoryTargetConfig                   0x08017645   Thumb Code    10  stm32f4xx_dma.o(.text)
    DMA_GetCurrentMemoryTarget               0x0801764f   Thumb Code    20  stm32f4xx_dma.o(.text)
    DMA_GetCmdStatus                         0x08017663   Thumb Code    20  stm32f4xx_dma.o(.text)
    DMA_GetFIFOStatus                        0x08017677   Thumb Code    12  stm32f4xx_dma.o(.text)
    DMA_GetFlagStatus                        0x08017683   Thumb Code    56  stm32f4xx_dma.o(.text)
    DMA_ClearFlag                            0x080176bb   Thumb Code    40  stm32f4xx_dma.o(.text)
    DMA_ITConfig                             0x080176e3   Thumb Code    58  stm32f4xx_dma.o(.text)
    DMA_GetITStatus                          0x0801771d   Thumb Code    84  stm32f4xx_dma.o(.text)
    DMA_ClearITPendingBit                    0x08017771   Thumb Code    40  stm32f4xx_dma.o(.text)
    SDIO_DeInit                              0x080177b9   Thumb Code    22  stm32f4xx_sdio.o(.text)
    SDIO_Init                                0x080177cf   Thumb Code    42  stm32f4xx_sdio.o(.text)
    SDIO_StructInit                          0x080177f9   Thumb Code    16  stm32f4xx_sdio.o(.text)
    SDIO_ClockCmd                            0x08017809   Thumb Code     6  stm32f4xx_sdio.o(.text)
    SDIO_SetPowerState                       0x0801780f   Thumb Code     8  stm32f4xx_sdio.o(.text)
    SDIO_GetPowerState                       0x08017817   Thumb Code    12  stm32f4xx_sdio.o(.text)
    SDIO_SendCommand                         0x08017823   Thumb Code    42  stm32f4xx_sdio.o(.text)
    SDIO_CmdStructInit                       0x0801784d   Thumb Code    14  stm32f4xx_sdio.o(.text)
    SDIO_GetCommandResponse                  0x0801785b   Thumb Code    10  stm32f4xx_sdio.o(.text)
    SDIO_GetResponse                         0x08017865   Thumb Code    22  stm32f4xx_sdio.o(.text)
    SDIO_DataConfig                          0x0801787b   Thumb Code    48  stm32f4xx_sdio.o(.text)
    SDIO_DataStructInit                      0x080178ab   Thumb Code    20  stm32f4xx_sdio.o(.text)
    SDIO_GetDataCounter                      0x080178bf   Thumb Code     8  stm32f4xx_sdio.o(.text)
    SDIO_ReadData                            0x080178c7   Thumb Code     8  stm32f4xx_sdio.o(.text)
    SDIO_WriteData                           0x080178cf   Thumb Code     8  stm32f4xx_sdio.o(.text)
    SDIO_GetFIFOCount                        0x080178d7   Thumb Code     8  stm32f4xx_sdio.o(.text)
    SDIO_StartSDIOReadWait                   0x080178df   Thumb Code     6  stm32f4xx_sdio.o(.text)
    SDIO_StopSDIOReadWait                    0x080178e5   Thumb Code     8  stm32f4xx_sdio.o(.text)
    SDIO_SetSDIOReadWaitMode                 0x080178ed   Thumb Code     8  stm32f4xx_sdio.o(.text)
    SDIO_SetSDIOOperation                    0x080178f5   Thumb Code     8  stm32f4xx_sdio.o(.text)
    SDIO_SendSDIOSuspendCmd                  0x080178fd   Thumb Code     6  stm32f4xx_sdio.o(.text)
    SDIO_CommandCompletionCmd                0x08017903   Thumb Code     8  stm32f4xx_sdio.o(.text)
    SDIO_CEATAITCmd                          0x0801790b   Thumb Code    12  stm32f4xx_sdio.o(.text)
    SDIO_SendCEATACmd                        0x08017917   Thumb Code     8  stm32f4xx_sdio.o(.text)
    SDIO_DMACmd                              0x0801791f   Thumb Code     8  stm32f4xx_sdio.o(.text)
    SDIO_ITConfig                            0x08017927   Thumb Code    34  stm32f4xx_sdio.o(.text)
    SDIO_GetFlagStatus                       0x08017949   Thumb Code    22  stm32f4xx_sdio.o(.text)
    SDIO_ClearFlag                           0x0801795f   Thumb Code     8  stm32f4xx_sdio.o(.text)
    SDIO_GetITStatus                         0x08017967   Thumb Code    22  stm32f4xx_sdio.o(.text)
    SDIO_ClearITPendingBit                   0x0801797d   Thumb Code     8  stm32f4xx_sdio.o(.text)
    ADC_DeInit                               0x08017995   Thumb Code    22  stm32f4xx_adc.o(.text)
    ADC_Init                                 0x080179ab   Thumb Code    74  stm32f4xx_adc.o(.text)
    ADC_StructInit                           0x080179f5   Thumb Code    20  stm32f4xx_adc.o(.text)
    ADC_CommonInit                           0x08017a09   Thumb Code    34  stm32f4xx_adc.o(.text)
    ADC_CommonStructInit                     0x08017a2b   Thumb Code    12  stm32f4xx_adc.o(.text)
    ADC_Cmd                                  0x08017a37   Thumb Code    22  stm32f4xx_adc.o(.text)
    ADC_AnalogWatchdogCmd                    0x08017a4d   Thumb Code    16  stm32f4xx_adc.o(.text)
    ADC_AnalogWatchdogThresholdsConfig       0x08017a5d   Thumb Code     6  stm32f4xx_adc.o(.text)
    ADC_AnalogWatchdogSingleChannelConfig    0x08017a63   Thumb Code    16  stm32f4xx_adc.o(.text)
    ADC_TempSensorVrefintCmd                 0x08017a73   Thumb Code    34  stm32f4xx_adc.o(.text)
    ADC_VBATCmd                              0x08017a95   Thumb Code    34  stm32f4xx_adc.o(.text)
    ADC_RegularChannelConfig                 0x08017ab7   Thumb Code   184  stm32f4xx_adc.o(.text)
    ADC_SoftwareStartConv                    0x08017b6f   Thumb Code    10  stm32f4xx_adc.o(.text)
    ADC_GetSoftwareStartConvStatus           0x08017b79   Thumb Code    20  stm32f4xx_adc.o(.text)
    ADC_EOCOnEachRegularChannelCmd           0x08017b8d   Thumb Code    22  stm32f4xx_adc.o(.text)
    ADC_ContinuousModeCmd                    0x08017ba3   Thumb Code    22  stm32f4xx_adc.o(.text)
    ADC_DiscModeChannelCountConfig           0x08017bb9   Thumb Code    24  stm32f4xx_adc.o(.text)
    ADC_DiscModeCmd                          0x08017bd1   Thumb Code    22  stm32f4xx_adc.o(.text)
    ADC_GetConversionValue                   0x08017be7   Thumb Code     8  stm32f4xx_adc.o(.text)
    ADC_GetMultiModeConversionValue          0x08017bef   Thumb Code     8  stm32f4xx_adc.o(.text)
    ADC_DMACmd                               0x08017bf7   Thumb Code    22  stm32f4xx_adc.o(.text)
    ADC_DMARequestAfterLastTransferCmd       0x08017c0d   Thumb Code    22  stm32f4xx_adc.o(.text)
    ADC_MultiModeDMARequestAfterLastTransferCmd 0x08017c23   Thumb Code    34  stm32f4xx_adc.o(.text)
    ADC_InjectedChannelConfig                0x08017c45   Thumb Code   130  stm32f4xx_adc.o(.text)
    ADC_InjectedSequencerLengthConfig        0x08017cc7   Thumb Code    24  stm32f4xx_adc.o(.text)
    ADC_SetInjectedOffset                    0x08017cdf   Thumb Code    20  stm32f4xx_adc.o(.text)
    ADC_ExternalTrigInjectedConvConfig       0x08017cf3   Thumb Code    16  stm32f4xx_adc.o(.text)
    ADC_ExternalTrigInjectedConvEdgeConfig   0x08017d03   Thumb Code    16  stm32f4xx_adc.o(.text)
    ADC_SoftwareStartInjectedConv            0x08017d13   Thumb Code    10  stm32f4xx_adc.o(.text)
    ADC_GetSoftwareStartInjectedConvCmdStatus 0x08017d1d   Thumb Code    20  stm32f4xx_adc.o(.text)
    ADC_AutoInjectedConvCmd                  0x08017d31   Thumb Code    22  stm32f4xx_adc.o(.text)
    ADC_InjectedDiscModeCmd                  0x08017d47   Thumb Code    22  stm32f4xx_adc.o(.text)
    ADC_GetInjectedConversionValue           0x08017d5d   Thumb Code    28  stm32f4xx_adc.o(.text)
    ADC_ITConfig                             0x08017d79   Thumb Code    56  stm32f4xx_adc.o(.text)
    ADC_GetFlagStatus                        0x08017db1   Thumb Code    18  stm32f4xx_adc.o(.text)
    ADC_ClearFlag                            0x08017dc3   Thumb Code     6  stm32f4xx_adc.o(.text)
    ADC_GetITStatus                          0x08017dc9   Thumb Code    38  stm32f4xx_adc.o(.text)
    ADC_ClearITPendingBit                    0x08017def   Thumb Code    10  stm32f4xx_adc.o(.text)
    __use_no_semihosting                     0x08017df9   Thumb Code     2  use_no_semi_2.o(.text)
    __aeabi_uldivmod                         0x08017dfb   Thumb Code     0  lludivv7m.o(.text)
    _ll_udiv                                 0x08017dfb   Thumb Code   238  lludivv7m.o(.text)
    __2printf                                0x08017ee9   Thumb Code    20  noretval__2printf.o(.text)
    __2sprintf                               0x08017f01   Thumb Code    34  noretval__2sprintf.o(.text)
    _printf_pre_padding                      0x08017f29   Thumb Code    44  _printf_pad.o(.text)
    _printf_post_padding                     0x08017f55   Thumb Code    34  _printf_pad.o(.text)
    _printf_str                              0x08017f77   Thumb Code    82  _printf_str.o(.text)
    _printf_int_dec                          0x08017fc9   Thumb Code   104  _printf_dec.o(.text)
    _printf_int_hex                          0x08018041   Thumb Code    84  _printf_hex_int.o(.text)
    _printf_longlong_hex                     0x08018041   Thumb Code     0  _printf_hex_int.o(.text)
    __printf                                 0x08018099   Thumb Code   308  __printf_flags_wp.o(.text)
    strstr                                   0x080181d1   Thumb Code    36  strstr.o(.text)
    __aeabi_memcpy                           0x080181f5   Thumb Code     0  rt_memcpy_v6.o(.text)
    __rt_memcpy                              0x080181f5   Thumb Code   138  rt_memcpy_v6.o(.text)
    _memcpy_lastbytes                        0x0801825b   Thumb Code     0  rt_memcpy_v6.o(.text)
    __aeabi_memcpy4                          0x0801827f   Thumb Code     0  rt_memcpy_w.o(.text)
    __aeabi_memcpy8                          0x0801827f   Thumb Code     0  rt_memcpy_w.o(.text)
    __rt_memcpy_w                            0x0801827f   Thumb Code   100  rt_memcpy_w.o(.text)
    _memcpy_lastbytes_aligned                0x080182c7   Thumb Code     0  rt_memcpy_w.o(.text)
    __aeabi_memclr4                          0x080182e3   Thumb Code     0  rt_memclr_w.o(.text)
    __aeabi_memclr8                          0x080182e3   Thumb Code     0  rt_memclr_w.o(.text)
    __rt_memclr_w                            0x080182e3   Thumb Code    78  rt_memclr_w.o(.text)
    _memset_w                                0x080182e7   Thumb Code     0  rt_memclr_w.o(.text)
    __use_two_region_memory                  0x08018331   Thumb Code     2  heapauxi.o(.text)
    __rt_heap_escrow$2region                 0x08018333   Thumb Code     2  heapauxi.o(.text)
    __rt_heap_expand$2region                 0x08018335   Thumb Code     2  heapauxi.o(.text)
    __I$use$semihosting                      0x08018337   Thumb Code     0  use_no_semi.o(.text)
    __use_no_semihosting_swi                 0x08018337   Thumb Code     2  use_no_semi.o(.text)
    __read_errno                             0x08018339   Thumb Code    10  _rserrno.o(.text)
    __set_errno                              0x08018343   Thumb Code    12  _rserrno.o(.text)
    _printf_int_common                       0x0801834f   Thumb Code   178  _printf_intcommon.o(.text)
    __lib_sel_fp_printf                      0x08018401   Thumb Code     2  _printf_fp_dec.o(.text)
    _printf_fp_dec_real                      0x080185b3   Thumb Code   620  _printf_fp_dec.o(.text)
    _printf_char_common                      0x0801882b   Thumb Code    32  _printf_char_common.o(.text)
    _sputc                                   0x08018851   Thumb Code    10  _sputc.o(.text)
    _printf_cs_common                        0x0801885b   Thumb Code    20  _printf_char.o(.text)
    _printf_char                             0x0801886f   Thumb Code    16  _printf_char.o(.text)
    _printf_string                           0x0801887f   Thumb Code     8  _printf_char.o(.text)
    _printf_char_file                        0x08018889   Thumb Code    32  _printf_char_file.o(.text)
    __rt_locale                              0x080188ad   Thumb Code     8  rt_locale_intlibspace.o(.text)
    __aeabi_errno_addr                       0x080188b5   Thumb Code     8  rt_errno_addr_intlibspace.o(.text)
    __errno$intlibspace                      0x080188b5   Thumb Code     0  rt_errno_addr_intlibspace.o(.text)
    __rt_errno_addr$intlibspace              0x080188b5   Thumb Code     0  rt_errno_addr_intlibspace.o(.text)
    _ll_udiv10                               0x080188bd   Thumb Code   138  lludiv10.o(.text)
    _printf_fp_infnan                        0x08018949   Thumb Code   112  _printf_fp_infnan.o(.text)
    _btod_etento                             0x080189c9   Thumb Code   224  bigflt0.o(.text)
    ferror                                   0x08018aad   Thumb Code     8  ferror.o(.text)
    __user_libspace                          0x08018ab5   Thumb Code     8  libspace.o(.text)
    __user_perproc_libspace                  0x08018ab5   Thumb Code     0  libspace.o(.text)
    __user_perthread_libspace                0x08018ab5   Thumb Code     0  libspace.o(.text)
    __user_setup_stackheap                   0x08018abd   Thumb Code    74  sys_stackheap_outer.o(.text)
    exit                                     0x08018b07   Thumb Code    18  exit.o(.text)
    strcmp                                   0x08018b19   Thumb Code   128  strcmpv7m.o(.text)
    _btod_d2e                                0x08018b99   Thumb Code    62  btod.o(CL$$btod_d2e)
    _d2e_denorm_low                          0x08018bd7   Thumb Code    70  btod.o(CL$$btod_d2e_denorm_low)
    _d2e_norm_op1                            0x08018c1d   Thumb Code    96  btod.o(CL$$btod_d2e_norm_op1)
    __btod_div_common                        0x08018c7d   Thumb Code   696  btod.o(CL$$btod_div_common)
    _e2e                                     0x08018fb5   Thumb Code   220  btod.o(CL$$btod_e2e)
    _btod_ediv                               0x08019091   Thumb Code    42  btod.o(CL$$btod_ediv)
    _btod_emul                               0x080190bb   Thumb Code    42  btod.o(CL$$btod_emul)
    __btod_mult_common                       0x080190e5   Thumb Code   580  btod.o(CL$$btod_mult_common)
    __ARM_fpclassify                         0x08019329   Thumb Code    48  fpclassify.o(i.__ARM_fpclassify)
    __hardfp_acos                            0x08019359   Thumb Code   738  acos.o(i.__hardfp_acos)
    __hardfp_cos                             0x080196b1   Thumb Code   180  cos.o(i.__hardfp_cos)
    __hardfp_pow                             0x08019779   Thumb Code  3072  pow.o(i.__hardfp_pow)
    __hardfp_sin                             0x0801a3c9   Thumb Code   180  sin.o(i.__hardfp_sin)
    __hardfp_tan                             0x0801a491   Thumb Code   108  tan.o(i.__hardfp_tan)
    __ieee754_rem_pio2                       0x0801a511   Thumb Code   938  rred.o(i.__ieee754_rem_pio2)
    __kernel_cos                             0x0801a949   Thumb Code   322  cos_i.o(i.__kernel_cos)
    __kernel_poly                            0x0801aab9   Thumb Code   248  poly.o(i.__kernel_poly)
    __kernel_sin                             0x0801abb1   Thumb Code   280  sin_i.o(i.__kernel_sin)
    __kernel_tan                             0x0801ace1   Thumb Code   764  tan_i.o(i.__kernel_tan)
    __mathlib_dbl_divzero                    0x0801b031   Thumb Code    28  dunder.o(i.__mathlib_dbl_divzero)
    __mathlib_dbl_infnan                     0x0801b061   Thumb Code    20  dunder.o(i.__mathlib_dbl_infnan)
    __mathlib_dbl_infnan2                    0x0801b075   Thumb Code    20  dunder.o(i.__mathlib_dbl_infnan2)
    __mathlib_dbl_invalid                    0x0801b089   Thumb Code    24  dunder.o(i.__mathlib_dbl_invalid)
    __mathlib_dbl_overflow                   0x0801b0a9   Thumb Code    24  dunder.o(i.__mathlib_dbl_overflow)
    __mathlib_dbl_underflow                  0x0801b0c9   Thumb Code    24  dunder.o(i.__mathlib_dbl_underflow)
    _is_digit                                0x0801b0e9   Thumb Code    14  __printf_wp.o(i._is_digit)
    fabs                                     0x0801b0f7   Thumb Code    24  fabs.o(i.fabs)
    sqrt                                     0x0801b10f   Thumb Code   110  sqrt.o(i.sqrt)
    _get_lc_numeric                          0x0801b17d   Thumb Code    44  lc_numeric_c.o(locale$$code)
    __aeabi_dneg                             0x0801b1a9   Thumb Code     0  basic.o(x$fpl$basic)
    _dneg                                    0x0801b1a9   Thumb Code     6  basic.o(x$fpl$basic)
    __aeabi_fneg                             0x0801b1af   Thumb Code     0  basic.o(x$fpl$basic)
    _fneg                                    0x0801b1af   Thumb Code     6  basic.o(x$fpl$basic)
    _dabs                                    0x0801b1b5   Thumb Code     6  basic.o(x$fpl$basic)
    _fabs                                    0x0801b1bb   Thumb Code     6  basic.o(x$fpl$basic)
    __aeabi_d2f                              0x0801b1c1   Thumb Code     0  d2f.o(x$fpl$d2f)
    _d2f                                     0x0801b1c1   Thumb Code    98  d2f.o(x$fpl$d2f)
    __aeabi_dadd                             0x0801b225   Thumb Code     0  daddsub_clz.o(x$fpl$dadd)
    _dadd                                    0x0801b225   Thumb Code   332  daddsub_clz.o(x$fpl$dadd)
    __fpl_dcheck_NaN1                        0x0801b375   Thumb Code    10  dcheck1.o(x$fpl$dcheck1)
    __fpl_dcmp_Inf                           0x0801b385   Thumb Code    24  dcmpi.o(x$fpl$dcmpinf)
    __aeabi_ddiv                             0x0801b39d   Thumb Code     0  ddiv.o(x$fpl$ddiv)
    _ddiv                                    0x0801b39d   Thumb Code   552  ddiv.o(x$fpl$ddiv)
    __aeabi_cdcmpeq                          0x0801b64d   Thumb Code     0  deqf.o(x$fpl$deqf)
    _dcmpeq                                  0x0801b64d   Thumb Code   120  deqf.o(x$fpl$deqf)
    __aeabi_d2iz                             0x0801b6c5   Thumb Code     0  dfix.o(x$fpl$dfix)
    _dfix                                    0x0801b6c5   Thumb Code    94  dfix.o(x$fpl$dfix)
    __aeabi_d2uiz                            0x0801b725   Thumb Code     0  dfixu.o(x$fpl$dfixu)
    _dfixu                                   0x0801b725   Thumb Code    90  dfixu.o(x$fpl$dfixu)
    __aeabi_i2d                              0x0801b77f   Thumb Code     0  dflt_clz.o(x$fpl$dflt)
    _dflt                                    0x0801b77f   Thumb Code    46  dflt_clz.o(x$fpl$dflt)
    __aeabi_ui2d                             0x0801b7ad   Thumb Code     0  dflt_clz.o(x$fpl$dfltu)
    _dfltu                                   0x0801b7ad   Thumb Code    38  dflt_clz.o(x$fpl$dfltu)
    __aeabi_cdcmple                          0x0801b7d5   Thumb Code     0  dleqf.o(x$fpl$dleqf)
    _dcmple                                  0x0801b7d5   Thumb Code   120  dleqf.o(x$fpl$dleqf)
    __fpl_dcmple_InfNaN                      0x0801b837   Thumb Code     0  dleqf.o(x$fpl$dleqf)
    __aeabi_dmul                             0x0801b84d   Thumb Code     0  dmul.o(x$fpl$dmul)
    _dmul                                    0x0801b84d   Thumb Code   332  dmul.o(x$fpl$dmul)
    __fpl_dnaninf                            0x0801b9a1   Thumb Code   156  dnaninf.o(x$fpl$dnaninf)
    __fpl_dretinf                            0x0801ba3d   Thumb Code    12  dretinf.o(x$fpl$dretinf)
    __aeabi_cdrcmple                         0x0801ba49   Thumb Code     0  drleqf.o(x$fpl$drleqf)
    _drcmple                                 0x0801ba49   Thumb Code   108  drleqf.o(x$fpl$drleqf)
    __aeabi_drsub                            0x0801bab5   Thumb Code     0  daddsub_clz.o(x$fpl$drsb)
    _drsb                                    0x0801bab5   Thumb Code    22  daddsub_clz.o(x$fpl$drsb)
    _dsqrt                                   0x0801bacd   Thumb Code   404  dsqrt_umaal.o(x$fpl$dsqrt)
    __aeabi_dsub                             0x0801bc65   Thumb Code     0  daddsub_clz.o(x$fpl$dsub)
    _dsub                                    0x0801bc65   Thumb Code   464  daddsub_clz.o(x$fpl$dsub)
    __aeabi_f2d                              0x0801be39   Thumb Code     0  f2d.o(x$fpl$f2d)
    _f2d                                     0x0801be39   Thumb Code    86  f2d.o(x$fpl$f2d)
    __fpl_fnaninf                            0x0801be8f   Thumb Code   140  fnaninf.o(x$fpl$fnaninf)
    _fp_init                                 0x0801bf1b   Thumb Code    10  fpinit.o(x$fpl$fpinit)
    __fplib_config_fpu_vfp                   0x0801bf23   Thumb Code     0  fpinit.o(x$fpl$fpinit)
    __fplib_config_pureend_doubles           0x0801bf23   Thumb Code     0  fpinit.o(x$fpl$fpinit)
    __fpl_fretinf                            0x0801bf25   Thumb Code    10  fretinf.o(x$fpl$fretinf)
    _printf_fp_dec                           0x0801bf2f   Thumb Code     4  printf1.o(x$fpl$printf1)
    __fpl_return_NaN                         0x0801bf33   Thumb Code   100  retnan.o(x$fpl$retnan)
    __ARM_scalbn                             0x0801bf97   Thumb Code    92  scalbn.o(x$fpl$scalbn)
    __fpl_cmpreturn                          0x0801bff3   Thumb Code    48  trapv.o(x$fpl$trapveneer)
    __I$use$fp                               0x0801c022   Number         0  usenofp.o(x$fpl$usenofp)
    __mathlib_zero                           0x0801c368   Data           8  qnan.o(.constdata)
    Region$$Table$$Base                      0x0801c554   Number         0  anon$$obj.o(Region$$Table)
    Region$$Table$$Limit                     0x0801c574   Number         0  anon$$obj.o(Region$$Table)
    getFlowSpeedFlag                         0x2000001d   Data           1  main.o(.data)
    SDCardInitSuccessFlag                    0x2000001e   Data           1  main.o(.data)
    ChangeFlag                               0x2000001f   Data           1  main.o(.data)
    ProUpdateFlag                            0x20000020   Data           1  main.o(.data)
    RS485Mode                                0x20000021   Data           1  main.o(.data)
    SDFailedNums                             0x20000022   Data           1  main.o(.data)
    SystemCoreClock                          0x20000024   Data           4  system_stm32f4xx.o(.data)
    AHBPrescTable                            0x20000028   Data          16  system_stm32f4xx.o(.data)
    RS485_RX_CNT                             0x20000038   Data           1  rs485.o(.data)
    code_jiong1                              0x2000003c   Data          32  lcd.o(.data)
    code_lei1                                0x2000005c   Data          32  lcd.o(.data)
    fontaddr                                 0x2000007c   Data           4  lcd.o(.data)
    Timeout                                  0x20000080   Data           1  timer.o(.data)
    recflag                                  0x20000081   Data           1  timer.o(.data)
    TIM4_timeout                             0x20000082   Data           1  timer.o(.data)
    TIM2_timeout                             0x20000083   Data           1  timer.o(.data)
    count                                    0x200000a1   Data           1  modbus.o(.data)
    calCRC                                   0x200000a2   Data           2  modbus.o(.data)
    recCRC                                   0x200000a4   Data           2  modbus.o(.data)
    temp                                     0x200000a8   Data           4  modbus.o(.data)
    humi                                     0x200000ac   Data           4  modbus.o(.data)
    strx                                     0x200000c4   Data           4  ec20.o(.data)
    extstrx                                  0x200000c8   Data           4  ec20.o(.data)
    Readystrx                                0x200000cc   Data           4  ec20.o(.data)
    pro_update_packet_num                    0x200000d0   Data           1  ec20.o(.data)
    hc08_size                                0x200000d2   Data           2  hc08.o(.data)
    TIM7_timeout                             0x200000d4   Data           1  hc08.o(.data)
    hc08_mutex                               0x200000d5   Data           1  hc08.o(.data)
    hc08_data_mutex                          0x200000d6   Data           1  hc08.o(.data)
    TransferError                            0x200000ea   Data           1  sdio_sdcard.o(.data)
    TransferEnd                              0x200000eb   Data           1  sdio_sdcard.o(.data)
    tempbuff                                 0x200000ec   Data           4  sdio_sdcard.o(.data)
    Rxcouter                                 0x200000fc   Data           2  usart.o(.data)
    __stdout                                 0x20000100   Data           4  usart.o(.data)
    EC20_msg                                 0x20000118   Data          28  main.o(.bss)
    sys_time                                 0x20000138   Data          48  main.o(.bss)
    platform_manager                         0x20000168   Data         308  main.o(.bss)
    device_manager                           0x200002a0   Data        1480  main.o(.bss)
    LCD_msg                                  0x20000868   Data          24  main.o(.bss)
    hydrology_packet                         0x20000880   Data         152  main.o(.bss)
    battery_data                             0x20000918   Data          12  main.o(.bss)
    SD_BUFFER                                0x20000924   Data         512  main.o(.bss)
    RS485_RX_BUF                             0x20000b24   Data         128  rs485.o(.bss)
    EC20_Send_Data                           0x20000ba4   Data        1560  ec20.o(.bss)
    pro_update_check                         0x200011bc   Data          32  ec20.o(.bss)
    hc08_data                                0x200011dc   Data        4096  hc08.o(.bss)
    msgEvents                                0x200021dc   Data         128  liuqueue.o(.bss)
    EC20_events                              0x2000225c   Data         128  liuqueue.o(.bss)
    SDIO_InitStructure                       0x200022e0   Data          24  sdio_sdcard.o(.bss)
    SDIO_CmdInitStructure                    0x200022f8   Data          20  sdio_sdcard.o(.bss)
    SDIO_DataInitStructure                   0x2000230c   Data          24  sdio_sdcard.o(.bss)
    SDCardInfo                               0x20002348   Data          88  sdio_sdcard.o(.bss)
    SDIO_DATA_BUFFER                         0x200023a0   Data         512  sdio_sdcard.o(.bss)
    SD_Menu                                  0x200025a0   Data          92  sdhandle.o(.bss)
    RxBuffer                                 0x200025fc   Data        2048  usart.o(.bss)
    __libspace_start                         0x20002dfc   Data          96  libspace.o(.bss)
    __temporary_stack_top$libspace           0x20002e5c   Data           0  libspace.o(.bss)



==============================================================================

Memory Map of the image

  Image Entry point : 0x08008189

  Load Region LR_IROM1 (Base: 0x08008000, Size: 0x000146a4, Max: 0x00034000, ABSOLUTE)

    Execution Region ER_IROM1 (Exec base: 0x08008000, Load base: 0x08008000, Size: 0x00014590, Max: 0x00034000, ABSOLUTE)

    Exec Addr    Load Addr    Size         Type   Attr      Idx    E Section Name        Object

    0x08008000   0x08008000   0x00000188   Data   RO          846    RESET               startup_stm32f40_41xxx.o
    0x08008188   0x08008188   0x00000008   Code   RO         1298  * !!!main             c_w.l(__main.o)
    0x08008190   0x08008190   0x00000034   Code   RO         1712    !!!scatter          c_w.l(__scatter.o)
    0x080081c4   0x080081c4   0x0000001a   Code   RO         1714    !!handler_copy      c_w.l(__scatter_copy.o)
    0x080081de   0x080081de   0x00000002   PAD
    0x080081e0   0x080081e0   0x0000001c   Code   RO         1716    !!handler_zi        c_w.l(__scatter_zi.o)
    0x080081fc   0x080081fc   0x00000000   Code   RO         1287    .ARM.Collect$$_printf_percent$$00000000  c_w.l(_printf_percent.o)
    0x080081fc   0x080081fc   0x00000006   Code   RO         1286    .ARM.Collect$$_printf_percent$$00000003  c_w.l(_printf_f.o)
    0x08008202   0x08008202   0x00000006   Code   RO         1284    .ARM.Collect$$_printf_percent$$00000009  c_w.l(_printf_d.o)
    0x08008208   0x08008208   0x00000006   Code   RO         1285    .ARM.Collect$$_printf_percent$$0000000A  c_w.l(_printf_u.o)
    0x0800820e   0x0800820e   0x00000006   Code   RO         1283    .ARM.Collect$$_printf_percent$$0000000C  c_w.l(_printf_x.o)
    0x08008214   0x08008214   0x00000006   Code   RO         1282    .ARM.Collect$$_printf_percent$$00000014  c_w.l(_printf_s.o)
    0x0800821a   0x0800821a   0x00000004   Code   RO         1419    .ARM.Collect$$_printf_percent$$00000017  c_w.l(_printf_percent_end.o)
    0x0800821e   0x0800821e   0x00000002   Code   RO         1585    .ARM.Collect$$libinit$$00000000  c_w.l(libinit.o)
    0x08008220   0x08008220   0x00000004   Code   RO         1586    .ARM.Collect$$libinit$$00000001  c_w.l(libinit2.o)
    0x08008224   0x08008224   0x00000000   Code   RO         1589    .ARM.Collect$$libinit$$00000004  c_w.l(libinit2.o)
    0x08008224   0x08008224   0x00000000   Code   RO         1592    .ARM.Collect$$libinit$$0000000A  c_w.l(libinit2.o)
    0x08008224   0x08008224   0x00000000   Code   RO         1594    .ARM.Collect$$libinit$$0000000C  c_w.l(libinit2.o)
    0x08008224   0x08008224   0x00000000   Code   RO         1596    .ARM.Collect$$libinit$$0000000E  c_w.l(libinit2.o)
    0x08008224   0x08008224   0x00000006   Code   RO         1597    .ARM.Collect$$libinit$$0000000F  c_w.l(libinit2.o)
    0x0800822a   0x0800822a   0x00000000   Code   RO         1599    .ARM.Collect$$libinit$$00000011  c_w.l(libinit2.o)
    0x0800822a   0x0800822a   0x00000000   Code   RO         1601    .ARM.Collect$$libinit$$00000013  c_w.l(libinit2.o)
    0x0800822a   0x0800822a   0x00000000   Code   RO         1603    .ARM.Collect$$libinit$$00000015  c_w.l(libinit2.o)
    0x0800822a   0x0800822a   0x0000000a   Code   RO         1604    .ARM.Collect$$libinit$$00000016  c_w.l(libinit2.o)
    0x08008234   0x08008234   0x00000000   Code   RO         1605    .ARM.Collect$$libinit$$00000017  c_w.l(libinit2.o)
    0x08008234   0x08008234   0x00000000   Code   RO         1607    .ARM.Collect$$libinit$$00000019  c_w.l(libinit2.o)
    0x08008234   0x08008234   0x00000000   Code   RO         1609    .ARM.Collect$$libinit$$0000001B  c_w.l(libinit2.o)
    0x08008234   0x08008234   0x00000000   Code   RO         1611    .ARM.Collect$$libinit$$0000001D  c_w.l(libinit2.o)
    0x08008234   0x08008234   0x00000000   Code   RO         1613    .ARM.Collect$$libinit$$0000001F  c_w.l(libinit2.o)
    0x08008234   0x08008234   0x00000000   Code   RO         1615    .ARM.Collect$$libinit$$00000021  c_w.l(libinit2.o)
    0x08008234   0x08008234   0x00000000   Code   RO         1617    .ARM.Collect$$libinit$$00000023  c_w.l(libinit2.o)
    0x08008234   0x08008234   0x00000000   Code   RO         1619    .ARM.Collect$$libinit$$00000025  c_w.l(libinit2.o)
    0x08008234   0x08008234   0x00000000   Code   RO         1623    .ARM.Collect$$libinit$$0000002C  c_w.l(libinit2.o)
    0x08008234   0x08008234   0x00000000   Code   RO         1625    .ARM.Collect$$libinit$$0000002E  c_w.l(libinit2.o)
    0x08008234   0x08008234   0x00000000   Code   RO         1627    .ARM.Collect$$libinit$$00000030  c_w.l(libinit2.o)
    0x08008234   0x08008234   0x00000000   Code   RO         1629    .ARM.Collect$$libinit$$00000032  c_w.l(libinit2.o)
    0x08008234   0x08008234   0x00000002   Code   RO         1630    .ARM.Collect$$libinit$$00000033  c_w.l(libinit2.o)
    0x08008236   0x08008236   0x00000002   Code   RO         1676    .ARM.Collect$$libshutdown$$00000000  c_w.l(libshutdown.o)
    0x08008238   0x08008238   0x00000000   Code   RO         1695    .ARM.Collect$$libshutdown$$00000002  c_w.l(libshutdown2.o)
    0x08008238   0x08008238   0x00000000   Code   RO         1697    .ARM.Collect$$libshutdown$$00000004  c_w.l(libshutdown2.o)
    0x08008238   0x08008238   0x00000000   Code   RO         1700    .ARM.Collect$$libshutdown$$00000007  c_w.l(libshutdown2.o)
    0x08008238   0x08008238   0x00000000   Code   RO         1703    .ARM.Collect$$libshutdown$$0000000A  c_w.l(libshutdown2.o)
    0x08008238   0x08008238   0x00000000   Code   RO         1705    .ARM.Collect$$libshutdown$$0000000C  c_w.l(libshutdown2.o)
    0x08008238   0x08008238   0x00000000   Code   RO         1708    .ARM.Collect$$libshutdown$$0000000F  c_w.l(libshutdown2.o)
    0x08008238   0x08008238   0x00000002   Code   RO         1709    .ARM.Collect$$libshutdown$$00000010  c_w.l(libshutdown2.o)
    0x0800823a   0x0800823a   0x00000000   Code   RO         1400    .ARM.Collect$$rtentry$$00000000  c_w.l(__rtentry.o)
    0x0800823a   0x0800823a   0x00000000   Code   RO         1493    .ARM.Collect$$rtentry$$00000002  c_w.l(__rtentry2.o)
    0x0800823a   0x0800823a   0x00000006   Code   RO         1505    .ARM.Collect$$rtentry$$00000004  c_w.l(__rtentry4.o)
    0x08008240   0x08008240   0x00000000   Code   RO         1495    .ARM.Collect$$rtentry$$00000009  c_w.l(__rtentry2.o)
    0x08008240   0x08008240   0x00000004   Code   RO         1496    .ARM.Collect$$rtentry$$0000000A  c_w.l(__rtentry2.o)
    0x08008244   0x08008244   0x00000000   Code   RO         1498    .ARM.Collect$$rtentry$$0000000C  c_w.l(__rtentry2.o)
    0x08008244   0x08008244   0x00000008   Code   RO         1499    .ARM.Collect$$rtentry$$0000000D  c_w.l(__rtentry2.o)
    0x0800824c   0x0800824c   0x00000002   Code   RO         1633    .ARM.Collect$$rtexit$$00000000  c_w.l(rtexit.o)
    0x0800824e   0x0800824e   0x00000000   Code   RO         1648    .ARM.Collect$$rtexit$$00000002  c_w.l(rtexit2.o)
    0x0800824e   0x0800824e   0x00000004   Code   RO         1649    .ARM.Collect$$rtexit$$00000003  c_w.l(rtexit2.o)
    0x08008252   0x08008252   0x00000006   Code   RO         1650    .ARM.Collect$$rtexit$$00000004  c_w.l(rtexit2.o)
    0x08008258   0x08008258   0x00000010   Code   RO          792    .emb_text           sys.o
    0x08008268   0x08008268   0x000004e0   Code   RO            4    .text               main.o
    0x08008748   0x08008748   0x00000210   Code   RO          208    .text               system_stm32f4xx.o
    0x08008958   0x08008958   0x0000001a   Code   RO          260    .text               stm32f4xx_it.o
    0x08008972   0x08008972   0x00000002   PAD
    0x08008974   0x08008974   0x00000224   Code   RO          315    .text               rs485.o
    0x08008b98   0x08008b98   0x00000810   Code   RO          347    .text               lcd.o
    0x080093a8   0x080093a8   0x000000d8   Code   RO          374    .text               key.o
    0x08009480   0x08009480   0x00000814   Code   RO          398    .text               timer.o
    0x08009c94   0x08009c94   0x000005b8   Code   RO          429    .text               modbus.o
    0x0800a24c   0x0800a24c   0x000015c0   Code   RO          464    .text               ec20.o
    0x0800b80c   0x0800b80c   0x0000002c   Code   RO          499    .text               iwdg.o
    0x0800b838   0x0800b838   0x00001758   Code   RO          523    .text               protocol.o
    0x0800cf90   0x0800cf90   0x00002b14   Code   RO          551    .text               hc08.o
    0x0800faa4   0x0800faa4   0x00000134   Code   RO          604    .text               liuqueue.o
    0x0800fbd8   0x0800fbd8   0x00001d2c   Code   RO          623    .text               sdio_sdcard.o
    0x08011904   0x08011904   0x000011b8   Code   RO          658    .text               lcdhandle.o
    0x08012abc   0x08012abc   0x000001fc   Code   RO          683    .text               adc.o
    0x08012cb8   0x08012cb8   0x000005c8   Code   RO          707    .text               handlewater.o
    0x08013280   0x08013280   0x00001528   Code   RO          735    .text               sdhandle.o
    0x080147a8   0x080147a8   0x00000104   Code   RO          766    .text               delay.o
    0x080148ac   0x080148ac   0x00000148   Code   RO          814    .text               usart.o
    0x080149f4   0x080149f4   0x00000040   Code   RO          847    .text               startup_stm32f40_41xxx.o
    0x08014a34   0x08014a34   0x000000e0   Code   RO          854    .text               misc.o
    0x08014b14   0x08014b14   0x00000294   Code   RO          878    .text               stm32f4xx_gpio.o
    0x08014da8   0x08014da8   0x0000065c   Code   RO          929    .text               stm32f4xx_rcc.o
    0x08015404   0x08015404   0x00000454   Code   RO          979    .text               stm32f4xx_usart.o
    0x08015858   0x08015858   0x00000ca2   Code   RO         1003    .text               stm32f4xx_tim.o
    0x080164fa   0x080164fa   0x00000002   PAD
    0x080164fc   0x080164fc   0x00000040   Code   RO         1027    .text               stm32f4xx_iwdg.o
    0x0801653c   0x0801653c   0x00000d68   Code   RO         1102    .text               stm32f4xx_rtc.o
    0x080172a4   0x080172a4   0x0000016c   Code   RO         1126    .text               stm32f4xx_pwr.o
    0x08017410   0x08017410   0x000003a8   Code   RO         1150    .text               stm32f4xx_dma.o
    0x080177b8   0x080177b8   0x000001dc   Code   RO         1174    .text               stm32f4xx_sdio.o
    0x08017994   0x08017994   0x00000464   Code   RO         1198    .text               stm32f4xx_adc.o
    0x08017df8   0x08017df8   0x00000002   Code   RO         1221    .text               c_w.l(use_no_semi_2.o)
    0x08017dfa   0x08017dfa   0x000000ee   Code   RO         1223    .text               c_w.l(lludivv7m.o)
    0x08017ee8   0x08017ee8   0x00000018   Code   RO         1229    .text               c_w.l(noretval__2printf.o)
    0x08017f00   0x08017f00   0x00000028   Code   RO         1231    .text               c_w.l(noretval__2sprintf.o)
    0x08017f28   0x08017f28   0x0000004e   Code   RO         1235    .text               c_w.l(_printf_pad.o)
    0x08017f76   0x08017f76   0x00000052   Code   RO         1237    .text               c_w.l(_printf_str.o)
    0x08017fc8   0x08017fc8   0x00000078   Code   RO         1239    .text               c_w.l(_printf_dec.o)
    0x08018040   0x08018040   0x00000058   Code   RO         1244    .text               c_w.l(_printf_hex_int.o)
    0x08018098   0x08018098   0x00000138   Code   RO         1274    .text               c_w.l(__printf_flags_wp.o)
    0x080181d0   0x080181d0   0x00000024   Code   RO         1288    .text               c_w.l(strstr.o)
    0x080181f4   0x080181f4   0x0000008a   Code   RO         1290    .text               c_w.l(rt_memcpy_v6.o)
    0x0801827e   0x0801827e   0x00000064   Code   RO         1292    .text               c_w.l(rt_memcpy_w.o)
    0x080182e2   0x080182e2   0x0000004e   Code   RO         1294    .text               c_w.l(rt_memclr_w.o)
    0x08018330   0x08018330   0x00000006   Code   RO         1296    .text               c_w.l(heapauxi.o)
    0x08018336   0x08018336   0x00000002   Code   RO         1398    .text               c_w.l(use_no_semi.o)
    0x08018338   0x08018338   0x00000016   Code   RO         1405    .text               c_w.l(_rserrno.o)
    0x0801834e   0x0801834e   0x000000b2   Code   RO         1407    .text               c_w.l(_printf_intcommon.o)
    0x08018400   0x08018400   0x0000041e   Code   RO         1409    .text               c_w.l(_printf_fp_dec.o)
    0x0801881e   0x0801881e   0x00000002   PAD
    0x08018820   0x08018820   0x00000030   Code   RO         1411    .text               c_w.l(_printf_char_common.o)
    0x08018850   0x08018850   0x0000000a   Code   RO         1413    .text               c_w.l(_sputc.o)
    0x0801885a   0x0801885a   0x0000002c   Code   RO         1415    .text               c_w.l(_printf_char.o)
    0x08018886   0x08018886   0x00000002   PAD
    0x08018888   0x08018888   0x00000024   Code   RO         1417    .text               c_w.l(_printf_char_file.o)
    0x080188ac   0x080188ac   0x00000008   Code   RO         1512    .text               c_w.l(rt_locale_intlibspace.o)
    0x080188b4   0x080188b4   0x00000008   Code   RO         1517    .text               c_w.l(rt_errno_addr_intlibspace.o)
    0x080188bc   0x080188bc   0x0000008a   Code   RO         1519    .text               c_w.l(lludiv10.o)
    0x08018946   0x08018946   0x00000002   PAD
    0x08018948   0x08018948   0x00000080   Code   RO         1521    .text               c_w.l(_printf_fp_infnan.o)
    0x080189c8   0x080189c8   0x000000e4   Code   RO         1525    .text               c_w.l(bigflt0.o)
    0x08018aac   0x08018aac   0x00000008   Code   RO         1550    .text               c_w.l(ferror.o)
    0x08018ab4   0x08018ab4   0x00000008   Code   RO         1567    .text               c_w.l(libspace.o)
    0x08018abc   0x08018abc   0x0000004a   Code   RO         1570    .text               c_w.l(sys_stackheap_outer.o)
    0x08018b06   0x08018b06   0x00000012   Code   RO         1572    .text               c_w.l(exit.o)
    0x08018b18   0x08018b18   0x00000080   Code   RO         1578    .text               c_w.l(strcmpv7m.o)
    0x08018b98   0x08018b98   0x0000003e   Code   RO         1528    CL$$btod_d2e        c_w.l(btod.o)
    0x08018bd6   0x08018bd6   0x00000046   Code   RO         1530    CL$$btod_d2e_denorm_low  c_w.l(btod.o)
    0x08018c1c   0x08018c1c   0x00000060   Code   RO         1529    CL$$btod_d2e_norm_op1  c_w.l(btod.o)
    0x08018c7c   0x08018c7c   0x00000338   Code   RO         1538    CL$$btod_div_common  c_w.l(btod.o)
    0x08018fb4   0x08018fb4   0x000000dc   Code   RO         1535    CL$$btod_e2e        c_w.l(btod.o)
    0x08019090   0x08019090   0x0000002a   Code   RO         1532    CL$$btod_ediv       c_w.l(btod.o)
    0x080190ba   0x080190ba   0x0000002a   Code   RO         1531    CL$$btod_emul       c_w.l(btod.o)
    0x080190e4   0x080190e4   0x00000244   Code   RO         1537    CL$$btod_mult_common  c_w.l(btod.o)
    0x08019328   0x08019328   0x00000030   Code   RO         1458    i.__ARM_fpclassify  m_wm.l(fpclassify.o)
    0x08019358   0x08019358   0x00000358   Code   RO         1334    i.__hardfp_acos     m_wm.l(acos.o)
    0x080196b0   0x080196b0   0x000000c8   Code   RO         1348    i.__hardfp_cos      m_wm.l(cos.o)
    0x08019778   0x08019778   0x00000c50   Code   RO         1360    i.__hardfp_pow      m_wm.l(pow.o)
    0x0801a3c8   0x0801a3c8   0x000000c8   Code   RO         1374    i.__hardfp_sin      m_wm.l(sin.o)
    0x0801a490   0x0801a490   0x00000080   Code   RO         1386    i.__hardfp_tan      m_wm.l(tan.o)
    0x0801a510   0x0801a510   0x00000438   Code   RO         1463    i.__ieee754_rem_pio2  m_wm.l(rred.o)
    0x0801a948   0x0801a948   0x00000170   Code   RO         1435    i.__kernel_cos      m_wm.l(cos_i.o)
    0x0801aab8   0x0801aab8   0x000000f8   Code   RO         1460    i.__kernel_poly     m_wm.l(poly.o)
    0x0801abb0   0x0801abb0   0x00000130   Code   RO         1468    i.__kernel_sin      m_wm.l(sin_i.o)
    0x0801ace0   0x0801ace0   0x00000350   Code   RO         1486    i.__kernel_tan      m_wm.l(tan_i.o)
    0x0801b030   0x0801b030   0x00000030   Code   RO         1438    i.__mathlib_dbl_divzero  m_wm.l(dunder.o)
    0x0801b060   0x0801b060   0x00000014   Code   RO         1439    i.__mathlib_dbl_infnan  m_wm.l(dunder.o)
    0x0801b074   0x0801b074   0x00000014   Code   RO         1440    i.__mathlib_dbl_infnan2  m_wm.l(dunder.o)
    0x0801b088   0x0801b088   0x00000020   Code   RO         1441    i.__mathlib_dbl_invalid  m_wm.l(dunder.o)
    0x0801b0a8   0x0801b0a8   0x00000020   Code   RO         1442    i.__mathlib_dbl_overflow  m_wm.l(dunder.o)
    0x0801b0c8   0x0801b0c8   0x00000020   Code   RO         1444    i.__mathlib_dbl_underflow  m_wm.l(dunder.o)
    0x0801b0e8   0x0801b0e8   0x0000000e   Code   RO         1272    i._is_digit         c_w.l(__printf_wp.o)
    0x0801b0f6   0x0801b0f6   0x00000018   Code   RO         1454    i.fabs              m_wm.l(fabs.o)
    0x0801b10e   0x0801b10e   0x0000006e   Code   RO         1476    i.sqrt              m_wm.l(sqrt.o)
    0x0801b17c   0x0801b17c   0x0000002c   Code   RO         1555    locale$$code        c_w.l(lc_numeric_c.o)
    0x0801b1a8   0x0801b1a8   0x00000018   Code   RO         1420    x$fpl$basic         fz_wm.l(basic.o)
    0x0801b1c0   0x0801b1c0   0x00000062   Code   RO         1300    x$fpl$d2f           fz_wm.l(d2f.o)
    0x0801b222   0x0801b222   0x00000002   PAD
    0x0801b224   0x0801b224   0x00000150   Code   RO         1302    x$fpl$dadd          fz_wm.l(daddsub_clz.o)
    0x0801b374   0x0801b374   0x00000010   Code   RO         1557    x$fpl$dcheck1       fz_wm.l(dcheck1.o)
    0x0801b384   0x0801b384   0x00000018   Code   RO         1422    x$fpl$dcmpinf       fz_wm.l(dcmpi.o)
    0x0801b39c   0x0801b39c   0x000002b0   Code   RO         1309    x$fpl$ddiv          fz_wm.l(ddiv.o)
    0x0801b64c   0x0801b64c   0x00000078   Code   RO         1312    x$fpl$deqf          fz_wm.l(deqf.o)
    0x0801b6c4   0x0801b6c4   0x0000005e   Code   RO         1559    x$fpl$dfix          fz_wm.l(dfix.o)
    0x0801b722   0x0801b722   0x00000002   PAD
    0x0801b724   0x0801b724   0x0000005a   Code   RO         1314    x$fpl$dfixu         fz_wm.l(dfixu.o)
    0x0801b77e   0x0801b77e   0x0000002e   Code   RO         1319    x$fpl$dflt          fz_wm.l(dflt_clz.o)
    0x0801b7ac   0x0801b7ac   0x00000026   Code   RO         1318    x$fpl$dfltu         fz_wm.l(dflt_clz.o)
    0x0801b7d2   0x0801b7d2   0x00000002   PAD
    0x0801b7d4   0x0801b7d4   0x00000078   Code   RO         1324    x$fpl$dleqf         fz_wm.l(dleqf.o)
    0x0801b84c   0x0801b84c   0x00000154   Code   RO         1326    x$fpl$dmul          fz_wm.l(dmul.o)
    0x0801b9a0   0x0801b9a0   0x0000009c   Code   RO         1424    x$fpl$dnaninf       fz_wm.l(dnaninf.o)
    0x0801ba3c   0x0801ba3c   0x0000000c   Code   RO         1426    x$fpl$dretinf       fz_wm.l(dretinf.o)
    0x0801ba48   0x0801ba48   0x0000006c   Code   RO         1328    x$fpl$drleqf        fz_wm.l(drleqf.o)
    0x0801bab4   0x0801bab4   0x00000016   Code   RO         1303    x$fpl$drsb          fz_wm.l(daddsub_clz.o)
    0x0801baca   0x0801baca   0x00000002   PAD
    0x0801bacc   0x0801bacc   0x00000198   Code   RO         1563    x$fpl$dsqrt         fz_wm.l(dsqrt_umaal.o)
    0x0801bc64   0x0801bc64   0x000001d4   Code   RO         1304    x$fpl$dsub          fz_wm.l(daddsub_clz.o)
    0x0801be38   0x0801be38   0x00000056   Code   RO         1330    x$fpl$f2d           fz_wm.l(f2d.o)
    0x0801be8e   0x0801be8e   0x0000008c   Code   RO         1428    x$fpl$fnaninf       fz_wm.l(fnaninf.o)
    0x0801bf1a   0x0801bf1a   0x0000000a   Code   RO         1643    x$fpl$fpinit        fz_wm.l(fpinit.o)
    0x0801bf24   0x0801bf24   0x0000000a   Code   RO         1430    x$fpl$fretinf       fz_wm.l(fretinf.o)
    0x0801bf2e   0x0801bf2e   0x00000004   Code   RO         1332    x$fpl$printf1       fz_wm.l(printf1.o)
    0x0801bf32   0x0801bf32   0x00000064   Code   RO         1631    x$fpl$retnan        fz_wm.l(retnan.o)
    0x0801bf96   0x0801bf96   0x0000005c   Code   RO         1432    x$fpl$scalbn        fz_wm.l(scalbn.o)
    0x0801bff2   0x0801bff2   0x00000030   Code   RO         1645    x$fpl$trapveneer    fz_wm.l(trapv.o)
    0x0801c022   0x0801c022   0x00000000   Code   RO         1434    x$fpl$usenofp       fz_wm.l(usenofp.o)
    0x0801c022   0x0801c022   0x00000200   Data   RO          430    .constdata          modbus.o
    0x0801c222   0x0801c222   0x00000028   Data   RO         1245    .constdata          c_w.l(_printf_hex_int.o)
    0x0801c24a   0x0801c24a   0x00000011   Data   RO         1275    .constdata          c_w.l(__printf_flags_wp.o)
    0x0801c25b   0x0801c25b   0x00000005   PAD
    0x0801c260   0x0801c260   0x00000050   Data   RO         1337    .constdata          m_wm.l(acos.o)
    0x0801c2b0   0x0801c2b0   0x00000088   Data   RO         1363    .constdata          m_wm.l(pow.o)
    0x0801c338   0x0801c338   0x00000030   Data   RO         1436    .constdata          m_wm.l(cos_i.o)
    0x0801c368   0x0801c368   0x00000008   Data   RO         1462    .constdata          m_wm.l(qnan.o)
    0x0801c370   0x0801c370   0x000000c8   Data   RO         1465    .constdata          m_wm.l(rred.o)
    0x0801c438   0x0801c438   0x00000028   Data   RO         1469    .constdata          m_wm.l(sin_i.o)
    0x0801c460   0x0801c460   0x00000060   Data   RO         1487    .constdata          m_wm.l(tan_i.o)
    0x0801c4c0   0x0801c4c0   0x00000094   Data   RO         1526    .constdata          c_w.l(bigflt0.o)
    0x0801c554   0x0801c554   0x00000020   Data   RO         1710    Region$$Table       anon$$obj.o
    0x0801c574   0x0801c574   0x0000001c   Data   RO         1554    locale$$data        c_w.l(lc_numeric_c.o)


    Execution Region RW_IRAM1 (Exec base: 0x20000000, Load base: 0x0801c590, Size: 0x00007060, Max: 0x00020000, ABSOLUTE)

    Exec Addr    Load Addr    Size         Type   Attr      Idx    E Section Name        Object

    0x20000000   0x0801c590   0x00000023   Data   RW            7    .data               main.o
    0x20000023   0x0801c5b3   0x00000001   PAD
    0x20000024   0x0801c5b4   0x00000014   Data   RW          209    .data               system_stm32f4xx.o
    0x20000038   0x0801c5c8   0x00000001   Data   RW          317    .data               rs485.o
    0x20000039   0x0801c5c9   0x00000003   PAD
    0x2000003c   0x0801c5cc   0x00000044   Data   RW          348    .data               lcd.o
    0x20000080   0x0801c610   0x00000004   Data   RW          399    .data               timer.o
    0x20000084   0x0801c614   0x00000040   Data   RW          431    .data               modbus.o
    0x200000c4   0x0801c654   0x0000000d   Data   RW          466    .data               ec20.o
    0x200000d1   0x0801c661   0x00000001   PAD
    0x200000d2   0x0801c662   0x00000005   Data   RW          553    .data               hc08.o
    0x200000d7   0x0801c667   0x00000006   Data   RW          606    .data               liuqueue.o
    0x200000dd   0x0801c66d   0x00000003   PAD
    0x200000e0   0x0801c670   0x00000010   Data   RW          625    .data               sdio_sdcard.o
    0x200000f0   0x0801c680   0x00000006   Data   RW          737    .data               sdhandle.o
    0x200000f6   0x0801c686   0x00000004   Data   RW          767    .data               delay.o
    0x200000fa   0x0801c68a   0x00000002   PAD
    0x200000fc   0x0801c68c   0x00000008   Data   RW          816    .data               usart.o
    0x20000104   0x0801c694   0x00000010   Data   RW          930    .data               stm32f4xx_rcc.o
    0x20000114   0x0801c6a4   0x00000004   PAD
    0x20000118        -       0x00000a0c   Zero   RW            5    .bss                main.o
    0x20000b24        -       0x00000080   Zero   RW          316    .bss                rs485.o
    0x20000ba4        -       0x00000638   Zero   RW          465    .bss                ec20.o
    0x200011dc        -       0x00001000   Zero   RW          552    .bss                hc08.o
    0x200021dc        -       0x00000100   Zero   RW          605    .bss                liuqueue.o
    0x200022dc   0x0801c6a4   0x00000004   PAD
    0x200022e0        -       0x000002c0   Zero   RW          624    .bss                sdio_sdcard.o
    0x200025a0        -       0x0000005c   Zero   RW          736    .bss                sdhandle.o
    0x200025fc        -       0x00000800   Zero   RW          815    .bss                usart.o
    0x20002dfc        -       0x00000060   Zero   RW         1568    .bss                c_w.l(libspace.o)
    0x20002e5c   0x0801c6a4   0x00000004   PAD
    0x20002e60        -       0x00000200   Zero   RW          845    HEAP                startup_stm32f40_41xxx.o
    0x20003060        -       0x00004000   Zero   RW          844    STACK               startup_stm32f40_41xxx.o


==============================================================================

Image component sizes


      Code (inc. data)   RO Data    RW Data    ZI Data      Debug   Object Name

       508         12          0          0          0       1884   adc.o
       260          8          0          4          0       1445   delay.o
      5568        726          0         13       1592      13377   ec20.o
      1480         74          0          0          0       2216   handlewater.o
     11028        534          0          5       4096      12463   hc08.o
        44          0          0          0          0        682   iwdg.o
       216          6          0          0          0        816   key.o
      2064         30          0         68          0       7164   lcd.o
      4536        834          0          0          0       5900   lcdhandle.o
       308         34          0          6        256       2247   liuqueue.o
      1248        114          0         35       2572     345867   main.o
       224         20          0          0          0       1785   misc.o
      1464        120        512         64          0       6028   modbus.o
      5976        182          0          0          0      16759   protocol.o
       548         36          0          1        128       2834   rs485.o
      5416        108          0          6         92      10339   sdhandle.o
      7468        274          0         16        704      25085   sdio_sdcard.o
        64         26        392          0      16896        820   startup_stm32f40_41xxx.o
      1124         24          0          0          0      10654   stm32f4xx_adc.o
       936         32          0          0          0       6365   stm32f4xx_dma.o
       660         44          0          0          0       4129   stm32f4xx_gpio.o
        26          0          0          0          0       1206   stm32f4xx_it.o
        64          6          0          0          0       1329   stm32f4xx_iwdg.o
       364         12          0          0          0       3775   stm32f4xx_pwr.o
      1628         52          0         16          0      12984   stm32f4xx_rcc.o
      3432         44          0          0          0      15404   stm32f4xx_rtc.o
       476         16          0          0          0       7388   stm32f4xx_sdio.o
      3234         60          0          0          0      22984   stm32f4xx_tim.o
      1108         34          0          0          0       7852   stm32f4xx_usart.o
        16          0          0          0          0        476   sys.o
       528         46          0         20          0       1731   system_stm32f4xx.o
      2068         88          0          4          0       4340   timer.o
       328         20          0          8       2048       3580   usart.o

    ----------------------------------------------------------------------
     64416       3616        936        276      28392     561908   Object Totals
         0          0         32          0          0          0   (incl. Generated)
         4          0          0         10          8          0   (incl. Padding)

    ----------------------------------------------------------------------

      Code (inc. data)   RO Data    RW Data    ZI Data      Debug   Library Member Name

         8          0          0          0          0         68   __main.o
       312          4         17          0          0         92   __printf_flags_wp.o
        14          0          0          0          0         68   __printf_wp.o
         0          0          0          0          0          0   __rtentry.o
        12          0          0          0          0          0   __rtentry2.o
         6          0          0          0          0          0   __rtentry4.o
        52          8          0          0          0          0   __scatter.o
        26          0          0          0          0          0   __scatter_copy.o
        28          0          0          0          0          0   __scatter_zi.o
        44          0          0          0          0        108   _printf_char.o
        48          6          0          0          0         96   _printf_char_common.o
        36          4          0          0          0         80   _printf_char_file.o
         6          0          0          0          0          0   _printf_d.o
       120         16          0          0          0         92   _printf_dec.o
         6          0          0          0          0          0   _printf_f.o
      1054          0          0          0          0        216   _printf_fp_dec.o
       128         16          0          0          0         84   _printf_fp_infnan.o
        88          4         40          0          0         88   _printf_hex_int.o
       178          0          0          0          0         88   _printf_intcommon.o
        78          0          0          0          0        108   _printf_pad.o
         0          0          0          0          0          0   _printf_percent.o
         4          0          0          0          0          0   _printf_percent_end.o
         6          0          0          0          0          0   _printf_s.o
        82          0          0          0          0         80   _printf_str.o
         6          0          0          0          0          0   _printf_u.o
         6          0          0          0          0          0   _printf_x.o
        22          0          0          0          0        100   _rserrno.o
        10          0          0          0          0         68   _sputc.o
       228          4        148          0          0         96   bigflt0.o
      1936        128          0          0          0        672   btod.o
        18          0          0          0          0         80   exit.o
         8          0          0          0          0         68   ferror.o
         6          0          0          0          0        152   heapauxi.o
        44         10         28          0          0         76   lc_numeric_c.o
         2          0          0          0          0          0   libinit.o
        22          0          0          0          0          0   libinit2.o
         2          0          0          0          0          0   libshutdown.o
         2          0          0          0          0          0   libshutdown2.o
         8          4          0          0         96         68   libspace.o
       138          0          0          0          0         80   lludiv10.o
       238          0          0          0          0        100   lludivv7m.o
        24          4          0          0          0         84   noretval__2printf.o
        40          6          0          0          0         84   noretval__2sprintf.o
         8          4          0          0          0         68   rt_errno_addr_intlibspace.o
         8          4          0          0          0         68   rt_locale_intlibspace.o
        78          0          0          0          0         80   rt_memclr_w.o
       138          0          0          0          0         68   rt_memcpy_v6.o
       100          0          0          0          0         80   rt_memcpy_w.o
         2          0          0          0          0          0   rtexit.o
        10          0          0          0          0          0   rtexit2.o
       128          0          0          0          0         68   strcmpv7m.o
        36          0          0          0          0         80   strstr.o
        74          0          0          0          0         80   sys_stackheap_outer.o
         2          0          0          0          0         68   use_no_semi.o
         2          0          0          0          0         68   use_no_semi_2.o
        24          0          0          0          0        164   basic.o
        98          4          0          0          0        140   d2f.o
       826         16          0          0          0        492   daddsub_clz.o
        16          4          0          0          0        116   dcheck1.o
        24          0          0          0          0        116   dcmpi.o
       688        140          0          0          0        256   ddiv.o
       120          4          0          0          0        140   deqf.o
        94          4          0          0          0        140   dfix.o
        90          4          0          0          0        140   dfixu.o
        84          0          0          0          0        232   dflt_clz.o
       120          4          0          0          0        140   dleqf.o
       340         12          0          0          0        152   dmul.o
       156          4          0          0          0        140   dnaninf.o
        12          0          0          0          0        116   dretinf.o
       108          0          0          0          0        128   drleqf.o
       408         56          0          0          0        168   dsqrt_umaal.o
        86          4          0          0          0        132   f2d.o
       140          4          0          0          0        132   fnaninf.o
        10          0          0          0          0        116   fpinit.o
        10          0          0          0          0        116   fretinf.o
         4          0          0          0          0        116   printf1.o
       100          0          0          0          0        116   retnan.o
        92          0          0          0          0        116   scalbn.o
        48          0          0          0          0        116   trapv.o
         0          0          0          0          0          0   usenofp.o
       856        118         80          0          0        288   acos.o
       200         20          0          0          0        164   cos.o
       368         46         48          0          0        200   cos_i.o
       184         44          0          0          0        744   dunder.o
        24          0          0          0          0        124   fabs.o
        48          0          0          0          0        124   fpclassify.o
       248          0          0          0          0        152   poly.o
      3152        296        136          0          0        352   pow.o
         0          0          8          0          0          0   qnan.o
      1080        142        200          0          0        188   rred.o
       200         20          0          0          0        164   sin.o
       304         24         40          0          0        208   sin_i.o
       110          0          0          0          0        148   sqrt.o
       128         20          0          0          0        144   tan.o
       848         84         96          0          0        196   tan_i.o

    ----------------------------------------------------------------------
     17146       1296        846          0        100      10660   Library Totals
        16          0          5          0          4          0   (incl. Padding)

    ----------------------------------------------------------------------

      Code (inc. data)   RO Data    RW Data    ZI Data      Debug   Library Name

      5682        222        233          0         96       3724   c_w.l
      3698        260          0          0          0       3740   fz_wm.l
      7750        814        608          0          0       3196   m_wm.l

    ----------------------------------------------------------------------
     17146       1296        846          0        100      10660   Library Totals

    ----------------------------------------------------------------------

==============================================================================


      Code (inc. data)   RO Data    RW Data    ZI Data      Debug   

     81562       4912       1782        276      28492     557688   Grand Totals
     81562       4912       1782        276      28492     557688   ELF Image Totals
     81562       4912       1782        276          0          0   ROM Totals

==============================================================================

    Total RO  Size (Code + RO Data)                83344 (  81.39kB)
    Total RW  Size (RW Data + ZI Data)             28768 (  28.09kB)
    Total ROM Size (Code + RO Data + RW Data)      83620 (  81.66kB)

==============================================================================

